Archive member included because of file (symbol)

/Users/toxygen/Applications/yagarto-4.7.2/bin/../lib/gcc/arm-none-eabi/4.7.2/../../../../arm-none-eabi/lib/thumb/v7m/libc.a(lib_a-memcpy-stub.o)
                              build/obj/microshell2.o (memcpy)
/Users/toxygen/Applications/yagarto-4.7.2/bin/../lib/gcc/arm-none-eabi/4.7.2/../../../../arm-none-eabi/lib/thumb/v7m/libc.a(lib_a-memmove.o)
                              build/obj/microrl.o (memmove)
/Users/toxygen/Applications/yagarto-4.7.2/bin/../lib/gcc/arm-none-eabi/4.7.2/../../../../arm-none-eabi/lib/thumb/v7m/libc.a(lib_a-memset.o)
                              build/obj/usb.o (memset)
/Users/toxygen/Applications/yagarto-4.7.2/bin/../lib/gcc/arm-none-eabi/4.7.2/../../../../arm-none-eabi/lib/thumb/v7m/libc.a(lib_a-strcasecmp.o)
                              build/obj/shell.o (strcasecmp)
/Users/toxygen/Applications/yagarto-4.7.2/bin/../lib/gcc/arm-none-eabi/4.7.2/../../../../arm-none-eabi/lib/thumb/v7m/libc.a(lib_a-strchr.o)
                              build/obj/shell.o (strchr)
/Users/toxygen/Applications/yagarto-4.7.2/bin/../lib/gcc/arm-none-eabi/4.7.2/../../../../arm-none-eabi/lib/thumb/v7m/libc.a(lib_a-strcmp.o)
                              build/obj/microshell2.o (strcmp)
/Users/toxygen/Applications/yagarto-4.7.2/bin/../lib/gcc/arm-none-eabi/4.7.2/../../../../arm-none-eabi/lib/thumb/v7m/libc.a(lib_a-strlen.o)
                              build/obj/microshell2.o (strlen)
/Users/toxygen/Applications/yagarto-4.7.2/bin/../lib/gcc/arm-none-eabi/4.7.2/../../../../arm-none-eabi/lib/thumb/v7m/libc.a(lib_a-strspn.o)
                              build/obj/shell.o (strspn)
/Users/toxygen/Applications/yagarto-4.7.2/bin/../lib/gcc/arm-none-eabi/4.7.2/../../../../arm-none-eabi/lib/thumb/v7m/libc.a(lib_a-strstr.o)
                              build/obj/microshell2.o (strstr)
/Users/toxygen/Applications/yagarto-4.7.2/bin/../lib/gcc/arm-none-eabi/4.7.2/../../../../arm-none-eabi/lib/thumb/v7m/libc.a(lib_a-ctype_.o)
                              /Users/toxygen/Applications/yagarto-4.7.2/bin/../lib/gcc/arm-none-eabi/4.7.2/../../../../arm-none-eabi/lib/thumb/v7m/libc.a(lib_a-strcasecmp.o) (__ctype_ptr__)
/Users/toxygen/Applications/yagarto-4.7.2/bin/../lib/gcc/arm-none-eabi/4.7.2/../../../../arm-none-eabi/lib/thumb/v7m/libc.a(lib_a-memchr-stub.o)
                              /Users/toxygen/Applications/yagarto-4.7.2/bin/../lib/gcc/arm-none-eabi/4.7.2/../../../../arm-none-eabi/lib/thumb/v7m/libc.a(lib_a-strstr.o) (memchr)
/Users/toxygen/Applications/yagarto-4.7.2/bin/../lib/gcc/arm-none-eabi/4.7.2/../../../../arm-none-eabi/lib/thumb/v7m/libc.a(lib_a-memcmp.o)
                              /Users/toxygen/Applications/yagarto-4.7.2/bin/../lib/gcc/arm-none-eabi/4.7.2/../../../../arm-none-eabi/lib/thumb/v7m/libc.a(lib_a-strstr.o) (memcmp)

Discarded input sections

 .text          0x0000000000000000        0x0 build/obj/crt0.o
 .data          0x0000000000000000        0x0 build/obj/crt0.o
 .bss           0x0000000000000000        0x0 build/obj/crt0.o
 .text.__early_init
                0x0000000000000000       0x10 build/obj/crt0.o
 .text          0x0000000000000000        0x0 build/obj/vectors.o
 .data          0x0000000000000000        0x0 build/obj/vectors.o
 .bss           0x0000000000000000        0x0 build/obj/vectors.o
 .text          0x0000000000000000        0x0 build/obj/chcore.o
 .data          0x0000000000000000        0x0 build/obj/chcore.o
 .bss           0x0000000000000000        0x0 build/obj/chcore.o
 .text          0x0000000000000000        0x0 build/obj/chcore_v7m.o
 .data          0x0000000000000000        0x0 build/obj/chcore_v7m.o
 .bss           0x0000000000000000        0x0 build/obj/chcore_v7m.o
 .text          0x0000000000000000        0x0 build/obj/nvic.o
 .data          0x0000000000000000        0x0 build/obj/nvic.o
 .bss           0x0000000000000000        0x0 build/obj/nvic.o
 .text.nvicDisableVector
                0x0000000000000000       0x40 build/obj/nvic.o
 .text          0x0000000000000000        0x0 build/obj/chsys.o
 .data          0x0000000000000000        0x0 build/obj/chsys.o
 .bss           0x0000000000000000        0x0 build/obj/chsys.o
 .text          0x0000000000000000        0x0 build/obj/chdebug.o
 .data          0x0000000000000000        0x0 build/obj/chdebug.o
 .bss           0x0000000000000000        0x0 build/obj/chdebug.o
 .text.dbg_check_disable
                0x0000000000000000       0x30 build/obj/chdebug.o
 .text.dbg_check_suspend
                0x0000000000000000       0x30 build/obj/chdebug.o
 .text          0x0000000000000000        0x0 build/obj/chlists.o
 .data          0x0000000000000000        0x0 build/obj/chlists.o
 .bss           0x0000000000000000        0x0 build/obj/chlists.o
 .debug_info    0x0000000000000000       0x72 build/obj/chlists.o
 .debug_abbrev  0x0000000000000000       0x26 build/obj/chlists.o
 .debug_aranges
                0x0000000000000000       0x18 build/obj/chlists.o
[...]
Memory Configuration

Name             Origin             Length             Attributes
flash            0x0000000008000000 0x0000000000080000
ram              0x0000000020000000 0x0000000000010000
*default*        0x0000000000000000 0xffffffffffffffff

Linker script and memory map

LOAD build/obj/crt0.o
LOAD build/obj/vectors.o
LOAD build/obj/chcore.o
LOAD build/obj/chcore_v7m.o
LOAD build/obj/nvic.o
LOAD build/obj/chsys.o
LOAD build/obj/chdebug.o
LOAD build/obj/chlists.o
LOAD build/obj/chvt.o
LOAD build/obj/chschd.o
LOAD build/obj/chthreads.o
LOAD build/obj/chdynamic.o
LOAD build/obj/chregistry.o
LOAD build/obj/chsem.o
LOAD build/obj/chmtx.o
LOAD build/obj/chcond.o
LOAD build/obj/chevents.o
LOAD build/obj/chmsg.o
LOAD build/obj/chmboxes.o
LOAD build/obj/chqueues.o
LOAD build/obj/chmemcore.o
LOAD build/obj/chheap.o
LOAD build/obj/chmempools.o
LOAD build/obj/test.o
LOAD build/obj/testthd.o
LOAD build/obj/testsem.o
LOAD build/obj/testmtx.o
LOAD build/obj/testmsg.o
LOAD build/obj/testmbox.o
LOAD build/obj/testevt.o
LOAD build/obj/testheap.o
LOAD build/obj/testpools.o
LOAD build/obj/testdyn.o
LOAD build/obj/testqueues.o
LOAD build/obj/testbmk.o
LOAD build/obj/hal.o
LOAD build/obj/adc.o
LOAD build/obj/can.o
LOAD build/obj/ext.o
LOAD build/obj/gpt.o
LOAD build/obj/i2c.o
LOAD build/obj/icu.o
LOAD build/obj/mac.o
LOAD build/obj/pal.o
LOAD build/obj/pwm.o
LOAD build/obj/sdc.o
LOAD build/obj/serial.o
LOAD build/obj/spi.o
LOAD build/obj/uart.o
LOAD build/obj/usb.o
LOAD build/obj/tm.o
LOAD build/obj/mmc_spi.o
LOAD build/obj/serial_usb.o
LOAD build/obj/rtc.o
LOAD build/obj/stm32_dma.o
LOAD build/obj/hal_lld.o
LOAD build/obj/adc_lld.o
LOAD build/obj/can_lld.o
LOAD build/obj/ext_lld.o
LOAD build/obj/gpt_lld.o
LOAD build/obj/i2c_lld.o
LOAD build/obj/icu_lld.o
LOAD build/obj/mac_lld.o
LOAD build/obj/pwm_lld.o
LOAD build/obj/serial_lld.o
LOAD build/obj/sdc_lld.o
LOAD build/obj/spi_lld.o
LOAD build/obj/uart_lld.o
LOAD build/obj/pal_lld.o
LOAD build/obj/usb_lld.o
LOAD build/obj/rtc_lld.o
LOAD build/obj/board.o
LOAD build/obj/shell.o
LOAD build/obj/chprintf.o
LOAD build/obj/microshell2.o
LOAD build/obj/microusb.o
LOAD build/obj/microrl.o
LOAD build/obj/main.o
LOAD /Users/toxygen/Applications/yagarto-4.7.2/bin/../lib/gcc/arm-none-eabi/4.7.2/../../../../arm-none-eabi/lib/thumb/v7m/libc.a
START GROUP
LOAD /Users/toxygen/Applications/yagarto-4.7.2/bin/../lib/gcc/arm-none-eabi/4.7.2/thumb/v7m/libgcc.a
LOAD /Users/toxygen/Applications/yagarto-4.7.2/bin/../lib/gcc/arm-none-eabi/4.7.2/../../../../arm-none-eabi/lib/thumb/v7m/libc.a
END GROUP
                0x0000000000000400                __main_stack_size__ = 0x400
                0x0000000000000400                __process_stack_size__ = 0x400
                0x0000000020000000                __ram_start__ = ORIGIN (ram)
                0x0000000000010000                __ram_size__ = 0x10000
                0x0000000020010000                __ram_end__ = (__ram_start__ + __ram_size__)
                0x0000000000000000                . = 0x0
                0x0000000000000000                _text = .

startup         0x0000000008000000      0x130
 *(vectors)
 vectors        0x0000000008000000      0x130 build/obj/vectors.o
                0x0000000008000000                _vectors

constructors    0x0000000008000130        0x0
                0x0000000008000130                PROVIDE (__init_array_start, .)
 *(SORT(.init_array.*))
 *(.init_array)
                0x0000000008000130                PROVIDE (__init_array_end, .)

destructors     0x0000000008000130        0x0
                0x0000000008000130                PROVIDE (__fini_array_start, .)
 *(.fini_array)
 *(SORT(.fini_array.*))
                0x0000000008000130                PROVIDE (__fini_array_end, .)

.text           0x0000000008000130     0x4a30
 *(.text.startup.*)
 .text.startup.main
                0x0000000008000130       0x70 build/obj/main.o
                0x0000000008000130                main
 *(.text)
 .text          0x00000000080001a0       0x94 /Users/toxygen/Applications/yagarto-4.7.2/bin/../lib/gcc/arm-none-eabi/4.7.2/../../../../arm-none-eabi/lib/thumb/v7m/libc.a(lib_a-memcpy-stub.o)
                0x00000000080001a0                memcpy
 *fill*         0x0000000008000234        0xc 
 .text          0x0000000008000240       0xbc /Users/toxygen/Applications/yagarto-4.7.2/bin/../lib/gcc/arm-none-eabi/4.7.2/../../../../arm-none-eabi/lib/thumb/v7m/libc.a(lib_a-memmove.o)
                0x0000000008000240                memmove
 *fill*         0x00000000080002fc        0x4 
 .text          0x0000000008000300       0x98 /Users/toxygen/Applications/yagarto-4.7.2/bin/../lib/gcc/arm-none-eabi/4.7.2/../../../../arm-none-eabi/lib/thumb/v7m/libc.a(lib_a-memset.o)
                0x0000000008000300                memset
 *fill*         0x0000000008000398        0x8 
 .text          0x00000000080003a0      0x100 /Users/toxygen/Applications/yagarto-4.7.2/bin/../lib/gcc/arm-none-eabi/4.7.2/../../../../arm-none-eabi/lib/thumb/v7m/libc.a(lib_a-strchr.o)
                0x00000000080003a0                strchr
 .text          0x00000000080004a0      0x1dc /Users/toxygen/Applications/yagarto-4.7.2/bin/../lib/gcc/arm-none-eabi/4.7.2/../../../../arm-none-eabi/lib/thumb/v7m/libc.a(lib_a-strcmp.o)
                0x00000000080004a0                strcmp
 *fill*         0x000000000800067c        0x4 
 .text          0x0000000008000680       0x60 /Users/toxygen/Applications/yagarto-4.7.2/bin/../lib/gcc/arm-none-eabi/4.7.2/../../../../arm-none-eabi/lib/thumb/v7m/libc.a(lib_a-strlen.o)
                0x0000000008000680                strlen
 .text          0x00000000080006e0      0x4f0 /Users/toxygen/Applications/yagarto-4.7.2/bin/../lib/gcc/arm-none-eabi/4.7.2/../../../../arm-none-eabi/lib/thumb/v7m/libc.a(lib_a-strstr.o)
                0x00000000080009c0                strstr
 .text          0x0000000008000bd0       0x94 /Users/toxygen/Applications/yagarto-4.7.2/bin/../lib/gcc/arm-none-eabi/4.7.2/../../../../arm-none-eabi/lib/thumb/v7m/libc.a(lib_a-memchr-stub.o)
                0x0000000008000bd0                memchr
 *fill*         0x0000000008000c64        0xc 
 .text          0x0000000008000c70       0x64 /Users/toxygen/Applications/yagarto-4.7.2/bin/../lib/gcc/arm-none-eabi/4.7.2/../../../../arm-none-eabi/lib/thumb/v7m/libc.a(lib_a-memcmp.o)
                0x0000000008000c70                memcmp
 *(.text.*)
 *fill*         0x0000000008000cd4        0xc 
 .text.__late_init
                0x0000000008000ce0       0x10 build/obj/crt0.o
                0x0000000008000ce0                __late_init
 .text._default_exit
                0x0000000008000cf0       0x10 build/obj/crt0.o
                0x0000000008000cf0                _default_exit
 .text.ResetHandler
                0x0000000008000d00      0x120 build/obj/crt0.o
                0x0000000008000d00                ResetHandler
 .text._unhandled_exception
                0x0000000008000e20       0x10 build/obj/vectors.o
                0x0000000008000e20                Vector20
                0x0000000008000e20                VectorE8
                0x0000000008000e20                Vector9C
                0x0000000008000e20                VectorAC
                0x0000000008000e20                Vector5C
                0x0000000008000e20                NMIVector
                0x0000000008000e20                Vector11C
                0x0000000008000e20                VectorDC
                0x0000000008000e20                Vector110
                0x0000000008000e20                Vector120
                0x0000000008000e20                VectorC8
                0x0000000008000e20                Vector94
                0x0000000008000e20                VectorA8
                0x0000000008000e20                VectorB4
                0x0000000008000e20                Vector74
                0x0000000008000e20                VectorEC
                0x0000000008000e20                UsageFaultVector
                0x0000000008000e20                DebugMonitorVector
                0x0000000008000e20                Vector40
                0x0000000008000e20                VectorF8
                0x0000000008000e20                Vector108
                0x0000000008000e20                VectorBC
                0x0000000008000e20                Vector124
                0x0000000008000e20                PendSVVector
                0x0000000008000e20                Vector118
                0x0000000008000e20                Vector64
                0x0000000008000e20                VectorCC
                0x0000000008000e20                Vector54
                0x0000000008000e20                Vector98
                0x0000000008000e20                VectorD8
                0x0000000008000e20                Vector24
                0x0000000008000e20                Vector84
                0x0000000008000e20                BusFaultVector
                0x0000000008000e20                VectorD0
                0x0000000008000e20                VectorE4
                0x0000000008000e20                VectorC0
                0x0000000008000e20                HardFaultVector
                0x0000000008000e20                VectorF0
                0x0000000008000e20                Vector12C
                0x0000000008000e20                Vector100
                0x0000000008000e20                VectorE0
                0x0000000008000e20                VectorF4
                0x0000000008000e20                MemManageVector
                0x0000000008000e20                Vector6C
                0x0000000008000e20                VectorA0
                0x0000000008000e20                VectorC4
                0x0000000008000e20                Vector7C
                0x0000000008000e20                VectorB0
                0x0000000008000e20                Vector114
                0x0000000008000e20                Vector60
                0x0000000008000e20                Vector1C
                0x0000000008000e20                Vector48
                0x0000000008000e20                Vector70
                0x0000000008000e20                VectorD4
                0x0000000008000e20                Vector4C
                0x0000000008000e20                Vector80
                0x0000000008000e20                Vector68
                0x0000000008000e20                Vector78
                0x0000000008000e20                _unhandled_exception
                0x0000000008000e20                Vector88
                0x0000000008000e20                Vector104
                0x0000000008000e20                Vector10C
                0x0000000008000e20                Vector50
                0x0000000008000e20                Vector44
                0x0000000008000e20                Vector28
                0x0000000008000e20                VectorB8
                0x0000000008000e20                VectorFC
                0x0000000008000e20                Vector34
                0x0000000008000e20                Vector128
                0x0000000008000e20                VectorA4
                0x0000000008000e20                Vector58
 .text.port_halt
                0x0000000008000e30       0x10 build/obj/chcore.o
                0x0000000008000e30                port_halt
 .text._port_switch_from_isr
                0x0000000008000e40       0x10 build/obj/chcore_v7m.o
                0x0000000008000e40                _port_switch_from_isr
 .text.SVCallVector
                0x0000000008000e50       0x20 build/obj/chcore_v7m.o
                0x0000000008000e50                SVCallVector
 .text._port_init
                0x0000000008000e70       0x40 build/obj/chcore_v7m.o
                0x0000000008000e70                _port_init
 .text._port_irq_epilogue
                0x0000000008000eb0       0x80 build/obj/chcore_v7m.o
                0x0000000008000eb0                _port_irq_epilogue
 .text.SysTickVector
                0x0000000008000f30       0x30 build/obj/chcore_v7m.o
                0x0000000008000f30                SysTickVector
 .text._port_switch
                0x0000000008000f60       0x10 build/obj/chcore_v7m.o
                0x0000000008000f60                _port_switch
 .text._port_thread_start
                0x0000000008000f70       0x20 build/obj/chcore_v7m.o
                0x0000000008000f70                _port_thread_start
 .text.nvicEnableVector
                0x0000000008000f90       0x50 build/obj/nvic.o
                0x0000000008000f90                nvicEnableVector
 .text.nvicSetSystemHandlerPriority
                0x0000000008000fe0       0x30 build/obj/nvic.o
                0x0000000008000fe0                nvicSetSystemHandlerPriority
 .text._idle_thread
                0x0000000008001010       0x20 build/obj/chsys.o
                0x0000000008001010                _idle_thread
 .text.chSysInit
                0x0000000008001030       0x80 build/obj/chsys.o
                0x0000000008001030                chSysInit
 .text.chSysTimerHandlerI
                0x00000000080010b0       0x50 build/obj/chsys.o
                0x00000000080010b0                chSysTimerHandlerI
 .text.dbg_check_enable
                0x0000000008001100       0x30 build/obj/chdebug.o
                0x0000000008001100                dbg_check_enable
 .text.dbg_check_lock
                0x0000000008001130       0x30 build/obj/chdebug.o
                0x0000000008001130                dbg_check_lock
 .text.dbg_check_unlock
                0x0000000008001160       0x40 build/obj/chdebug.o
                0x0000000008001160                dbg_check_unlock
 .text.dbg_check_lock_from_isr
                0x00000000080011a0       0x30 build/obj/chdebug.o
                0x00000000080011a0                dbg_check_lock_from_isr
 .text.dbg_check_unlock_from_isr
                0x00000000080011d0       0x40 build/obj/chdebug.o
                0x00000000080011d0                dbg_check_unlock_from_isr
 .text.dbg_check_enter_isr
                0x0000000008001210       0x40 build/obj/chdebug.o
                0x0000000008001210                dbg_check_enter_isr
 .text.dbg_check_leave_isr
                0x0000000008001250       0x40 build/obj/chdebug.o
                0x0000000008001250                dbg_check_leave_isr
 .text.chDbgCheckClassI
                0x0000000008001290       0x30 build/obj/chdebug.o
                0x0000000008001290                chDbgCheckClassI
 .text.chDbgCheckClassS
                0x00000000080012c0       0x30 build/obj/chdebug.o
                0x00000000080012c0                chDbgCheckClassS
 .text._trace_init
                0x00000000080012f0       0x20 build/obj/chdebug.o
                0x00000000080012f0                _trace_init
 .text.dbg_trace
                0x0000000008001310       0x40 build/obj/chdebug.o
                0x0000000008001310                dbg_trace
 .text.chDbgPanic
                0x0000000008001350       0x10 build/obj/chdebug.o
                0x0000000008001350                chDbgPanic
 .text._vt_init
                0x0000000008001360       0x20 build/obj/chvt.o
                0x0000000008001360                _vt_init
 .text.chVTSetI
                0x0000000008001380       0x60 build/obj/chvt.o
                0x0000000008001380                chVTSetI
 .text.chVTResetI
                0x00000000080013e0       0x50 build/obj/chvt.o
                0x00000000080013e0                chVTResetI
 .text._scheduler_init
                0x0000000008001430       0x20 build/obj/chschd.o
                0x0000000008001430                _scheduler_init
 .text.chSchReadyI
                0x0000000008001450       0x40 build/obj/chschd.o
                0x0000000008001450                chSchReadyI
 .text.wakeup   0x0000000008001490       0x40 build/obj/chschd.o
 .text.chSchGoSleepS
                0x00000000080014d0       0x50 build/obj/chschd.o
                0x00000000080014d0                chSchGoSleepS
 .text.chSchGoSleepTimeoutS
                0x0000000008001520       0x50 build/obj/chschd.o
                0x0000000008001520                chSchGoSleepTimeoutS
 .text.chSchWakeupS
                0x0000000008001570       0x60 build/obj/chschd.o
                0x0000000008001570                chSchWakeupS
 .text.chSchDoReschedule
                0x00000000080015d0       0x50 build/obj/chschd.o
                0x00000000080015d0                chSchDoReschedule
 .text._thread_init
                0x0000000008001620       0x60 build/obj/chthreads.o
                0x0000000008001620                _thread_init
 .text.chThdCreateI
                0x0000000008001680       0xa0 build/obj/chthreads.o
                0x0000000008001680                chThdCreateI
 .text.chThdCreateStatic
                0x0000000008001720       0x70 build/obj/chthreads.o
                0x0000000008001720                chThdCreateStatic
 .text.chThdSleep
                0x0000000008001790       0x30 build/obj/chthreads.o
                0x0000000008001790                chThdSleep
 .text.chThdExitS
                0x00000000080017c0       0x50 build/obj/chthreads.o
                0x00000000080017c0                chThdExitS
 .text.chThdExit
                0x0000000008001810       0x20 build/obj/chthreads.o
                0x0000000008001810                chThdExit
 .text.chMtxInit
                0x0000000008001830       0x20 build/obj/chmtx.o
                0x0000000008001830                chMtxInit
 .text.chEvtSignalFlagsI
                0x0000000008001850       0x50 build/obj/chevents.o
                0x0000000008001850                chEvtSignalFlagsI
 .text.chEvtBroadcastFlagsI
                0x00000000080018a0       0x30 build/obj/chevents.o
                0x00000000080018a0                chEvtBroadcastFlagsI
 .text.qwait    0x00000000080018d0       0x30 build/obj/chqueues.o
 .text.chIQInit
                0x0000000008001900       0x20 build/obj/chqueues.o
                0x0000000008001900                chIQInit
 .text.chIQGetTimeout
                0x0000000008001920       0x60 build/obj/chqueues.o
                0x0000000008001920                chIQGetTimeout
 .text.chIQReadTimeout
                0x0000000008001980       0xa0 build/obj/chqueues.o
                0x0000000008001980                chIQReadTimeout
 .text.chOQInit
                0x0000000008001a20       0x20 build/obj/chqueues.o
                0x0000000008001a20                chOQInit
 .text.chOQPutTimeout
                0x0000000008001a40       0x70 build/obj/chqueues.o
                0x0000000008001a40                chOQPutTimeout
 .text.chOQWriteTimeout
                0x0000000008001ab0       0xa0 build/obj/chqueues.o
                0x0000000008001ab0                chOQWriteTimeout
 .text._core_init
                0x0000000008001b50       0x30 build/obj/chmemcore.o
                0x0000000008001b50                _core_init
 .text.chCoreAllocI
                0x0000000008001b80       0x30 build/obj/chmemcore.o
                0x0000000008001b80                chCoreAllocI
 .text.chCoreAlloc
                0x0000000008001bb0       0x30 build/obj/chmemcore.o
                0x0000000008001bb0                chCoreAlloc
 .text._heap_init
                0x0000000008001be0       0x20 build/obj/chheap.o
                0x0000000008001be0                _heap_init
 .text.halInit  0x0000000008001c00       0x30 build/obj/hal.o
                0x0000000008001c00                halInit
 .text.set_address
                0x0000000008001c30       0x30 build/obj/usb.o
 .text.usbInit  0x0000000008001c60       0x10 build/obj/usb.o
                0x0000000008001c60                usbInit
 .text.usbObjectInit
                0x0000000008001c70       0x10 build/obj/usb.o
                0x0000000008001c70                usbObjectInit
 .text.usbStart
                0x0000000008001c80       0x60 build/obj/usb.o
                0x0000000008001c80                usbStart
 .text.usbInitEndpointI
                0x0000000008001ce0       0xa0 build/obj/usb.o
                0x0000000008001ce0                usbInitEndpointI
 .text.usbStartReceiveI
                0x0000000008001d80       0x40 build/obj/usb.o
                0x0000000008001d80                usbStartReceiveI
 .text.usbStartTransmitI
                0x0000000008001dc0       0x40 build/obj/usb.o
                0x0000000008001dc0                usbStartTransmitI
 .text._usb_reset
                0x0000000008001e00       0x40 build/obj/usb.o
                0x0000000008001e00                _usb_reset
 .text._usb_ep0setup
                0x0000000008001e40      0x2d0 build/obj/usb.o
                0x0000000008001e40                _usb_ep0setup
 .text._usb_ep0in
                0x0000000008002110       0x90 build/obj/usb.o
                0x0000000008002110                _usb_ep0in
 .text._usb_ep0out
                0x00000000080021a0       0x70 build/obj/usb.o
                0x00000000080021a0                _usb_ep0out
 .text.tm_start
                0x0000000008002210       0x10 build/obj/tm.o
 .text.tm_stop  0x0000000008002220       0x30 build/obj/tm.o
 .text.tmInit   0x0000000008002250       0x50 build/obj/tm.o
                0x0000000008002250                tmInit
 .text.putwouldblock
                0x00000000080022a0       0x10 build/obj/serial_usb.o
 .text.getwouldblock
                0x00000000080022b0       0x10 build/obj/serial_usb.o
 .text.getflags
                0x00000000080022c0       0x30 build/obj/serial_usb.o
 .text.onotify  0x00000000080022f0       0x90 build/obj/serial_usb.o
 .text.inotify  0x0000000008002380       0x80 build/obj/serial_usb.o
 .text.readt    0x0000000008002400       0x10 build/obj/serial_usb.o
 .text.reads    0x0000000008002410       0x10 build/obj/serial_usb.o
 .text.writet   0x0000000008002420       0x10 build/obj/serial_usb.o
 .text.writes   0x0000000008002430       0x10 build/obj/serial_usb.o
 .text.gett     0x0000000008002440       0x10 build/obj/serial_usb.o
 .text.putt     0x0000000008002450       0x10 build/obj/serial_usb.o
 .text.sduInit  0x0000000008002460       0x10 build/obj/serial_usb.o
                0x0000000008002460                sduInit
 .text.sduObjectInit
                0x0000000008002470       0x50 build/obj/serial_usb.o
                0x0000000008002470                sduObjectInit
 .text.sduStart
                0x00000000080024c0       0x60 build/obj/serial_usb.o
                0x00000000080024c0                sduStart
 .text.sduRequestsHook
                0x0000000008002520       0x40 build/obj/serial_usb.o
                0x0000000008002520                sduRequestsHook
 .text.sduDataTransmitted
                0x0000000008002560       0x90 build/obj/serial_usb.o
                0x0000000008002560                sduDataTransmitted
 .text.sduDataReceived
                0x00000000080025f0       0x90 build/obj/serial_usb.o
                0x00000000080025f0                sduDataReceived
 .text.sduInterruptTransmitted
                0x0000000008002680       0x10 build/obj/serial_usb.o
                0x0000000008002680                sduInterruptTransmitted
 .text.hal_lld_init
                0x0000000008002690       0x80 build/obj/hal_lld.o
                0x0000000008002690                hal_lld_init
 .text.stm32_clock_init
                0x0000000008002710       0xb0 build/obj/hal_lld.o
                0x0000000008002710                stm32_clock_init
 .text._pal_lld_init
                0x00000000080027c0       0xb0 build/obj/pal_lld.o
                0x00000000080027c0                _pal_lld_init
 .text.Vector8C
                0x0000000008002870       0x20 build/obj/usb_lld.o
                0x0000000008002870                Vector8C
 .text.usb_lld_init
                0x0000000008002890       0x10 build/obj/usb_lld.o
                0x0000000008002890                usb_lld_init
 .text.usb_lld_start
                0x00000000080028a0       0x50 build/obj/usb_lld.o
                0x00000000080028a0                usb_lld_start
 .text.usb_lld_set_address
                0x00000000080028f0       0x20 build/obj/usb_lld.o
                0x00000000080028f0                usb_lld_set_address
 .text.usb_lld_init_endpoint
                0x0000000008002910      0x100 build/obj/usb_lld.o
                0x0000000008002910                usb_lld_init_endpoint
 .text.usb_lld_reset
                0x0000000008002a10       0x40 build/obj/usb_lld.o
                0x0000000008002a10                usb_lld_reset
 .text.usb_lld_get_status_out
                0x0000000008002a50       0x20 build/obj/usb_lld.o
                0x0000000008002a50                usb_lld_get_status_out
 .text.usb_lld_get_status_in
                0x0000000008002a70       0x20 build/obj/usb_lld.o
                0x0000000008002a70                usb_lld_get_status_in
 .text.usb_lld_read_setup
                0x0000000008002a90       0x40 build/obj/usb_lld.o
                0x0000000008002a90                usb_lld_read_setup
 .text.usb_lld_read_packet_buffer
                0x0000000008002ad0       0x50 build/obj/usb_lld.o
                0x0000000008002ad0                usb_lld_read_packet_buffer
 .text.usb_lld_write_packet_buffer
                0x0000000008002b20       0x50 build/obj/usb_lld.o
                0x0000000008002b20                usb_lld_write_packet_buffer
 .text.Vector90
                0x0000000008002b70      0x280 build/obj/usb_lld.o
                0x0000000008002b70                Vector90
 .text.usb_lld_prepare_receive
                0x0000000008002df0       0x30 build/obj/usb_lld.o
                0x0000000008002df0                usb_lld_prepare_receive
 .text.usb_lld_prepare_transmit
                0x0000000008002e20       0x20 build/obj/usb_lld.o
                0x0000000008002e20                usb_lld_prepare_transmit
 .text.usb_lld_start_out
                0x0000000008002e40       0x20 build/obj/usb_lld.o
                0x0000000008002e40                usb_lld_start_out
 .text.usb_lld_start_in
                0x0000000008002e60       0x20 build/obj/usb_lld.o
                0x0000000008002e60                usb_lld_start_in
 .text.usb_lld_stall_out
                0x0000000008002e80       0x20 build/obj/usb_lld.o
                0x0000000008002e80                usb_lld_stall_out
 .text.usb_lld_stall_in
                0x0000000008002ea0       0x20 build/obj/usb_lld.o
                0x0000000008002ea0                usb_lld_stall_in
 .text.usb_lld_clear_out
                0x0000000008002ec0       0x30 build/obj/usb_lld.o
                0x0000000008002ec0                usb_lld_clear_out
 .text.usb_lld_clear_in
                0x0000000008002ef0       0x30 build/obj/usb_lld.o
                0x0000000008002ef0                usb_lld_clear_in
 .text.__early_init
                0x0000000008002f20       0x10 build/obj/board.o
                0x0000000008002f20                __early_init
 .text.boardInit
                0x0000000008002f30       0x10 build/obj/board.o
                0x0000000008002f30                boardInit
 .text.ltoa     0x0000000008002f40       0x50 build/obj/chprintf.o
 .text.chprintf
                0x0000000008002f90      0x2e0 build/obj/chprintf.o
                0x0000000008002f90                chprintf
 .text.complete
                0x0000000008003270       0xc0 build/obj/microshell2.o
                0x0000000008003270                complete
 .text.sigint   0x0000000008003330       0x10 build/obj/microshell2.o
                0x0000000008003330                sigint
 .text.print    0x0000000008003340       0x20 build/obj/microshell2.o
                0x0000000008003340                print
 .text.print_help
                0x0000000008003360       0x60 build/obj/microshell2.o
                0x0000000008003360                print_help
 .text.execute  0x00000000080033c0      0x190 build/obj/microshell2.o
                0x00000000080033c0                execute
 .text.start_shell
                0x0000000008003550       0x50 build/obj/microshell2.o
                0x0000000008003550                start_shell
 .text.get_descriptor
                0x00000000080035a0       0x40 build/obj/microusb.o
 .text.usb_event
                0x00000000080035e0       0x50 build/obj/microusb.o
 .text.init_usb
                0x0000000008003630       0x30 build/obj/microusb.o
                0x0000000008003630                init_usb
 .text.split    0x0000000008003660       0x60 build/obj/microrl.o
 .text.u16bit_to_str
                0x00000000080036c0       0x60 build/obj/microrl.o
 .text.terminal_reset_cursor
                0x0000000008003720       0x70 build/obj/microrl.o
 .text.terminal_move_cursor
                0x0000000008003790       0x70 build/obj/microrl.o
 .text.terminal_print_line
                0x0000000008003800       0x70 build/obj/microrl.o
 .text.hist_search
                0x0000000008003870       0xf0 build/obj/microrl.o
 .text.microrl_backspace.part.0
                0x0000000008003960       0x50 build/obj/microrl.o
 .text.microrl_insert_text
                0x00000000080039b0       0x80 build/obj/microrl.o
 .text.microrl_init
                0x0000000008003a30       0x60 build/obj/microrl.o
                0x0000000008003a30                microrl_init
 .text.microrl_set_complete_callback
                0x0000000008003a90       0x10 build/obj/microrl.o
                0x0000000008003a90                microrl_set_complete_callback
 .text.microrl_set_execute_callback
                0x0000000008003aa0       0x10 build/obj/microrl.o
                0x0000000008003aa0                microrl_set_execute_callback
 .text.microrl_set_sigint_callback
                0x0000000008003ab0       0x10 build/obj/microrl.o
                0x0000000008003ab0                microrl_set_sigint_callback
 .text.new_line_handler
                0x0000000008003ac0      0x140 build/obj/microrl.o
                0x0000000008003ac0                new_line_handler
 .text.mlab_sigint
                0x0000000008003c00       0x40 build/obj/microrl.o
                0x0000000008003c00                mlab_sigint
 .text.microrl_insert_char
                0x0000000008003c40      0x430 build/obj/microrl.o
                0x0000000008003c40                microrl_insert_char
 .text.Thread1  0x0000000008004070       0x40 build/obj/main.o
 .text.shell    0x00000000080040b0       0x20 build/obj/main.o
 *(.rodata)
 *(.rodata.*)
 .rodata.str1.4
                0x00000000080040d0        0x5 build/obj/chsys.o
                                          0x8 (size before relaxing)
 *fill*         0x00000000080040d5        0xb 
 .rodata.str1.4
                0x00000000080040e0       0x56 build/obj/chdebug.o
                                         0x58 (size before relaxing)
 *fill*         0x0000000008004136        0xa 
 .rodata.str1.4
                0x0000000008004140       0x31 build/obj/chvt.o
                                         0x34 (size before relaxing)
 *fill*         0x0000000008004171        0xf 
 .rodata.str1.4
                0x0000000008004180       0x23 build/obj/chschd.o
                                         0x24 (size before relaxing)
 *fill*         0x00000000080041a3        0xd 
 .rodata.str1.4
                0x00000000080041b0       0x94 build/obj/chthreads.o
 *fill*         0x0000000008004244        0xc 
 .rodata.ch_debug
                0x0000000008004250       0x18 build/obj/chregistry.o
                0x0000000008004250                ch_debug
 *fill*         0x0000000008004268        0x8 
 .rodata.str1.4
                0x0000000008004270       0xab build/obj/chmtx.o
                                         0xac (size before relaxing)
 *fill*         0x000000000800431b        0x5 
 .rodata.str1.4
                0x0000000008004320       0x90 build/obj/chevents.o
 .rodata.str1.4
                0x00000000080043b0       0x29 build/obj/chqueues.o
                                         0x2c (size before relaxing)
 *fill*         0x00000000080043d9        0x7 
 .rodata.zero_status
                0x00000000080043e0        0x4 build/obj/usb.o
 *fill*         0x00000000080043e4        0xc 
 .rodata.active_status
                0x00000000080043f0        0x4 build/obj/usb.o
 *fill*         0x00000000080043f4        0xc 
 .rodata.str1.4
                0x0000000008004400      0x122 build/obj/usb.o
                                        0x124 (size before relaxing)
 *fill*         0x0000000008004522        0xe 
 .rodata.halted_status
                0x0000000008004530        0x4 build/obj/usb.o
 *fill*         0x0000000008004534        0xc 
 .rodata.str1.4
                0x0000000008004540       0x3a build/obj/serial_usb.o
                                         0x3c (size before relaxing)
 *fill*         0x000000000800457a        0x6 
 .rodata.vmt    0x0000000008004580       0x24 build/obj/serial_usb.o
 *fill*         0x00000000080045a4        0xc 
 .rodata.CSWTCH.16
                0x00000000080045b0       0x14 build/obj/usb_lld.o
 *fill*         0x00000000080045c4        0xc 
 .rodata.CSWTCH.10
                0x00000000080045d0        0x8 build/obj/usb_lld.o
 *fill*         0x00000000080045d8        0x8 
 .rodata.str1.4
                0x00000000080045e0        0xf build/obj/usb_lld.o
                                         0x10 (size before relaxing)
 *fill*         0x00000000080045ef        0x1 
 .rodata.ep0config
                0x00000000080045f0       0x1c build/obj/usb_lld.o
 *fill*         0x000000000800460c        0x4 
 .rodata.pal_default_config
                0x0000000008004610       0x54 build/obj/board.o
                0x0000000008004610                pal_default_config
 *fill*         0x0000000008004664        0xc 
 .rodata.str1.4
                0x0000000008004670        0x7 build/obj/chprintf.o
                                          0x8 (size before relaxing)
 *fill*         0x0000000008004677        0x9 
 .rodata.str1.4
                0x0000000008004680      0x2b5 build/obj/microshell2.o
                                        0x2bc (size before relaxing)
 *fill*         0x0000000008004935        0xb 
 .rodata.ep1config
                0x0000000008004940       0x1c build/obj/microusb.o
 *fill*         0x000000000800495c        0x4 
 .rodata.vcom_configuration_descriptor_data
                0x0000000008004960       0x44 build/obj/microusb.o
 *fill*         0x00000000080049a4        0xc 
 .rodata.vcom_configuration_descriptor
                0x00000000080049b0        0x8 build/obj/microusb.o
 *fill*         0x00000000080049b8        0x8 
 .rodata.ep2config
                0x00000000080049c0       0x1c build/obj/microusb.o
 *fill*         0x00000000080049dc        0x4 
 .rodata.vcom_device_descriptor_data
                0x00000000080049e0       0x14 build/obj/microusb.o
 *fill*         0x00000000080049f4        0xc 
 .rodata.ep3config
                0x0000000008004a00       0x1c build/obj/microusb.o
 *fill*         0x0000000008004a1c        0x4 
 .rodata.vcom_string0
                0x0000000008004a20        0x4 build/obj/microusb.o
 *fill*         0x0000000008004a24        0xc 
 .rodata.vcom_string1
                0x0000000008004a30       0x28 build/obj/microusb.o
 *fill*         0x0000000008004a58        0x8 
 .rodata.vcom_string2
                0x0000000008004a60       0x38 build/obj/microusb.o
 *fill*         0x0000000008004a98        0x8 
 .rodata.vcom_string3
                0x0000000008004aa0        0x8 build/obj/microusb.o
 *fill*         0x0000000008004aa8        0x8 
 .rodata.vcom_strings
                0x0000000008004ab0       0x20 build/obj/microusb.o
 .rodata.serusbcfg
                0x0000000008004ad0       0x14 build/obj/microusb.o
 *fill*         0x0000000008004ae4        0xc 
 .rodata.vcom_device_descriptor
                0x0000000008004af0        0x8 build/obj/microusb.o
 *fill*         0x0000000008004af8        0x8 
 .rodata.str1.4
                0x0000000008004b00       0x43 build/obj/microrl.o
                                         0x58 (size before relaxing)
 *fill*         0x0000000008004b43        0xd 
 .rodata.str1.4
                0x0000000008004b50       0x10 build/obj/main.o
 *(.glue_7t)
 .glue_7t       0x0000000000000000        0x0 linker stubs
 *(.glue_7)
 .glue_7        0x0000000000000000        0x0 linker stubs
 *(.gcc*)

.vfp11_veneer   0x0000000008004b60        0x0
 .vfp11_veneer  0x0000000000000000        0x0 linker stubs

.v4_bx          0x0000000008004b60        0x0
 .v4_bx         0x0000000000000000        0x0 linker stubs

.iplt           0x0000000008004b60        0x0
 .iplt          0x0000000000000000        0x0 build/obj/crt0.o

.rel.dyn        0x0000000008004b60        0x0
 .rel.iplt      0x0000000000000000        0x0 build/obj/crt0.o

.ARM.extab
 *(.ARM.extab* .gnu.linkonce.armextab.*)

.ARM.exidx      0x0000000008004b60        0x0
                0x0000000008004b60                PROVIDE (__exidx_start, .)
 *(.ARM.exidx* .gnu.linkonce.armexidx.*)
                0x0000000008004b60                PROVIDE (__exidx_end, .)

.eh_frame_hdr
 *(.eh_frame_hdr)

.eh_frame
 *(.eh_frame)

.textalign      0x0000000008004b60        0x0
                0x0000000008004b60                . = ALIGN (0x8)
                0x0000000008004b60                _etext = .
                0x0000000008004b60                _textdata = _etext

.stacks         0x0000000020000000      0x800
                0x0000000020000000                . = ALIGN (0x8)
                0x0000000020000000                __main_stack_base__ = .
                0x0000000020000400                . = (. + __main_stack_size__)
 *fill*         0x0000000020000000      0x400 
                0x0000000020000400                . = ALIGN (0x8)
                0x0000000020000400                __main_stack_end__ = .
                0x0000000020000400                __process_stack_base__ = .
                0x0000000020000400                __main_thread_stack_base__ = .
                0x0000000020000800                . = (. + __process_stack_size__)
 *fill*         0x0000000020000400      0x400 
                0x0000000020000800                . = ALIGN (0x8)
                0x0000000020000800                __process_stack_end__ = .
                0x0000000020000800                __main_thread_stack_end__ = .

.data           0x0000000020000800       0x2c load address 0x0000000008004b60
                0x0000000020000800                . = ALIGN (0x4)
                0x0000000020000800                PROVIDE (_data, .)
 *(.data)
                0x0000000020000800                . = ALIGN (0x4)
 *(.data.*)
 .data.linecoding
                0x0000000020000800        0x8 build/obj/serial_usb.o
 .data.ver_keyworld
                0x0000000020000808        0x8 build/obj/microshell2.o
                0x0000000020000808                ver_keyworld
 .data.keyworld
                0x0000000020000810       0x18 build/obj/microshell2.o
                0x0000000020000810                keyworld
 .data.prompt_default
                0x0000000020000828        0x4 build/obj/microrl.o
                0x0000000020000828                prompt_default
                0x000000002000082c                . = ALIGN (0x4)
 *(.ramtext)
                0x000000002000082c                . = ALIGN (0x4)
                0x000000002000082c                PROVIDE (_edata, .)

.igot.plt       0x000000002000082c        0x0 load address 0x0000000008004b8c
 .igot.plt      0x0000000000000000        0x0 build/obj/crt0.o

.bss            0x0000000020000830     0x10c8 load address 0x0000000008004b90
                0x0000000020000830                . = ALIGN (0x4)
                0x0000000020000830                PROVIDE (_bss_start, .)
 *(.bss)
                0x0000000020000830                . = ALIGN (0x4)
 *(.bss.*)
 .bss.mainthread.4860
                0x0000000020000830       0x4c build/obj/chsys.o
 *fill*         0x000000002000087c        0x4 
 .bss._idle_thread_wa
                0x0000000020000880       0xc0 build/obj/chsys.o
                0x0000000020000880                _idle_thread_wa
 .bss.dbg_isr_cnt
                0x0000000020000940        0x4 build/obj/chdebug.o
                0x0000000020000940                dbg_isr_cnt
 .bss.dbg_trace_buffer
                0x0000000020000944      0x408 build/obj/chdebug.o
                0x0000000020000944                dbg_trace_buffer
 .bss.dbg_lock_cnt
                0x0000000020000d4c        0x4 build/obj/chdebug.o
                0x0000000020000d4c                dbg_lock_cnt
 .bss.dbg_panic_msg
                0x0000000020000d50        0x4 build/obj/chdebug.o
                0x0000000020000d50                dbg_panic_msg
 .bss.vtlist    0x0000000020000d54       0x10 build/obj/chvt.o
                0x0000000020000d54                vtlist
 .bss.rlist     0x0000000020000d64       0x20 build/obj/chschd.o
                0x0000000020000d64                rlist
 .bss.endmem    0x0000000020000d84        0x4 build/obj/chmemcore.o
 .bss.nextmem   0x0000000020000d88        0x4 build/obj/chmemcore.o
 *fill*         0x0000000020000d8c        0x4 
 .bss.default_heap
                0x0000000020000d90       0x20 build/obj/chheap.o
 .bss.measurement_offset
                0x0000000020000db0        0x4 build/obj/tm.o
 .bss.USBD1     0x0000000020000db4       0x50 build/obj/usb_lld.o
                0x0000000020000db4                USBD1
 .bss.ep0_state
                0x0000000020000e04       0x10 build/obj/usb_lld.o
 .bss.compl_world
                0x0000000020000e14       0x1c build/obj/microshell2.o
                0x0000000020000e14                compl_world
 .bss.name      0x0000000020000e30        0x8 build/obj/microshell2.o
                0x0000000020000e30                name
 .bss.SDU1      0x0000000020000e38       0xd4 build/obj/microusb.o
                0x0000000020000e38                SDU1
 .bss.seq.4997  0x0000000020000f0c        0x4 build/obj/microrl.o
 .bss.tmpch     0x0000000020000f10        0x4 build/obj/microrl.o
 .bss.escape.5041
                0x0000000020000f14        0x4 build/obj/microrl.o
 .bss.waThread1
                0x0000000020000f18      0x130 build/obj/main.o
 .bss.waShell   0x0000000020001048      0x8b0 build/obj/main.o
                0x00000000200018f8                . = ALIGN (0x4)
 *(COMMON)
                0x00000000200018f8                . = ALIGN (0x4)
                0x00000000200018f8                PROVIDE (_bss_end, .)
                0x00000000200018f8                PROVIDE (end, .)
                0x00000000200018f8                _end = .
                0x00000000200018f8                __heap_base__ = _end
                0x0000000020010000                __heap_end__ = __ram_end__
OUTPUT(build/ch.elf elf32-littlearm)

.debug_info     0x0000000000000000    0x1227b
 .debug_info    0x0000000000000000      0x2b3 build/obj/crt0.o
 .debug_info    0x00000000000002b3      0x1e9 build/obj/vectors.o
 .debug_info    0x000000000000049c       0x93 build/obj/chcore.o
 .debug_info    0x000000000000052f      0x940 build/obj/chcore_v7m.o
 .debug_info    0x0000000000000e6f      0x44e build/obj/nvic.o
 .debug_info    0x00000000000012bd      0x8da build/obj/chsys.o
 .debug_info    0x0000000000001b97      0x9e6 build/obj/chdebug.o
 .debug_info    0x000000000000257d      0x2ed build/obj/chvt.o
 .debug_info    0x000000000000286a      0x9e8 build/obj/chschd.o
 .debug_info    0x0000000000003252      0xebc build/obj/chthreads.o
 .debug_info    0x000000000000410e      0x723 build/obj/chregistry.o
 .debug_info    0x0000000000004831      0xbb9 build/obj/chmtx.o
 .debug_info    0x00000000000053ea      0xfad build/obj/chevents.o
 .debug_info    0x0000000000006397      0xd90 build/obj/chqueues.o
 .debug_info    0x0000000000007127      0x234 build/obj/chmemcore.o
 .debug_info    0x000000000000735b      0x785 build/obj/chheap.o
 .debug_info    0x0000000000007ae0      0x393 build/obj/hal.o
 .debug_info    0x0000000000007e73     0x11af build/obj/usb.o
 .debug_info    0x0000000000009022      0x2eb build/obj/tm.o
 .debug_info    0x000000000000930d     0x1abe build/obj/serial_usb.o
 .debug_info    0x000000000000adcb      0x3b3 build/obj/hal_lld.o
 .debug_info    0x000000000000b17e      0x3af build/obj/pal_lld.o
 .debug_info    0x000000000000b52d     0x117e build/obj/usb_lld.o
 .debug_info    0x000000000000c6ab      0x1b6 build/obj/board.o
 .debug_info    0x000000000000c861      0x4a2 build/obj/chprintf.o
 .debug_info    0x000000000000cd03     0x1621 build/obj/microshell2.o
 .debug_info    0x000000000000e324      0xfe6 build/obj/microusb.o
 .debug_info    0x000000000000f30a     0x126e build/obj/microrl.o
 .debug_info    0x0000000000010578      0xf6a build/obj/main.o
 .debug_info    0x00000000000114e2      0x136 /Users/toxygen/Applications/yagarto-4.7.2/bin/../lib/gcc/arm-none-eabi/4.7.2/../../../../arm-none-eabi/lib/thumb/v7m/libc.a(lib_a-memcpy-stub.o)
 .debug_info    0x0000000000011618      0x136 /Users/toxygen/Applications/yagarto-4.7.2/bin/../lib/gcc/arm-none-eabi/4.7.2/../../../../arm-none-eabi/lib/thumb/v7m/libc.a(lib_a-memmove.o)
 .debug_info    0x000000000001174e      0x11c /Users/toxygen/Applications/yagarto-4.7.2/bin/../lib/gcc/arm-none-eabi/4.7.2/../../../../arm-none-eabi/lib/thumb/v7m/libc.a(lib_a-memset.o)
 .debug_info    0x000000000001186a      0x11b /Users/toxygen/Applications/yagarto-4.7.2/bin/../lib/gcc/arm-none-eabi/4.7.2/../../../../arm-none-eabi/lib/thumb/v7m/libc.a(lib_a-strchr.o)
 .debug_info    0x0000000000011985       0xf0 /Users/toxygen/Applications/yagarto-4.7.2/bin/../lib/gcc/arm-none-eabi/4.7.2/../../../../arm-none-eabi/lib/thumb/v7m/libc.a(lib_a-strcmp.o)
 .debug_info    0x0000000000011a75       0xb9 /Users/toxygen/Applications/yagarto-4.7.2/bin/../lib/gcc/arm-none-eabi/4.7.2/../../../../arm-none-eabi/lib/thumb/v7m/libc.a(lib_a-strlen.o)
 .debug_info    0x0000000000011b2e      0x507 /Users/toxygen/Applications/yagarto-4.7.2/bin/../lib/gcc/arm-none-eabi/4.7.2/../../../../arm-none-eabi/lib/thumb/v7m/libc.a(lib_a-strstr.o)
 .debug_info    0x0000000000012035      0x12e /Users/toxygen/Applications/yagarto-4.7.2/bin/../lib/gcc/arm-none-eabi/4.7.2/../../../../arm-none-eabi/lib/thumb/v7m/libc.a(lib_a-memchr-stub.o)
 .debug_info    0x0000000000012163      0x118 /Users/toxygen/Applications/yagarto-4.7.2/bin/../lib/gcc/arm-none-eabi/4.7.2/../../../../arm-none-eabi/lib/thumb/v7m/libc.a(lib_a-memcmp.o)

.debug_abbrev   0x0000000000000000     0x44b9
 .debug_abbrev  0x0000000000000000       0xdc build/obj/crt0.o
 .debug_abbrev  0x00000000000000dc       0xb1 build/obj/vectors.o
 .debug_abbrev  0x000000000000018d       0x44 build/obj/chcore.o
 .debug_abbrev  0x00000000000001d1      0x1fe build/obj/chcore_v7m.o
 .debug_abbrev  0x00000000000003cf       0xf2 build/obj/nvic.o
 .debug_abbrev  0x00000000000004c1      0x20d build/obj/chsys.o
 .debug_abbrev  0x00000000000006ce      0x246 build/obj/chdebug.o
 .debug_abbrev  0x0000000000000914      0x188 build/obj/chvt.o
 .debug_abbrev  0x0000000000000a9c      0x2ee build/obj/chschd.o
 .debug_abbrev  0x0000000000000d8a      0x367 build/obj/chthreads.o
 .debug_abbrev  0x00000000000010f1      0x1ab build/obj/chregistry.o
 .debug_abbrev  0x000000000000129c      0x2d3 build/obj/chmtx.o
 .debug_abbrev  0x000000000000156f      0x2c2 build/obj/chevents.o
 .debug_abbrev  0x0000000000001831      0x350 build/obj/chqueues.o
 .debug_abbrev  0x0000000000001b81      0x12e build/obj/chmemcore.o
 .debug_abbrev  0x0000000000001caf      0x21b build/obj/chheap.o
 .debug_abbrev  0x0000000000001eca      0x1c1 build/obj/hal.o
 .debug_abbrev  0x000000000000208b      0x330 build/obj/usb.o
 .debug_abbrev  0x00000000000023bb      0x19c build/obj/tm.o
 .debug_abbrev  0x0000000000002557      0x3f3 build/obj/serial_usb.o
 .debug_abbrev  0x000000000000294a       0xfc build/obj/hal_lld.o
 .debug_abbrev  0x0000000000002a46      0x13b build/obj/pal_lld.o
 .debug_abbrev  0x0000000000002b81      0x433 build/obj/usb_lld.o
 .debug_abbrev  0x0000000000002fb4       0xe5 build/obj/board.o
 .debug_abbrev  0x0000000000003099      0x186 build/obj/chprintf.o
 .debug_abbrev  0x000000000000321f      0x2dc build/obj/microshell2.o
 .debug_abbrev  0x00000000000034fb      0x2c5 build/obj/microusb.o
 .debug_abbrev  0x00000000000037c0      0x41e build/obj/microrl.o
 .debug_abbrev  0x0000000000003bde      0x23c build/obj/main.o
 .debug_abbrev  0x0000000000003e1a       0xab /Users/toxygen/Applications/yagarto-4.7.2/bin/../lib/gcc/arm-none-eabi/4.7.2/../../../../arm-none-eabi/lib/thumb/v7m/libc.a(lib_a-memcpy-stub.o)
 .debug_abbrev  0x0000000000003ec5       0xab /Users/toxygen/Applications/yagarto-4.7.2/bin/../lib/gcc/arm-none-eabi/4.7.2/../../../../arm-none-eabi/lib/thumb/v7m/libc.a(lib_a-memmove.o)
 .debug_abbrev  0x0000000000003f70       0x9f /Users/toxygen/Applications/yagarto-4.7.2/bin/../lib/gcc/arm-none-eabi/4.7.2/../../../../arm-none-eabi/lib/thumb/v7m/libc.a(lib_a-memset.o)
 .debug_abbrev  0x000000000000400f       0x83 /Users/toxygen/Applications/yagarto-4.7.2/bin/../lib/gcc/arm-none-eabi/4.7.2/../../../../arm-none-eabi/lib/thumb/v7m/libc.a(lib_a-strchr.o)
 .debug_abbrev  0x0000000000004092       0x8c /Users/toxygen/Applications/yagarto-4.7.2/bin/../lib/gcc/arm-none-eabi/4.7.2/../../../../arm-none-eabi/lib/thumb/v7m/libc.a(lib_a-strcmp.o)
 .debug_abbrev  0x000000000000411e       0x70 /Users/toxygen/Applications/yagarto-4.7.2/bin/../lib/gcc/arm-none-eabi/4.7.2/../../../../arm-none-eabi/lib/thumb/v7m/libc.a(lib_a-strlen.o)
 .debug_abbrev  0x000000000000418e      0x1f2 /Users/toxygen/Applications/yagarto-4.7.2/bin/../lib/gcc/arm-none-eabi/4.7.2/../../../../arm-none-eabi/lib/thumb/v7m/libc.a(lib_a-strstr.o)
 .debug_abbrev  0x0000000000004380       0xba /Users/toxygen/Applications/yagarto-4.7.2/bin/../lib/gcc/arm-none-eabi/4.7.2/../../../../arm-none-eabi/lib/thumb/v7m/libc.a(lib_a-memchr-stub.o)
 .debug_abbrev  0x000000000000443a       0x7f /Users/toxygen/Applications/yagarto-4.7.2/bin/../lib/gcc/arm-none-eabi/4.7.2/../../../../arm-none-eabi/lib/thumb/v7m/libc.a(lib_a-memcmp.o)

.debug_aranges  0x0000000000000000      0xa20
 .debug_aranges
                0x0000000000000000       0x38 build/obj/crt0.o
 .debug_aranges
                0x0000000000000038       0x20 build/obj/vectors.o
 .debug_aranges
                0x0000000000000058       0x20 build/obj/chcore.o
 .debug_aranges
                0x0000000000000078       0x50 build/obj/chcore_v7m.o
 .debug_aranges
                0x00000000000000c8       0x30 build/obj/nvic.o
 .debug_aranges
                0x00000000000000f8       0x30 build/obj/chsys.o
 .debug_aranges
                0x0000000000000128       0x88 build/obj/chdebug.o
 .debug_aranges
                0x00000000000001b0       0x38 build/obj/chvt.o
 .debug_aranges
                0x00000000000001e8       0x58 build/obj/chschd.o
 .debug_aranges
                0x0000000000000240       0x80 build/obj/chthreads.o
 .debug_aranges
                0x00000000000002c0       0x28 build/obj/chregistry.o
 .debug_aranges
                0x00000000000002e8       0x58 build/obj/chmtx.o
 .debug_aranges
                0x0000000000000340       0x90 build/obj/chevents.o
 .debug_aranges
                0x00000000000003d0       0x70 build/obj/chqueues.o
 .debug_aranges
                0x0000000000000440       0x38 build/obj/chmemcore.o
 .debug_aranges
                0x0000000000000478       0x40 build/obj/chheap.o
 .debug_aranges
                0x00000000000004b8       0x30 build/obj/hal.o
 .debug_aranges
                0x00000000000004e8       0x90 build/obj/usb.o
 .debug_aranges
                0x0000000000000578       0x38 build/obj/tm.o
 .debug_aranges
                0x00000000000005b0       0xb0 build/obj/serial_usb.o
 .debug_aranges
                0x0000000000000660       0x28 build/obj/hal_lld.o
 .debug_aranges
                0x0000000000000688       0x28 build/obj/pal_lld.o
 .debug_aranges
                0x00000000000006b0       0xc8 build/obj/usb_lld.o
 .debug_aranges
                0x0000000000000778       0x28 build/obj/board.o
 .debug_aranges
                0x00000000000007a0       0x28 build/obj/chprintf.o
 .debug_aranges
                0x00000000000007c8       0x48 build/obj/microshell2.o
 .debug_aranges
                0x0000000000000810       0x30 build/obj/microusb.o
 .debug_aranges
                0x0000000000000840       0x90 build/obj/microrl.o
 .debug_aranges
                0x00000000000008d0       0x30 build/obj/main.o
 .debug_aranges
                0x0000000000000900       0x20 /Users/toxygen/Applications/yagarto-4.7.2/bin/../lib/gcc/arm-none-eabi/4.7.2/../../../../arm-none-eabi/lib/thumb/v7m/libc.a(lib_a-memcpy-stub.o)
 .debug_aranges
                0x0000000000000920       0x20 /Users/toxygen/Applications/yagarto-4.7.2/bin/../lib/gcc/arm-none-eabi/4.7.2/../../../../arm-none-eabi/lib/thumb/v7m/libc.a(lib_a-memmove.o)
 .debug_aranges
                0x0000000000000940       0x20 /Users/toxygen/Applications/yagarto-4.7.2/bin/../lib/gcc/arm-none-eabi/4.7.2/../../../../arm-none-eabi/lib/thumb/v7m/libc.a(lib_a-memset.o)
 .debug_aranges
                0x0000000000000960       0x20 /Users/toxygen/Applications/yagarto-4.7.2/bin/../lib/gcc/arm-none-eabi/4.7.2/../../../../arm-none-eabi/lib/thumb/v7m/libc.a(lib_a-strchr.o)
 .debug_aranges
                0x0000000000000980       0x20 /Users/toxygen/Applications/yagarto-4.7.2/bin/../lib/gcc/arm-none-eabi/4.7.2/../../../../arm-none-eabi/lib/thumb/v7m/libc.a(lib_a-strcmp.o)
 .debug_aranges
                0x00000000000009a0       0x20 /Users/toxygen/Applications/yagarto-4.7.2/bin/../lib/gcc/arm-none-eabi/4.7.2/../../../../arm-none-eabi/lib/thumb/v7m/libc.a(lib_a-strlen.o)
 .debug_aranges
                0x00000000000009c0       0x20 /Users/toxygen/Applications/yagarto-4.7.2/bin/../lib/gcc/arm-none-eabi/4.7.2/../../../../arm-none-eabi/lib/thumb/v7m/libc.a(lib_a-strstr.o)
 .debug_aranges
                0x00000000000009e0       0x20 /Users/toxygen/Applications/yagarto-4.7.2/bin/../lib/gcc/arm-none-eabi/4.7.2/../../../../arm-none-eabi/lib/thumb/v7m/libc.a(lib_a-memchr-stub.o)
 .debug_aranges
                0x0000000000000a00       0x20 /Users/toxygen/Applications/yagarto-4.7.2/bin/../lib/gcc/arm-none-eabi/4.7.2/../../../../arm-none-eabi/lib/thumb/v7m/libc.a(lib_a-memcmp.o)

.debug_ranges   0x0000000000000000     0x1198
 .debug_ranges  0x0000000000000000       0xe0 build/obj/crt0.o
 .debug_ranges  0x00000000000000e0       0x10 build/obj/vectors.o
 .debug_ranges  0x00000000000000f0       0x10 build/obj/chcore.o
 .debug_ranges  0x0000000000000100       0x58 build/obj/chcore_v7m.o
 .debug_ranges  0x0000000000000158       0x20 build/obj/nvic.o
 .debug_ranges  0x0000000000000178       0x20 build/obj/chsys.o
 .debug_ranges  0x0000000000000198       0xf0 build/obj/chdebug.o
 .debug_ranges  0x0000000000000288       0x28 build/obj/chvt.o
 .debug_ranges  0x00000000000002b0      0x158 build/obj/chschd.o
 .debug_ranges  0x0000000000000408      0x150 build/obj/chthreads.o
 .debug_ranges  0x0000000000000558       0x18 build/obj/chregistry.o
 .debug_ranges  0x0000000000000570      0x238 build/obj/chmtx.o
 .debug_ranges  0x00000000000007a8       0xb0 build/obj/chevents.o
 .debug_ranges  0x0000000000000858       0xa8 build/obj/chqueues.o
 .debug_ranges  0x0000000000000900       0x40 build/obj/chmemcore.o
 .debug_ranges  0x0000000000000940       0x30 build/obj/chheap.o
 .debug_ranges  0x0000000000000970       0x50 build/obj/hal.o
 .debug_ranges  0x00000000000009c0       0xb0 build/obj/usb.o
 .debug_ranges  0x0000000000000a70       0x70 build/obj/tm.o
 .debug_ranges  0x0000000000000ae0      0x100 build/obj/serial_usb.o
 .debug_ranges  0x0000000000000be0       0x38 build/obj/hal_lld.o
 .debug_ranges  0x0000000000000c18       0x18 build/obj/pal_lld.o
 .debug_ranges  0x0000000000000c30      0x1c0 build/obj/usb_lld.o
 .debug_ranges  0x0000000000000df0       0x18 build/obj/board.o
 .debug_ranges  0x0000000000000e08       0x18 build/obj/chprintf.o
 .debug_ranges  0x0000000000000e20       0x50 build/obj/microshell2.o
 .debug_ranges  0x0000000000000e70       0x20 build/obj/microusb.o
 .debug_ranges  0x0000000000000e90      0x258 build/obj/microrl.o
 .debug_ranges  0x00000000000010e8       0x20 build/obj/main.o
 .debug_ranges  0x0000000000001108       0x90 /Users/toxygen/Applications/yagarto-4.7.2/bin/../lib/gcc/arm-none-eabi/4.7.2/../../../../arm-none-eabi/lib/thumb/v7m/libc.a(lib_a-strstr.o)

.debug_line     0x0000000000000000     0x5bf3
 .debug_line    0x0000000000000000      0x153 build/obj/crt0.o
 .debug_line    0x0000000000000153       0xdd build/obj/vectors.o
 .debug_line    0x0000000000000230       0x53 build/obj/chcore.o
 .debug_line    0x0000000000000283      0x220 build/obj/chcore_v7m.o
 .debug_line    0x00000000000004a3      0x11a build/obj/nvic.o
 .debug_line    0x00000000000005bd      0x235 build/obj/chsys.o
 .debug_line    0x00000000000007f2      0x31c build/obj/chdebug.o
 .debug_line    0x0000000000000b0e      0x1a6 build/obj/chvt.o
 .debug_line    0x0000000000000cb4      0x2f0 build/obj/chschd.o
 .debug_line    0x0000000000000fa4      0x3ed build/obj/chthreads.o
 .debug_line    0x0000000000001391      0x205 build/obj/chregistry.o
 .debug_line    0x0000000000001596      0x397 build/obj/chmtx.o
 .debug_line    0x000000000000192d      0x33f build/obj/chevents.o
 .debug_line    0x0000000000001c6c      0x3d4 build/obj/chqueues.o
 .debug_line    0x0000000000002040      0x19c build/obj/chmemcore.o
 .debug_line    0x00000000000021dc      0x2c1 build/obj/chheap.o
 .debug_line    0x000000000000249d      0x272 build/obj/hal.o
 .debug_line    0x000000000000270f      0x4c8 build/obj/usb.o
 .debug_line    0x0000000000002bd7      0x1da build/obj/tm.o
 .debug_line    0x0000000000002db1      0x4b4 build/obj/serial_usb.o
 .debug_line    0x0000000000003265      0x1bf build/obj/hal_lld.o
 .debug_line    0x0000000000003424      0x1c3 build/obj/pal_lld.o
 .debug_line    0x00000000000035e7      0x586 build/obj/usb_lld.o
 .debug_line    0x0000000000003b6d      0x181 build/obj/board.o
 .debug_line    0x0000000000003cee      0x2de build/obj/chprintf.o
 .debug_line    0x0000000000003fcc      0x387 build/obj/microshell2.o
 .debug_line    0x0000000000004353      0x294 build/obj/microusb.o
 .debug_line    0x00000000000045e7      0x4a9 build/obj/microrl.o
 .debug_line    0x0000000000004a90      0x33e build/obj/main.o
 .debug_line    0x0000000000004dce      0x1ab /Users/toxygen/Applications/yagarto-4.7.2/bin/../lib/gcc/arm-none-eabi/4.7.2/../../../../arm-none-eabi/lib/thumb/v7m/libc.a(lib_a-memcpy-stub.o)
 .debug_line    0x0000000000004f79      0x1ae /Users/toxygen/Applications/yagarto-4.7.2/bin/../lib/gcc/arm-none-eabi/4.7.2/../../../../arm-none-eabi/lib/thumb/v7m/libc.a(lib_a-memmove.o)
 .debug_line    0x0000000000005127      0x176 /Users/toxygen/Applications/yagarto-4.7.2/bin/../lib/gcc/arm-none-eabi/4.7.2/../../../../arm-none-eabi/lib/thumb/v7m/libc.a(lib_a-memset.o)
 .debug_line    0x000000000000529d      0x150 /Users/toxygen/Applications/yagarto-4.7.2/bin/../lib/gcc/arm-none-eabi/4.7.2/../../../../arm-none-eabi/lib/thumb/v7m/libc.a(lib_a-strchr.o)
 .debug_line    0x00000000000053ed       0xd2 /Users/toxygen/Applications/yagarto-4.7.2/bin/../lib/gcc/arm-none-eabi/4.7.2/../../../../arm-none-eabi/lib/thumb/v7m/libc.a(lib_a-strcmp.o)
 .debug_line    0x00000000000054bf      0x120 /Users/toxygen/Applications/yagarto-4.7.2/bin/../lib/gcc/arm-none-eabi/4.7.2/../../../../arm-none-eabi/lib/thumb/v7m/libc.a(lib_a-strlen.o)
 .debug_line    0x00000000000055df      0x341 /Users/toxygen/Applications/yagarto-4.7.2/bin/../lib/gcc/arm-none-eabi/4.7.2/../../../../arm-none-eabi/lib/thumb/v7m/libc.a(lib_a-strstr.o)
 .debug_line    0x0000000000005920      0x179 /Users/toxygen/Applications/yagarto-4.7.2/bin/../lib/gcc/arm-none-eabi/4.7.2/../../../../arm-none-eabi/lib/thumb/v7m/libc.a(lib_a-memchr-stub.o)
 .debug_line    0x0000000000005a99      0x15a /Users/toxygen/Applications/yagarto-4.7.2/bin/../lib/gcc/arm-none-eabi/4.7.2/../../../../arm-none-eabi/lib/thumb/v7m/libc.a(lib_a-memcmp.o)

.debug_str      0x0000000000000000     0x263e
 .debug_str     0x0000000000000000      0x1f8 build/obj/crt0.o
                                        0x237 (size before relaxing)
 .debug_str     0x00000000000001f8      0x136 build/obj/vectors.o
                                        0x24e (size before relaxing)
 .debug_str     0x000000000000032e       0x2d build/obj/chcore.o
                                        0x121 (size before relaxing)
 .debug_str     0x000000000000035b      0x36a build/obj/chcore_v7m.o
                                        0x48b (size before relaxing)
 .debug_str     0x00000000000006c5       0x96 build/obj/nvic.o
                                        0x220 (size before relaxing)
 .debug_str     0x000000000000075b      0x23a build/obj/chsys.o
                                        0x51e (size before relaxing)
 .debug_str     0x0000000000000995       0xfb build/obj/chdebug.o
                                        0x4c1 (size before relaxing)
 .debug_str     0x0000000000000a90       0x4c build/obj/chvt.o
                                        0x1e1 (size before relaxing)
 .debug_str     0x0000000000000adc       0xa6 build/obj/chschd.o
                                        0x40f (size before relaxing)
 .debug_str     0x0000000000000b82       0xef build/obj/chthreads.o
                                        0x4db (size before relaxing)
 .debug_str     0x0000000000000c71       0x42 build/obj/chregistry.o
                                        0x437 (size before relaxing)
 .debug_str     0x0000000000000cb3       0x8a build/obj/chmtx.o
                                        0x3df (size before relaxing)
 .debug_str     0x0000000000000d3d      0x179 build/obj/chevents.o
                                        0x4bd (size before relaxing)
 .debug_str     0x0000000000000eb6      0x11f build/obj/chqueues.o
                                        0x45e (size before relaxing)
 .debug_str     0x0000000000000fd5       0x70 build/obj/chmemcore.o
                                        0x1bd (size before relaxing)
 .debug_str     0x0000000000001045       0xad build/obj/chheap.o
                                        0x36e (size before relaxing)
 .debug_str     0x00000000000010f2      0x143 build/obj/hal.o
                                        0x25d (size before relaxing)
 .debug_str     0x0000000000001235      0x583 build/obj/usb.o
                                        0x73a (size before relaxing)
 .debug_str     0x00000000000017b8       0x67 build/obj/tm.o
                                        0x1dd (size before relaxing)
 .debug_str     0x000000000000181f      0x22b build/obj/serial_usb.o
                                        0x9ab (size before relaxing)
 .debug_str     0x0000000000001a4a       0xfe build/obj/hal_lld.o
                                        0x272 (size before relaxing)
 .debug_str     0x0000000000001b48       0x88 build/obj/pal_lld.o
                                        0x24e (size before relaxing)
 .debug_str     0x0000000000001bd0       0xfb build/obj/usb_lld.o
                                        0x7d6 (size before relaxing)
 .debug_str     0x0000000000001ccb       0x2a build/obj/board.o
                                        0x1c5 (size before relaxing)
 .debug_str     0x0000000000001cf5       0xaa build/obj/chprintf.o
                                        0x211 (size before relaxing)
 .debug_str     0x0000000000001d9f      0x165 build/obj/microshell2.o
                                        0x8c8 (size before relaxing)
 .debug_str     0x0000000000001f04      0x11c build/obj/microusb.o
                                        0x89d (size before relaxing)
 .debug_str     0x0000000000002020      0x1c0 build/obj/microrl.o
                                        0x3fd (size before relaxing)
 .debug_str     0x00000000000021e0       0x21 build/obj/main.o
                                        0x814 (size before relaxing)
 .debug_str     0x0000000000002201       0xd1 /Users/toxygen/Applications/yagarto-4.7.2/bin/../lib/gcc/arm-none-eabi/4.7.2/../../../../arm-none-eabi/lib/thumb/v7m/libc.a(lib_a-memcpy-stub.o)
                                        0x17d (size before relaxing)
 .debug_str     0x00000000000022d2       0xb2 /Users/toxygen/Applications/yagarto-4.7.2/bin/../lib/gcc/arm-none-eabi/4.7.2/../../../../arm-none-eabi/lib/thumb/v7m/libc.a(lib_a-memmove.o)
                                        0x177 (size before relaxing)
 .debug_str     0x0000000000002384       0x4c /Users/toxygen/Applications/yagarto-4.7.2/bin/../lib/gcc/arm-none-eabi/4.7.2/../../../../arm-none-eabi/lib/thumb/v7m/libc.a(lib_a-memset.o)
                                        0x158 (size before relaxing)
 .debug_str     0x00000000000023d0       0x46 /Users/toxygen/Applications/yagarto-4.7.2/bin/../lib/gcc/arm-none-eabi/4.7.2/../../../../arm-none-eabi/lib/thumb/v7m/libc.a(lib_a-strchr.o)
                                        0x14f (size before relaxing)
 .debug_str     0x0000000000002416       0x58 /Users/toxygen/Applications/yagarto-4.7.2/bin/../lib/gcc/arm-none-eabi/4.7.2/../../../../arm-none-eabi/lib/thumb/v7m/libc.a(lib_a-strcmp.o)
                                        0x15b (size before relaxing)
 .debug_str     0x000000000000246e       0x47 /Users/toxygen/Applications/yagarto-4.7.2/bin/../lib/gcc/arm-none-eabi/4.7.2/../../../../arm-none-eabi/lib/thumb/v7m/libc.a(lib_a-strlen.o)
                                        0x151 (size before relaxing)
 .debug_str     0x00000000000024b5       0xf9 /Users/toxygen/Applications/yagarto-4.7.2/bin/../lib/gcc/arm-none-eabi/4.7.2/../../../../arm-none-eabi/lib/thumb/v7m/libc.a(lib_a-strstr.o)
                                        0x213 (size before relaxing)
 .debug_str     0x00000000000025ae       0x51 /Users/toxygen/Applications/yagarto-4.7.2/bin/../lib/gcc/arm-none-eabi/4.7.2/../../../../arm-none-eabi/lib/thumb/v7m/libc.a(lib_a-memchr-stub.o)
                                        0x170 (size before relaxing)
 .debug_str     0x00000000000025ff       0x3f /Users/toxygen/Applications/yagarto-4.7.2/bin/../lib/gcc/arm-none-eabi/4.7.2/../../../../arm-none-eabi/lib/thumb/v7m/libc.a(lib_a-memcmp.o)
                                        0x144 (size before relaxing)

.comment        0x0000000000000000       0x11
 .comment       0x0000000000000000       0x11 build/obj/crt0.o
                                         0x12 (size before relaxing)
 .comment       0x0000000000000000       0x12 build/obj/vectors.o
 .comment       0x0000000000000000       0x12 build/obj/chcore.o
 .comment       0x0000000000000000       0x12 build/obj/chcore_v7m.o
 .comment       0x0000000000000000       0x12 build/obj/nvic.o
 .comment       0x0000000000000000       0x12 build/obj/chsys.o
 .comment       0x0000000000000000       0x12 build/obj/chdebug.o
 .comment       0x0000000000000000       0x12 build/obj/chvt.o
 .comment       0x0000000000000000       0x12 build/obj/chschd.o
 .comment       0x0000000000000000       0x12 build/obj/chthreads.o
 .comment       0x0000000000000000       0x12 build/obj/chregistry.o
 .comment       0x0000000000000000       0x12 build/obj/chmtx.o
 .comment       0x0000000000000000       0x12 build/obj/chevents.o
 .comment       0x0000000000000000       0x12 build/obj/chqueues.o
 .comment       0x0000000000000000       0x12 build/obj/chmemcore.o
 .comment       0x0000000000000000       0x12 build/obj/chheap.o
 .comment       0x0000000000000000       0x12 build/obj/hal.o
 .comment       0x0000000000000000       0x12 build/obj/usb.o
 .comment       0x0000000000000000       0x12 build/obj/tm.o
 .comment       0x0000000000000000       0x12 build/obj/serial_usb.o
 .comment       0x0000000000000000       0x12 build/obj/hal_lld.o
 .comment       0x0000000000000000       0x12 build/obj/pal_lld.o
 .comment       0x0000000000000000       0x12 build/obj/usb_lld.o
 .comment       0x0000000000000000       0x12 build/obj/board.o
 .comment       0x0000000000000000       0x12 build/obj/chprintf.o
 .comment       0x0000000000000000       0x12 build/obj/microshell2.o
 .comment       0x0000000000000000       0x12 build/obj/microusb.o
 .comment       0x0000000000000000       0x12 build/obj/microrl.o
 .comment       0x0000000000000000       0x12 build/obj/main.o
 .comment       0x0000000000000000       0x12 /Users/toxygen/Applications/yagarto-4.7.2/bin/../lib/gcc/arm-none-eabi/4.7.2/../../../../arm-none-eabi/lib/thumb/v7m/libc.a(lib_a-memcpy-stub.o)
 .comment       0x0000000000000000       0x12 /Users/toxygen/Applications/yagarto-4.7.2/bin/../lib/gcc/arm-none-eabi/4.7.2/../../../../arm-none-eabi/lib/thumb/v7m/libc.a(lib_a-memmove.o)
 .comment       0x0000000000000000       0x12 /Users/toxygen/Applications/yagarto-4.7.2/bin/../lib/gcc/arm-none-eabi/4.7.2/../../../../arm-none-eabi/lib/thumb/v7m/libc.a(lib_a-memset.o)
 .comment       0x0000000000000000       0x12 /Users/toxygen/Applications/yagarto-4.7.2/bin/../lib/gcc/arm-none-eabi/4.7.2/../../../../arm-none-eabi/lib/thumb/v7m/libc.a(lib_a-strchr.o)
 .comment       0x0000000000000000       0x12 /Users/toxygen/Applications/yagarto-4.7.2/bin/../lib/gcc/arm-none-eabi/4.7.2/../../../../arm-none-eabi/lib/thumb/v7m/libc.a(lib_a-strcmp.o)
 .comment       0x0000000000000000       0x12 /Users/toxygen/Applications/yagarto-4.7.2/bin/../lib/gcc/arm-none-eabi/4.7.2/../../../../arm-none-eabi/lib/thumb/v7m/libc.a(lib_a-strlen.o)
 .comment       0x0000000000000000       0x12 /Users/toxygen/Applications/yagarto-4.7.2/bin/../lib/gcc/arm-none-eabi/4.7.2/../../../../arm-none-eabi/lib/thumb/v7m/libc.a(lib_a-strstr.o)
 .comment       0x0000000000000000       0x12 /Users/toxygen/Applications/yagarto-4.7.2/bin/../lib/gcc/arm-none-eabi/4.7.2/../../../../arm-none-eabi/lib/thumb/v7m/libc.a(lib_a-memchr-stub.o)
 .comment       0x0000000000000000       0x12 /Users/toxygen/Applications/yagarto-4.7.2/bin/../lib/gcc/arm-none-eabi/4.7.2/../../../../arm-none-eabi/lib/thumb/v7m/libc.a(lib_a-memcmp.o)

.ARM.attributes
                0x0000000000000000       0x33
 .ARM.attributes
                0x0000000000000000       0x33 build/obj/crt0.o
 .ARM.attributes
                0x0000000000000033       0x33 build/obj/vectors.o
 .ARM.attributes
                0x0000000000000066       0x33 build/obj/chcore.o
 .ARM.attributes
                0x0000000000000099       0x33 build/obj/chcore_v7m.o
 .ARM.attributes
                0x00000000000000cc       0x33 build/obj/nvic.o
 .ARM.attributes
                0x00000000000000ff       0x33 build/obj/chsys.o
 .ARM.attributes
                0x0000000000000132       0x33 build/obj/chdebug.o
 .ARM.attributes
                0x0000000000000165       0x33 build/obj/chvt.o
 .ARM.attributes
                0x0000000000000198       0x33 build/obj/chschd.o
 .ARM.attributes
                0x00000000000001cb       0x33 build/obj/chthreads.o
 .ARM.attributes
                0x00000000000001fe       0x33 build/obj/chregistry.o
 .ARM.attributes
                0x0000000000000231       0x33 build/obj/chmtx.o
 .ARM.attributes
                0x0000000000000264       0x33 build/obj/chevents.o
 .ARM.attributes
                0x0000000000000297       0x33 build/obj/chqueues.o
 .ARM.attributes
                0x00000000000002ca       0x33 build/obj/chmemcore.o
 .ARM.attributes
                0x00000000000002fd       0x33 build/obj/chheap.o
 .ARM.attributes
                0x0000000000000330       0x33 build/obj/hal.o
 .ARM.attributes
                0x0000000000000363       0x33 build/obj/usb.o
 .ARM.attributes
                0x0000000000000396       0x33 build/obj/tm.o
 .ARM.attributes
                0x00000000000003c9       0x33 build/obj/serial_usb.o
 .ARM.attributes
                0x00000000000003fc       0x33 build/obj/hal_lld.o
 .ARM.attributes
                0x000000000000042f       0x33 build/obj/pal_lld.o
 .ARM.attributes
                0x0000000000000462       0x33 build/obj/usb_lld.o
 .ARM.attributes
                0x0000000000000495       0x33 build/obj/board.o
 .ARM.attributes
                0x00000000000004c8       0x33 build/obj/chprintf.o
 .ARM.attributes
                0x00000000000004fb       0x33 build/obj/microshell2.o
 .ARM.attributes
                0x000000000000052e       0x33 build/obj/microusb.o
 .ARM.attributes
                0x0000000000000561       0x33 build/obj/microrl.o
 .ARM.attributes
                0x0000000000000594       0x33 build/obj/main.o
 .ARM.attributes
                0x00000000000005c7       0x29 /Users/toxygen/Applications/yagarto-4.7.2/bin/../lib/gcc/arm-none-eabi/4.7.2/../../../../arm-none-eabi/lib/thumb/v7m/libc.a(lib_a-memcpy-stub.o)
 .ARM.attributes
                0x00000000000005f0       0x29 /Users/toxygen/Applications/yagarto-4.7.2/bin/../lib/gcc/arm-none-eabi/4.7.2/../../../../arm-none-eabi/lib/thumb/v7m/libc.a(lib_a-memmove.o)
 .ARM.attributes
                0x0000000000000619       0x29 /Users/toxygen/Applications/yagarto-4.7.2/bin/../lib/gcc/arm-none-eabi/4.7.2/../../../../arm-none-eabi/lib/thumb/v7m/libc.a(lib_a-memset.o)
 .ARM.attributes
                0x0000000000000642       0x29 /Users/toxygen/Applications/yagarto-4.7.2/bin/../lib/gcc/arm-none-eabi/4.7.2/../../../../arm-none-eabi/lib/thumb/v7m/libc.a(lib_a-strchr.o)
 .ARM.attributes
                0x000000000000066b       0x29 /Users/toxygen/Applications/yagarto-4.7.2/bin/../lib/gcc/arm-none-eabi/4.7.2/../../../../arm-none-eabi/lib/thumb/v7m/libc.a(lib_a-strcmp.o)
 .ARM.attributes
                0x0000000000000694       0x29 /Users/toxygen/Applications/yagarto-4.7.2/bin/../lib/gcc/arm-none-eabi/4.7.2/../../../../arm-none-eabi/lib/thumb/v7m/libc.a(lib_a-strlen.o)
 .ARM.attributes
                0x00000000000006bd       0x29 /Users/toxygen/Applications/yagarto-4.7.2/bin/../lib/gcc/arm-none-eabi/4.7.2/../../../../arm-none-eabi/lib/thumb/v7m/libc.a(lib_a-strstr.o)
 .ARM.attributes
                0x00000000000006e6       0x29 /Users/toxygen/Applications/yagarto-4.7.2/bin/../lib/gcc/arm-none-eabi/4.7.2/../../../../arm-none-eabi/lib/thumb/v7m/libc.a(lib_a-memchr-stub.o)
 .ARM.attributes
                0x000000000000070f       0x29 /Users/toxygen/Applications/yagarto-4.7.2/bin/../lib/gcc/arm-none-eabi/4.7.2/../../../../arm-none-eabi/lib/thumb/v7m/libc.a(lib_a-memcmp.o)

.debug_frame    0x0000000000000000     0x18e0
 .debug_frame   0x0000000000000000       0x50 build/obj/crt0.o
 .debug_frame   0x0000000000000050       0x20 build/obj/vectors.o
 .debug_frame   0x0000000000000070       0x20 build/obj/chcore.o
 .debug_frame   0x0000000000000090       0xa4 build/obj/chcore_v7m.o
 .debug_frame   0x0000000000000134       0x5c build/obj/nvic.o
 .debug_frame   0x0000000000000190       0x60 build/obj/chsys.o
 .debug_frame   0x00000000000001f0      0x140 build/obj/chdebug.o
 .debug_frame   0x0000000000000330       0x74 build/obj/chvt.o
 .debug_frame   0x00000000000003a4       0xec build/obj/chschd.o
 .debug_frame   0x0000000000000490      0x1ac build/obj/chthreads.o
 .debug_frame   0x000000000000063c       0x4c build/obj/chregistry.o
 .debug_frame   0x0000000000000688      0x108 build/obj/chmtx.o
 .debug_frame   0x0000000000000790      0x200 build/obj/chevents.o
 .debug_frame   0x0000000000000990      0x180 build/obj/chqueues.o
 .debug_frame   0x0000000000000b10       0x68 build/obj/chmemcore.o
 .debug_frame   0x0000000000000b78       0xb0 build/obj/chheap.o
 .debug_frame   0x0000000000000c28       0x54 build/obj/hal.o
 .debug_frame   0x0000000000000c7c      0x1cc build/obj/usb.o
 .debug_frame   0x0000000000000e48       0x5c build/obj/tm.o
 .debug_frame   0x0000000000000ea4      0x1dc build/obj/serial_usb.o
 .debug_frame   0x0000000000001080       0x3c build/obj/hal_lld.o
 .debug_frame   0x00000000000010bc       0x4c build/obj/pal_lld.o
 .debug_frame   0x0000000000001108      0x1fc build/obj/usb_lld.o
 .debug_frame   0x0000000000001304       0x30 build/obj/board.o
 .debug_frame   0x0000000000001334       0x6c build/obj/chprintf.o
 .debug_frame   0x00000000000013a0       0xc4 build/obj/microshell2.o
 .debug_frame   0x0000000000001464       0x5c build/obj/microusb.o
 .debug_frame   0x00000000000014c0      0x1d4 build/obj/microrl.o
 .debug_frame   0x0000000000001694       0x6c build/obj/main.o
 .debug_frame   0x0000000000001700       0x2c /Users/toxygen/Applications/yagarto-4.7.2/bin/../lib/gcc/arm-none-eabi/4.7.2/../../../../arm-none-eabi/lib/thumb/v7m/libc.a(lib_a-memcpy-stub.o)
 .debug_frame   0x000000000000172c       0x2c /Users/toxygen/Applications/yagarto-4.7.2/bin/../lib/gcc/arm-none-eabi/4.7.2/../../../../arm-none-eabi/lib/thumb/v7m/libc.a(lib_a-memmove.o)
 .debug_frame   0x0000000000001758       0x2c /Users/toxygen/Applications/yagarto-4.7.2/bin/../lib/gcc/arm-none-eabi/4.7.2/../../../../arm-none-eabi/lib/thumb/v7m/libc.a(lib_a-memset.o)
 .debug_frame   0x0000000000001784       0x2c /Users/toxygen/Applications/yagarto-4.7.2/bin/../lib/gcc/arm-none-eabi/4.7.2/../../../../arm-none-eabi/lib/thumb/v7m/libc.a(lib_a-strchr.o)
 .debug_frame   0x00000000000017b0       0x30 /Users/toxygen/Applications/yagarto-4.7.2/bin/../lib/gcc/arm-none-eabi/4.7.2/../../../../arm-none-eabi/lib/thumb/v7m/libc.a(lib_a-strcmp.o)
 .debug_frame   0x00000000000017e0       0x20 /Users/toxygen/Applications/yagarto-4.7.2/bin/../lib/gcc/arm-none-eabi/4.7.2/../../../../arm-none-eabi/lib/thumb/v7m/libc.a(lib_a-strlen.o)
 .debug_frame   0x0000000000001800       0x88 /Users/toxygen/Applications/yagarto-4.7.2/bin/../lib/gcc/arm-none-eabi/4.7.2/../../../../arm-none-eabi/lib/thumb/v7m/libc.a(lib_a-strstr.o)
 .debug_frame   0x0000000000001888       0x2c /Users/toxygen/Applications/yagarto-4.7.2/bin/../lib/gcc/arm-none-eabi/4.7.2/../../../../arm-none-eabi/lib/thumb/v7m/libc.a(lib_a-memchr-stub.o)
 .debug_frame   0x00000000000018b4       0x2c /Users/toxygen/Applications/yagarto-4.7.2/bin/../lib/gcc/arm-none-eabi/4.7.2/../../../../arm-none-eabi/lib/thumb/v7m/libc.a(lib_a-memcmp.o)

.debug_loc      0x0000000000000000     0x7772
 .debug_loc     0x0000000000000000      0x12c build/obj/chcore_v7m.o
 .debug_loc     0x000000000000012c      0x1c9 build/obj/nvic.o
 .debug_loc     0x00000000000002f5       0x90 build/obj/chsys.o
 .debug_loc     0x0000000000000385      0x216 build/obj/chdebug.o
 .debug_loc     0x000000000000059b      0x145 build/obj/chvt.o
 .debug_loc     0x00000000000006e0      0x264 build/obj/chschd.o
 .debug_loc     0x0000000000000944      0x65b build/obj/chthreads.o
 .debug_loc     0x0000000000000f9f       0xc9 build/obj/chregistry.o
 .debug_loc     0x0000000000001068      0x4c7 build/obj/chmtx.o
 .debug_loc     0x000000000000152f      0x92a build/obj/chevents.o
 .debug_loc     0x0000000000001e59      0x8e3 build/obj/chqueues.o
 .debug_loc     0x000000000000273c      0x10b build/obj/chmemcore.o
 .debug_loc     0x0000000000002847      0x36b build/obj/chheap.o
 .debug_loc     0x0000000000002bb2       0x98 build/obj/hal.o
 .debug_loc     0x0000000000002c4a      0x956 build/obj/usb.o
 .debug_loc     0x00000000000035a0       0x99 build/obj/tm.o
 .debug_loc     0x0000000000003639      0x89d build/obj/serial_usb.o
 .debug_loc     0x0000000000003ed6       0x20 build/obj/hal_lld.o
 .debug_loc     0x0000000000003ef6      0x10f build/obj/pal_lld.o
 .debug_loc     0x0000000000004005      0x893 build/obj/usb_lld.o
 .debug_loc     0x0000000000004898      0x6c5 build/obj/chprintf.o
 .debug_loc     0x0000000000004f5d      0x340 build/obj/microshell2.o
 .debug_loc     0x000000000000529d      0x12f build/obj/microusb.o
 .debug_loc     0x00000000000053cc      0xce3 build/obj/microrl.o
 .debug_loc     0x00000000000060af       0xd8 build/obj/main.o
 .debug_loc     0x0000000000006187      0x20d /Users/toxygen/Applications/yagarto-4.7.2/bin/../lib/gcc/arm-none-eabi/4.7.2/../../../../arm-none-eabi/lib/thumb/v7m/libc.a(lib_a-memcpy-stub.o)
 .debug_loc     0x0000000000006394      0x280 /Users/toxygen/Applications/yagarto-4.7.2/bin/../lib/gcc/arm-none-eabi/4.7.2/../../../../arm-none-eabi/lib/thumb/v7m/libc.a(lib_a-memmove.o)
 .debug_loc     0x0000000000006614      0x205 /Users/toxygen/Applications/yagarto-4.7.2/bin/../lib/gcc/arm-none-eabi/4.7.2/../../../../arm-none-eabi/lib/thumb/v7m/libc.a(lib_a-memset.o)
 .debug_loc     0x0000000000006819      0x139 /Users/toxygen/Applications/yagarto-4.7.2/bin/../lib/gcc/arm-none-eabi/4.7.2/../../../../arm-none-eabi/lib/thumb/v7m/libc.a(lib_a-strchr.o)
 .debug_loc     0x0000000000006952       0x42 /Users/toxygen/Applications/yagarto-4.7.2/bin/../lib/gcc/arm-none-eabi/4.7.2/../../../../arm-none-eabi/lib/thumb/v7m/libc.a(lib_a-strcmp.o)
 .debug_loc     0x0000000000006994       0x21 /Users/toxygen/Applications/yagarto-4.7.2/bin/../lib/gcc/arm-none-eabi/4.7.2/../../../../arm-none-eabi/lib/thumb/v7m/libc.a(lib_a-strlen.o)
 .debug_loc     0x00000000000069b5      0xaac /Users/toxygen/Applications/yagarto-4.7.2/bin/../lib/gcc/arm-none-eabi/4.7.2/../../../../arm-none-eabi/lib/thumb/v7m/libc.a(lib_a-strstr.o)
 .debug_loc     0x0000000000007461      0x172 /Users/toxygen/Applications/yagarto-4.7.2/bin/../lib/gcc/arm-none-eabi/4.7.2/../../../../arm-none-eabi/lib/thumb/v7m/libc.a(lib_a-memchr-stub.o)
 .debug_loc     0x00000000000075d3      0x19f /Users/toxygen/Applications/yagarto-4.7.2/bin/../lib/gcc/arm-none-eabi/4.7.2/../../../../arm-none-eabi/lib/thumb/v7m/libc.a(lib_a-memcmp.o)

Cross Reference Table

Symbol                                            File
BusFaultVector                                    build/obj/vectors.o
DebugMonitorVector                                build/obj/vectors.o
HardFaultVector                                   build/obj/vectors.o
MemManageVector                                   build/obj/vectors.o
NMIVector                                         build/obj/vectors.o
PendSVVector                                      build/obj/vectors.o
ResetHandler                                      build/obj/crt0.o
                                                  build/obj/vectors.o
SDU1                                              build/obj/microusb.o
                                                  build/obj/main.o
                                                  build/obj/microshell2.o
SVCallVector                                      build/obj/chcore_v7m.o
                                                  build/obj/vectors.o
SysTickVector                                     build/obj/chcore_v7m.o
                                                  build/obj/vectors.o
TestThread                                        build/obj/test.o
USBD1                                             build/obj/usb_lld.o
                                                  build/obj/microusb.o
UsageFaultVector                                  build/obj/vectors.o
Vector100                                         build/obj/vectors.o
Vector104                                         build/obj/vectors.o
Vector108                                         build/obj/vectors.o
Vector10C                                         build/obj/vectors.o
Vector110                                         build/obj/vectors.o
Vector114                                         build/obj/vectors.o
Vector118                                         build/obj/vectors.o
Vector11C                                         build/obj/vectors.o
Vector120                                         build/obj/vectors.o
Vector124                                         build/obj/vectors.o
Vector128                                         build/obj/vectors.o
Vector12C                                         build/obj/vectors.o
Vector1C                                          build/obj/vectors.o
Vector20                                          build/obj/vectors.o
Vector24                                          build/obj/vectors.o
Vector28                                          build/obj/vectors.o
Vector34                                          build/obj/vectors.o
Vector40                                          build/obj/vectors.o
Vector44                                          build/obj/vectors.o
Vector48                                          build/obj/vectors.o
Vector4C                                          build/obj/vectors.o
Vector50                                          build/obj/vectors.o
Vector54                                          build/obj/vectors.o
Vector58                                          build/obj/vectors.o
Vector5C                                          build/obj/vectors.o
Vector60                                          build/obj/vectors.o
Vector64                                          build/obj/vectors.o
Vector68                                          build/obj/vectors.o
Vector6C                                          build/obj/vectors.o
Vector70                                          build/obj/vectors.o
Vector74                                          build/obj/vectors.o
Vector78                                          build/obj/vectors.o
Vector7C                                          build/obj/vectors.o
Vector80                                          build/obj/vectors.o
Vector84                                          build/obj/vectors.o
Vector88                                          build/obj/vectors.o
Vector8C                                          build/obj/usb_lld.o
                                                  build/obj/vectors.o
Vector90                                          build/obj/usb_lld.o
                                                  build/obj/vectors.o
Vector94                                          build/obj/vectors.o
Vector98                                          build/obj/vectors.o
Vector9C                                          build/obj/vectors.o
VectorA0                                          build/obj/vectors.o
VectorA4                                          build/obj/vectors.o
VectorA8                                          build/obj/vectors.o
VectorAC                                          build/obj/vectors.o
VectorB0                                          build/obj/vectors.o
VectorB4                                          build/obj/vectors.o
VectorB8                                          build/obj/vectors.o
VectorBC                                          build/obj/vectors.o
VectorC0                                          build/obj/vectors.o
VectorC4                                          build/obj/vectors.o
VectorC8                                          build/obj/vectors.o
VectorCC                                          build/obj/vectors.o
VectorD0                                          build/obj/vectors.o
VectorD4                                          build/obj/vectors.o
VectorD8                                          build/obj/vectors.o
VectorDC                                          build/obj/vectors.o
VectorE0                                          build/obj/vectors.o
VectorE4                                          build/obj/vectors.o
VectorE8                                          build/obj/vectors.o
VectorEC                                          build/obj/vectors.o
VectorF0                                          build/obj/vectors.o
VectorF4                                          build/obj/vectors.o
VectorF8                                          build/obj/vectors.o
VectorFC                                          build/obj/vectors.o
__ctype_ptr__                                     /Users/toxygen/Applications/yagarto-4.7.2/bin/../lib/gcc/arm-none-eabi/4.7.2/../../../../arm-none-eabi/lib/thumb/v7m/libc.a(lib_a-ctype_.o)
                                                  /Users/toxygen/Applications/yagarto-4.7.2/bin/../lib/gcc/arm-none-eabi/4.7.2/../../../../arm-none-eabi/lib/thumb/v7m/libc.a(lib_a-strcasecmp.o)
__early_init                                      build/obj/board.o
                                                  build/obj/crt0.o
__fini_array_end                                  build/obj/crt0.o
__fini_array_start                                build/obj/crt0.o
__heap_base__                                     build/obj/chmemcore.o
__heap_end__                                      build/obj/chmemcore.o
__init_array_end                                  build/obj/crt0.o
__init_array_start                                build/obj/crt0.o
__late_init                                       build/obj/crt0.o
__main_stack_base__                               build/obj/crt0.o
__main_stack_end__                                build/obj/vectors.o
                                                  build/obj/crt0.o
__main_thread_stack_base__                        build/obj/chsys.o
__process_stack_base__                            build/obj/crt0.o
__process_stack_end__                             build/obj/crt0.o
_bss_end                                          build/obj/crt0.o
_bss_start                                        build/obj/crt0.o
_core_init                                        build/obj/chmemcore.o
                                                  build/obj/chsys.o
_ctype_                                           /Users/toxygen/Applications/yagarto-4.7.2/bin/../lib/gcc/arm-none-eabi/4.7.2/../../../../arm-none-eabi/lib/thumb/v7m/libc.a(lib_a-ctype_.o)
_data                                             build/obj/crt0.o
_default_exit                                     build/obj/crt0.o
_edata                                            build/obj/crt0.o
_heap_init                                        build/obj/chheap.o
                                                  build/obj/chsys.o
_idle_thread                                      build/obj/chsys.o
_idle_thread_wa                                   build/obj/chsys.o
_pal_lld_init                                     build/obj/pal_lld.o
                                                  build/obj/hal.o
_pal_lld_setgroupmode                             build/obj/pal_lld.o
                                                  build/obj/pal.o
_port_init                                        build/obj/chcore_v7m.o
                                                  build/obj/chsys.o
_port_irq_epilogue                                build/obj/chcore_v7m.o
                                                  build/obj/usb_lld.o
_port_switch                                      build/obj/chcore_v7m.o
                                                  build/obj/chschd.o
_port_switch_from_isr                             build/obj/chcore_v7m.o
_port_thread_start                                build/obj/chcore_v7m.o
                                                  build/obj/chthreads.o
_scheduler_init                                   build/obj/chschd.o
                                                  build/obj/chsys.o
_test_assert                                      build/obj/test.o
                                                  build/obj/testqueues.o
                                                  build/obj/testdyn.o
                                                  build/obj/testpools.o
                                                  build/obj/testheap.o
                                                  build/obj/testevt.o
                                                  build/obj/testmbox.o
                                                  build/obj/testmtx.o
                                                  build/obj/testsem.o
                                                  build/obj/testthd.o
_test_assert_sequence                             build/obj/test.o
                                                  build/obj/testqueues.o
                                                  build/obj/testdyn.o
                                                  build/obj/testevt.o
                                                  build/obj/testmbox.o
                                                  build/obj/testmsg.o
                                                  build/obj/testmtx.o
                                                  build/obj/testsem.o
                                                  build/obj/testthd.o
_test_assert_time_window                          build/obj/test.o
                                                  build/obj/testevt.o
                                                  build/obj/testmtx.o
                                                  build/obj/testsem.o
                                                  build/obj/testthd.o
_test_fail                                        build/obj/test.o
_textdata                                         build/obj/crt0.o
_thread_init                                      build/obj/chthreads.o
                                                  build/obj/chsys.o
_thread_memfill                                   build/obj/chthreads.o
                                                  build/obj/chdynamic.o
_trace_init                                       build/obj/chdebug.o
                                                  build/obj/chsys.o
_unhandled_exception                              build/obj/vectors.o
_usb_ep0in                                        build/obj/usb.o
                                                  build/obj/usb_lld.o
_usb_ep0out                                       build/obj/usb.o
                                                  build/obj/usb_lld.o
_usb_ep0setup                                     build/obj/usb.o
                                                  build/obj/usb_lld.o
_usb_reset                                        build/obj/usb.o
                                                  build/obj/usb_lld.o
_vectors                                          build/obj/vectors.o
_vt_init                                          build/obj/chvt.o
                                                  build/obj/chsys.o
boardInit                                         build/obj/board.o
                                                  build/obj/hal.o
chCondBroadcast                                   build/obj/chcond.o
                                                  build/obj/testmtx.o
chCondBroadcastI                                  build/obj/chcond.o
chCondInit                                        build/obj/chcond.o
                                                  build/obj/testmtx.o
chCondSignal                                      build/obj/chcond.o
                                                  build/obj/testmtx.o
chCondSignalI                                     build/obj/chcond.o
                                                  build/obj/testmtx.o
chCondWait                                        build/obj/chcond.o
                                                  build/obj/testmtx.o