Archive member included because of file (symbol)

/Users/toxygen/Applications/yagarto-4.7.2/bin/../lib/gcc/arm-none-eabi/4.7.2/../../../../arm-none-eabi/lib/thumb/v7m/libc.a(lib_a-memcpy-stub.o)
                              build/obj/sdc_lld.o (memcpy)
/Users/toxygen/Applications/yagarto-4.7.2/bin/../lib/gcc/arm-none-eabi/4.7.2/../../../../arm-none-eabi/lib/thumb/v7m/libc.a(lib_a-memset.o)
                              build/obj/syscalls.o (memset)
/Users/toxygen/Applications/yagarto-4.7.2/bin/../lib/gcc/arm-none-eabi/4.7.2/../../../../arm-none-eabi/lib/thumb/v7m/libc.a(lib_a-strcasecmp.o)
                              build/obj/shell.o (strcasecmp)
/Users/toxygen/Applications/yagarto-4.7.2/bin/../lib/gcc/arm-none-eabi/4.7.2/../../../../arm-none-eabi/lib/thumb/v7m/libc.a(lib_a-strchr.o)
                              build/obj/shell.o (strchr)
/Users/toxygen/Applications/yagarto-4.7.2/bin/../lib/gcc/arm-none-eabi/4.7.2/../../../../arm-none-eabi/lib/thumb/v7m/libc.a(lib_a-strcpy.o)
                              build/obj/main.o (strcpy)
/Users/toxygen/Applications/yagarto-4.7.2/bin/../lib/gcc/arm-none-eabi/4.7.2/../../../../arm-none-eabi/lib/thumb/v7m/libc.a(lib_a-strlen.o)
                              build/obj/main.o (strlen)
/Users/toxygen/Applications/yagarto-4.7.2/bin/../lib/gcc/arm-none-eabi/4.7.2/../../../../arm-none-eabi/lib/thumb/v7m/libc.a(lib_a-strspn.o)
                              build/obj/shell.o (strspn)
/Users/toxygen/Applications/yagarto-4.7.2/bin/../lib/gcc/arm-none-eabi/4.7.2/../../../../arm-none-eabi/lib/thumb/v7m/libc.a(lib_a-ctype_.o)
                              /Users/toxygen/Applications/yagarto-4.7.2/bin/../lib/gcc/arm-none-eabi/4.7.2/../../../../arm-none-eabi/lib/thumb/v7m/libc.a(lib_a-strcasecmp.o) (__ctype_ptr__)

Discarded input sections

 .text          0x0000000000000000        0x0 build/obj/crt0.o
 .data          0x0000000000000000        0x0 build/obj/crt0.o
 .bss           0x0000000000000000        0x0 build/obj/crt0.o
 .text.__early_init
                0x0000000000000000       0x10 build/obj/crt0.o
 .text          0x0000000000000000        0x0 build/obj/vectors.o
 .data          0x0000000000000000        0x0 build/obj/vectors.o
 .bss           0x0000000000000000        0x0 build/obj/vectors.o
 .text          0x0000000000000000        0x0 build/obj/chcore.o
 .data          0x0000000000000000        0x0 build/obj/chcore.o
 .bss           0x0000000000000000        0x0 build/obj/chcore.o
 .text.port_halt
                0x0000000000000000       0x10 build/obj/chcore.o
 .debug_info    0x0000000000000000       0x93 build/obj/chcore.o
 .debug_abbrev  0x0000000000000000       0x44 build/obj/chcore.o
 .debug_aranges
                0x0000000000000000       0x20 build/obj/chcore.o
 .debug_ranges  0x0000000000000000       0x10 build/obj/chcore.o
 .debug_line    0x0000000000000000       0x53 build/obj/chcore.o
 .debug_str     0x0000000000000000      0x123 build/obj/chcore.o
 .comment       0x0000000000000000       0x12 build/obj/chcore.o
 .ARM.attributes
                0x0000000000000000       0x33 build/obj/chcore.o
 .debug_frame   0x0000000000000000       0x20 build/obj/chcore.o
 .text          0x0000000000000000        0x0 build/obj/chcore_v7m.o
 .data          0x0000000000000000        0x0 build/obj/chcore_v7m.o
 .bss           0x0000000000000000        0x0 build/obj/chcore_v7m.o
 .text          0x0000000000000000        0x0 build/obj/nvic.o
 .data          0x0000000000000000        0x0 build/obj/nvic.o
 .bss           0x0000000000000000        0x0 build/obj/nvic.o
 .text.nvicDisableVector
                0x0000000000000000       0x40 build/obj/nvic.o
 .text          0x0000000000000000        0x0 build/obj/chsys.o
 .data          0x0000000000000000        0x0 build/obj/chsys.o
 .bss           0x0000000000000000        0x0 build/obj/chsys.o
 .text          0x0000000000000000        0x0 build/obj/chdebug.o
 .data          0x0000000000000000        0x0 build/obj/chdebug.o
 .bss           0x0000000000000000        0x0 build/obj/chdebug.o
 .debug_info    0x0000000000000000       0x72 build/obj/chdebug.o
 .debug_abbrev  0x0000000000000000       0x26 build/obj/chdebug.o
 .debug_aranges
                0x0000000000000000       0x18 build/obj/chdebug.o
 .debug_line    0x0000000000000000       0x1d build/obj/chdebug.o
 .debug_str     0x0000000000000000      0x114 build/obj/chdebug.o
 .comment       0x0000000000000000       0x12 build/obj/chdebug.o
 .ARM.attributes
                0x0000000000000000       0x33 build/obj/chdebug.o
 .text          0x0000000000000000        0x0 build/obj/chlists.o
 .data          0x0000000000000000        0x0 build/obj/chlists.o
 .bss           0x0000000000000000        0x0 build/obj/chlists.o
 .debug_info    0x0000000000000000       0x72 build/obj/chlists.o
 .debug_abbrev  0x0000000000000000       0x26 build/obj/chlists.o
 .debug_aranges
                0x0000000000000000       0x18 build/obj/chlists.o
[...]
Memory Configuration

Name             Origin             Length             Attributes
flash            0x0000000008000000 0x0000000000080000
ram              0x0000000020000000 0x0000000000010000
*default*        0x0000000000000000 0xffffffffffffffff

Linker script and memory map

LOAD build/obj/crt0.o
LOAD build/obj/vectors.o
LOAD build/obj/chcore.o
LOAD build/obj/chcore_v7m.o
LOAD build/obj/nvic.o
LOAD build/obj/chsys.o
LOAD build/obj/chdebug.o
LOAD build/obj/chlists.o
LOAD build/obj/chvt.o
LOAD build/obj/chschd.o
LOAD build/obj/chthreads.o
LOAD build/obj/chdynamic.o
LOAD build/obj/chregistry.o
LOAD build/obj/chsem.o
LOAD build/obj/chmtx.o
LOAD build/obj/chcond.o
LOAD build/obj/chevents.o
LOAD build/obj/chmsg.o
LOAD build/obj/chmboxes.o
LOAD build/obj/chqueues.o
LOAD build/obj/chmemcore.o
LOAD build/obj/chheap.o
LOAD build/obj/chmempools.o
LOAD build/obj/test.o
LOAD build/obj/testthd.o
LOAD build/obj/testsem.o
LOAD build/obj/testmtx.o
LOAD build/obj/testmsg.o
LOAD build/obj/testmbox.o
LOAD build/obj/testevt.o
LOAD build/obj/testheap.o
LOAD build/obj/testpools.o
LOAD build/obj/testdyn.o
LOAD build/obj/testqueues.o
LOAD build/obj/testbmk.o
LOAD build/obj/hal.o
LOAD build/obj/adc.o
LOAD build/obj/can.o
LOAD build/obj/ext.o
LOAD build/obj/gpt.o
LOAD build/obj/i2c.o
LOAD build/obj/icu.o
LOAD build/obj/mac.o
LOAD build/obj/pal.o
LOAD build/obj/pwm.o
LOAD build/obj/sdc.o
LOAD build/obj/serial.o
LOAD build/obj/spi.o
LOAD build/obj/uart.o
LOAD build/obj/usb.o
LOAD build/obj/tm.o
LOAD build/obj/mmc_spi.o
LOAD build/obj/serial_usb.o
LOAD build/obj/rtc.o
LOAD build/obj/stm32_dma.o
LOAD build/obj/hal_lld.o
LOAD build/obj/adc_lld.o
LOAD build/obj/can_lld.o
LOAD build/obj/ext_lld.o
LOAD build/obj/gpt_lld.o
LOAD build/obj/i2c_lld.o
LOAD build/obj/icu_lld.o
LOAD build/obj/mac_lld.o
LOAD build/obj/pwm_lld.o
LOAD build/obj/serial_lld.o
LOAD build/obj/sdc_lld.o
LOAD build/obj/spi_lld.o
LOAD build/obj/uart_lld.o
LOAD build/obj/pal_lld.o
LOAD build/obj/usb_lld.o
LOAD build/obj/rtc_lld.o
LOAD build/obj/board.o
LOAD build/obj/diskio.o
LOAD build/obj/ff.o
LOAD build/obj/syscall.o
LOAD build/obj/evtimer.o
LOAD build/obj/syscalls.o
LOAD build/obj/shell.o
LOAD build/obj/chprintf.o
LOAD build/obj/main.o
START GROUP
LOAD /Users/toxygen/Applications/yagarto-4.7.2/bin/../lib/gcc/arm-none-eabi/4.7.2/thumb/v7m/libgcc.a
LOAD /Users/toxygen/Applications/yagarto-4.7.2/bin/../lib/gcc/arm-none-eabi/4.7.2/../../../../arm-none-eabi/lib/thumb/v7m/libc.a
END GROUP
                0x0000000000000400                __main_stack_size__ = 0x400
                0x0000000000000400                __process_stack_size__ = 0x400
                0x0000000020000000                __ram_start__ = ORIGIN (ram)
                0x0000000000010000                __ram_size__ = 0x10000
                0x0000000020010000                __ram_end__ = (__ram_start__ + __ram_size__)
                0x0000000000000000                . = 0x0
                0x0000000000000000                _text = .

startup         0x0000000008000000      0x130
 *(vectors)
 vectors        0x0000000008000000      0x130 build/obj/vectors.o
                0x0000000008000000                _vectors

constructors    0x0000000008000130        0x0
                0x0000000008000130                PROVIDE (__init_array_start, .)
 *(SORT(.init_array.*))
 *(.init_array)
                0x0000000008000130                PROVIDE (__init_array_end, .)

destructors     0x0000000008000130        0x0
                0x0000000008000130                PROVIDE (__fini_array_start, .)
 *(.fini_array)
 *(SORT(.fini_array.*))
                0x0000000008000130                PROVIDE (__fini_array_end, .)

.text           0x0000000008000130     0x9eac
 *(.text.startup.*)
 .text.startup.main
                0x0000000008000130      0x100 build/obj/main.o
                0x0000000008000130                main
 *(.text)
 .text          0x0000000008000230       0x94 /Users/toxygen/Applications/yagarto-4.7.2/bin/../lib/gcc/arm-none-eabi/4.7.2/../../../../arm-none-eabi/lib/thumb/v7m/libc.a(lib_a-memcpy-stub.o)
                0x0000000008000230                memcpy
 *fill*         0x00000000080002c4        0xc 
 .text          0x00000000080002d0       0x44 /Users/toxygen/Applications/yagarto-4.7.2/bin/../lib/gcc/arm-none-eabi/4.7.2/../../../../arm-none-eabi/lib/thumb/v7m/libc.a(lib_a-strcasecmp.o)
                0x00000000080002d0                strcasecmp
 *fill*         0x0000000008000314        0xc 
 .text          0x0000000008000320      0x100 /Users/toxygen/Applications/yagarto-4.7.2/bin/../lib/gcc/arm-none-eabi/4.7.2/../../../../arm-none-eabi/lib/thumb/v7m/libc.a(lib_a-strchr.o)
                0x0000000008000320                strchr
 .text          0x0000000008000420       0xbc /Users/toxygen/Applications/yagarto-4.7.2/bin/../lib/gcc/arm-none-eabi/4.7.2/../../../../arm-none-eabi/lib/thumb/v7m/libc.a(lib_a-strcpy.o)
                0x0000000008000420                strcpy
 *fill*         0x00000000080004dc        0x4 
 .text          0x00000000080004e0       0x60 /Users/toxygen/Applications/yagarto-4.7.2/bin/../lib/gcc/arm-none-eabi/4.7.2/../../../../arm-none-eabi/lib/thumb/v7m/libc.a(lib_a-strlen.o)
                0x00000000080004e0                strlen
 .text          0x0000000008000540       0x40 /Users/toxygen/Applications/yagarto-4.7.2/bin/../lib/gcc/arm-none-eabi/4.7.2/../../../../arm-none-eabi/lib/thumb/v7m/libc.a(lib_a-strspn.o)
                0x0000000008000540                strspn
 *(.text.*)
 .text.__late_init
                0x0000000008000580       0x10 build/obj/crt0.o
                0x0000000008000580                __late_init
 .text._default_exit
                0x0000000008000590       0x10 build/obj/crt0.o
                0x0000000008000590                _default_exit
 .text.ResetHandler
                0x00000000080005a0      0x120 build/obj/crt0.o
                0x00000000080005a0                ResetHandler
 .text._unhandled_exception
                0x00000000080006c0       0x10 build/obj/vectors.o
                0x00000000080006c0                Vector20
                0x00000000080006c0                VectorE8
                0x00000000080006c0                Vector9C
                0x00000000080006c0                VectorAC
                0x00000000080006c0                Vector5C
                0x00000000080006c0                NMIVector
                0x00000000080006c0                Vector11C
                0x00000000080006c0                Vector8C
                0x00000000080006c0                VectorDC
                0x00000000080006c0                Vector110
                0x00000000080006c0                VectorC8
                0x00000000080006c0                Vector94
                0x00000000080006c0                VectorA8
                0x00000000080006c0                VectorB4
                0x00000000080006c0                VectorEC
                0x00000000080006c0                UsageFaultVector
                0x00000000080006c0                DebugMonitorVector
                0x00000000080006c0                Vector40
                0x00000000080006c0                VectorF8
                0x00000000080006c0                Vector108
                0x00000000080006c0                VectorBC
                0x00000000080006c0                PendSVVector
                0x00000000080006c0                Vector118
                0x00000000080006c0                Vector64
                0x00000000080006c0                VectorCC
                0x00000000080006c0                Vector54
                0x00000000080006c0                Vector98
                0x00000000080006c0                Vector24
                0x00000000080006c0                BusFaultVector
                0x00000000080006c0                VectorD0
                0x00000000080006c0                VectorE4
                0x00000000080006c0                VectorC0
                0x00000000080006c0                HardFaultVector
                0x00000000080006c0                VectorF0
                0x00000000080006c0                Vector100
                0x00000000080006c0                VectorE0
                0x00000000080006c0                VectorF4
                0x00000000080006c0                MemManageVector
                0x00000000080006c0                VectorA0
                0x00000000080006c0                VectorC4
                0x00000000080006c0                VectorB0
                0x00000000080006c0                Vector90
                0x00000000080006c0                Vector114
                0x00000000080006c0                Vector60
                0x00000000080006c0                Vector1C
                0x00000000080006c0                Vector48
                0x00000000080006c0                VectorD4
                0x00000000080006c0                Vector4C
                0x00000000080006c0                Vector68
                0x00000000080006c0                _unhandled_exception
                0x00000000080006c0                Vector88
                0x00000000080006c0                Vector10C
                0x00000000080006c0                Vector50
                0x00000000080006c0                Vector44
                0x00000000080006c0                Vector28
                0x00000000080006c0                VectorB8
                0x00000000080006c0                VectorFC
                0x00000000080006c0                Vector34
                0x00000000080006c0                VectorA4
                0x00000000080006c0                Vector58
 .text._port_switch_from_isr
                0x00000000080006d0       0x10 build/obj/chcore_v7m.o
                0x00000000080006d0                _port_switch_from_isr
 .text.SVCallVector
                0x00000000080006e0       0x20 build/obj/chcore_v7m.o
                0x00000000080006e0                SVCallVector
 .text._port_init
                0x0000000008000700       0x40 build/obj/chcore_v7m.o
                0x0000000008000700                _port_init
 .text._port_irq_epilogue
                0x0000000008000740       0x80 build/obj/chcore_v7m.o
                0x0000000008000740                _port_irq_epilogue
 .text.SysTickVector
                0x00000000080007c0       0x20 build/obj/chcore_v7m.o
                0x00000000080007c0                SysTickVector
 .text._port_switch
                0x00000000080007e0       0x10 build/obj/chcore_v7m.o
                0x00000000080007e0                _port_switch
 .text._port_thread_start
                0x00000000080007f0       0x10 build/obj/chcore_v7m.o
                0x00000000080007f0                _port_thread_start
 .text.nvicEnableVector
                0x0000000008000800       0x50 build/obj/nvic.o
                0x0000000008000800                nvicEnableVector
 .text.nvicSetSystemHandlerPriority
                0x0000000008000850       0x30 build/obj/nvic.o
                0x0000000008000850                nvicSetSystemHandlerPriority
 .text._idle_thread
                0x0000000008000880       0x20 build/obj/chsys.o
                0x0000000008000880                _idle_thread
 .text.chSysInit
                0x00000000080008a0       0x70 build/obj/chsys.o
                0x00000000080008a0                chSysInit
 .text.chSysTimerHandlerI
                0x0000000008000910       0x50 build/obj/chsys.o
                0x0000000008000910                chSysTimerHandlerI
 .text._vt_init
                0x0000000008000960       0x20 build/obj/chvt.o
                0x0000000008000960                _vt_init
 .text.chVTSetI
                0x0000000008000980       0x40 build/obj/chvt.o
                0x0000000008000980                chVTSetI
 .text.chVTResetI
                0x00000000080009c0       0x30 build/obj/chvt.o
                0x00000000080009c0                chVTResetI
 .text.chTimeIsWithin
                0x00000000080009f0       0x40 build/obj/chvt.o
                0x00000000080009f0                chTimeIsWithin
 .text.wakeup   0x0000000008000a30       0x50 build/obj/chschd.o
 .text._scheduler_init
                0x0000000008000a80       0x20 build/obj/chschd.o
                0x0000000008000a80                _scheduler_init
 .text.chSchReadyI
                0x0000000008000aa0       0x20 build/obj/chschd.o
                0x0000000008000aa0                chSchReadyI
 .text.chSchGoSleepS
                0x0000000008000ac0       0x30 build/obj/chschd.o
                0x0000000008000ac0                chSchGoSleepS
 .text.chSchGoSleepTimeoutS
                0x0000000008000af0       0x40 build/obj/chschd.o
                0x0000000008000af0                chSchGoSleepTimeoutS
 .text.chSchWakeupS
                0x0000000008000b30       0x60 build/obj/chschd.o
                0x0000000008000b30                chSchWakeupS
 .text.chSchDoReschedule
                0x0000000008000b90       0x40 build/obj/chschd.o
                0x0000000008000b90                chSchDoReschedule
 .text.chSchRescheduleS
                0x0000000008000bd0       0x20 build/obj/chschd.o
                0x0000000008000bd0                chSchRescheduleS
 .text._thread_init
                0x0000000008000bf0       0x50 build/obj/chthreads.o
                0x0000000008000bf0                _thread_init
 .text.chThdCreateI
                0x0000000008000c40       0x70 build/obj/chthreads.o
                0x0000000008000c40                chThdCreateI
 .text.chThdCreateStatic
                0x0000000008000cb0       0x30 build/obj/chthreads.o
                0x0000000008000cb0                chThdCreateStatic
 .text.chThdSetPriority
                0x0000000008000ce0       0x30 build/obj/chthreads.o
                0x0000000008000ce0                chThdSetPriority
 .text.chThdResume
                0x0000000008000d10       0x20 build/obj/chthreads.o
                0x0000000008000d10                chThdResume
 .text.chThdTerminate
                0x0000000008000d30       0x20 build/obj/chthreads.o
                0x0000000008000d30                chThdTerminate
 .text.chThdSleep
                0x0000000008000d50       0x20 build/obj/chthreads.o
                0x0000000008000d50                chThdSleep
 .text.chThdSleepUntil
                0x0000000008000d70       0x30 build/obj/chthreads.o
                0x0000000008000d70                chThdSleepUntil
 .text.chThdYield
                0x0000000008000da0       0x30 build/obj/chthreads.o
                0x0000000008000da0                chThdYield
 .text.chThdExitS
                0x0000000008000dd0       0x40 build/obj/chthreads.o
                0x0000000008000dd0                chThdExitS
 .text.chThdExit
                0x0000000008000e10       0x10 build/obj/chthreads.o
                0x0000000008000e10                chThdExit
 .text.chThdWait
                0x0000000008000e20       0x40 build/obj/chthreads.o
                0x0000000008000e20                chThdWait
 .text.chThdAddRef
                0x0000000008000e60       0x20 build/obj/chdynamic.o
                0x0000000008000e60                chThdAddRef
 .text.chThdRelease
                0x0000000008000e80       0x50 build/obj/chdynamic.o
                0x0000000008000e80                chThdRelease
 .text.chThdCreateFromHeap
                0x0000000008000ed0       0x40 build/obj/chdynamic.o
                0x0000000008000ed0                chThdCreateFromHeap
 .text.chThdCreateFromMemoryPool
                0x0000000008000f10       0x50 build/obj/chdynamic.o
                0x0000000008000f10                chThdCreateFromMemoryPool
 .text.chRegFirstThread
                0x0000000008000f60       0x20 build/obj/chregistry.o
                0x0000000008000f60                chRegFirstThread
 .text.chRegNextThread
                0x0000000008000f80       0x30 build/obj/chregistry.o
                0x0000000008000f80                chRegNextThread
 .text.chSemInit
                0x0000000008000fb0       0x10 build/obj/chsem.o
                0x0000000008000fb0                chSemInit
 .text.chSemResetI
                0x0000000008000fc0       0x30 build/obj/chsem.o
                0x0000000008000fc0                chSemResetI
 .text.chSemReset
                0x0000000008000ff0       0x20 build/obj/chsem.o
                0x0000000008000ff0                chSemReset
 .text.chSemWaitS
                0x0000000008001010       0x40 build/obj/chsem.o
                0x0000000008001010                chSemWaitS
 .text.chSemWait
                0x0000000008001050       0x20 build/obj/chsem.o
                0x0000000008001050                chSemWait
 .text.chSemWaitTimeoutS
                0x0000000008001070       0x40 build/obj/chsem.o
                0x0000000008001070                chSemWaitTimeoutS
 .text.chSemWaitTimeout
                0x00000000080010b0       0x20 build/obj/chsem.o
                0x00000000080010b0                chSemWaitTimeout
 .text.chSemSignal
                0x00000000080010d0       0x30 build/obj/chsem.o
                0x00000000080010d0                chSemSignal
 .text.chSemSignalI
                0x0000000008001100       0x20 build/obj/chsem.o
                0x0000000008001100                chSemSignalI
 .text.chSemAddCounterI
                0x0000000008001120       0x30 build/obj/chsem.o
                0x0000000008001120                chSemAddCounterI
 .text.chSemSignalWait
                0x0000000008001150       0x70 build/obj/chsem.o
                0x0000000008001150                chSemSignalWait
 .text.chMtxInit
                0x00000000080011c0       0x10 build/obj/chmtx.o
                0x00000000080011c0                chMtxInit
 .text.chMtxLockS
                0x00000000080011d0       0xd0 build/obj/chmtx.o
                0x00000000080011d0                chMtxLockS
 .text.chMtxLock
                0x00000000080012a0       0x20 build/obj/chmtx.o
                0x00000000080012a0                chMtxLock
 .text.chMtxTryLock
                0x00000000080012c0       0x30 build/obj/chmtx.o
                0x00000000080012c0                chMtxTryLock
 .text.chMtxUnlock
                0x00000000080012f0       0x60 build/obj/chmtx.o
                0x00000000080012f0                chMtxUnlock
 .text.chMtxUnlockS
                0x0000000008001350       0x50 build/obj/chmtx.o
                0x0000000008001350                chMtxUnlockS
 .text.chMtxUnlockAll
                0x00000000080013a0       0x50 build/obj/chmtx.o
                0x00000000080013a0                chMtxUnlockAll
 .text.chCondInit
                0x00000000080013f0       0x10 build/obj/chcond.o
                0x00000000080013f0                chCondInit
 .text.chCondSignal
                0x0000000008001400       0x30 build/obj/chcond.o
                0x0000000008001400                chCondSignal
 .text.chCondSignalI
                0x0000000008001430       0x20 build/obj/chcond.o
                0x0000000008001430                chCondSignalI
 .text.chCondBroadcastI
                0x0000000008001450       0x30 build/obj/chcond.o
                0x0000000008001450                chCondBroadcastI
 .text.chCondBroadcast
                0x0000000008001480       0x20 build/obj/chcond.o
                0x0000000008001480                chCondBroadcast
 .text.chCondWaitS
                0x00000000080014a0       0x50 build/obj/chcond.o
                0x00000000080014a0                chCondWaitS
 .text.chCondWait
                0x00000000080014f0       0x20 build/obj/chcond.o
                0x00000000080014f0                chCondWait
 .text.chCondWaitTimeoutS
                0x0000000008001510       0x50 build/obj/chcond.o
                0x0000000008001510                chCondWaitTimeoutS
 .text.chCondWaitTimeout
                0x0000000008001560       0x20 build/obj/chcond.o
                0x0000000008001560                chCondWaitTimeout
 .text.chEvtRegisterMask
                0x0000000008001580       0x30 build/obj/chevents.o
                0x0000000008001580                chEvtRegisterMask
 .text.chEvtUnregister
                0x00000000080015b0       0x30 build/obj/chevents.o
                0x00000000080015b0                chEvtUnregister
 .text.chEvtClearFlags
                0x00000000080015e0       0x30 build/obj/chevents.o
                0x00000000080015e0                chEvtClearFlags
 .text.chEvtAddFlags
                0x0000000008001610       0x20 build/obj/chevents.o
                0x0000000008001610                chEvtAddFlags
 .text.chEvtSignalFlagsI
                0x0000000008001630       0x30 build/obj/chevents.o
                0x0000000008001630                chEvtSignalFlagsI
 .text.chEvtSignalFlags
                0x0000000008001660       0x20 build/obj/chevents.o
                0x0000000008001660                chEvtSignalFlags
 .text.chEvtBroadcastFlagsI
                0x0000000008001680       0x20 build/obj/chevents.o
                0x0000000008001680                chEvtBroadcastFlagsI
 .text.chEvtBroadcastFlags
                0x00000000080016a0       0x20 build/obj/chevents.o
                0x00000000080016a0                chEvtBroadcastFlags
 .text.chEvtDispatch
                0x00000000080016c0       0x30 build/obj/chevents.o
                0x00000000080016c0                chEvtDispatch
 .text.chEvtWaitOne
                0x00000000080016f0       0x40 build/obj/chevents.o
                0x00000000080016f0                chEvtWaitOne
 .text.chEvtWaitAny
                0x0000000008001730       0x40 build/obj/chevents.o
                0x0000000008001730                chEvtWaitAny
 .text.chEvtWaitAll
                0x0000000008001770       0x40 build/obj/chevents.o
                0x0000000008001770                chEvtWaitAll
 .text.chEvtWaitOneTimeout
                0x00000000080017b0       0x50 build/obj/chevents.o
                0x00000000080017b0                chEvtWaitOneTimeout
 .text.chEvtWaitAnyTimeout
                0x0000000008001800       0x50 build/obj/chevents.o
                0x0000000008001800                chEvtWaitAnyTimeout
 .text.chEvtWaitAllTimeout
                0x0000000008001850       0x60 build/obj/chevents.o
                0x0000000008001850                chEvtWaitAllTimeout
 .text.chMsgSend
                0x00000000080018b0       0x40 build/obj/chmsg.o
                0x00000000080018b0                chMsgSend
 .text.chMsgWait
                0x00000000080018f0       0x40 build/obj/chmsg.o
                0x00000000080018f0                chMsgWait
 .text.chMsgRelease
                0x0000000008001930       0x20 build/obj/chmsg.o
                0x0000000008001930                chMsgRelease
 .text.chMBInit
                0x0000000008001950       0x30 build/obj/chmboxes.o
                0x0000000008001950                chMBInit
 .text.chMBReset
                0x0000000008001980       0x40 build/obj/chmboxes.o
                0x0000000008001980                chMBReset
 .text.chMBPostS
                0x00000000080019c0       0x40 build/obj/chmboxes.o
                0x00000000080019c0                chMBPostS
 .text.chMBPost
                0x0000000008001a00       0x20 build/obj/chmboxes.o
                0x0000000008001a00                chMBPost
 .text.chMBPostI
                0x0000000008001a20       0x30 build/obj/chmboxes.o
                0x0000000008001a20                chMBPostI
 .text.chMBPostAheadS
                0x0000000008001a50       0x40 build/obj/chmboxes.o
                0x0000000008001a50                chMBPostAheadS
 .text.chMBPostAhead
                0x0000000008001a90       0x20 build/obj/chmboxes.o
                0x0000000008001a90                chMBPostAhead
 .text.chMBPostAheadI
                0x0000000008001ab0       0x30 build/obj/chmboxes.o
                0x0000000008001ab0                chMBPostAheadI
 .text.chMBFetchS
                0x0000000008001ae0       0x40 build/obj/chmboxes.o
                0x0000000008001ae0                chMBFetchS
 .text.chMBFetch
                0x0000000008001b20       0x20 build/obj/chmboxes.o
                0x0000000008001b20                chMBFetch
 .text.chMBFetchI
                0x0000000008001b40       0x30 build/obj/chmboxes.o
                0x0000000008001b40                chMBFetchI
 .text.qwait    0x0000000008001b70       0x30 build/obj/chqueues.o
 .text.chIQInit
                0x0000000008001ba0       0x20 build/obj/chqueues.o
                0x0000000008001ba0                chIQInit
 .text.chIQResetI
                0x0000000008001bc0       0x30 build/obj/chqueues.o
                0x0000000008001bc0                chIQResetI
 .text.chIQPutI
                0x0000000008001bf0       0x50 build/obj/chqueues.o
                0x0000000008001bf0                chIQPutI
 .text.chIQGetTimeout
                0x0000000008001c40       0x50 build/obj/chqueues.o
                0x0000000008001c40                chIQGetTimeout
 .text.chIQReadTimeout
                0x0000000008001c90       0x80 build/obj/chqueues.o
                0x0000000008001c90                chIQReadTimeout
 .text.chOQInit
                0x0000000008001d10       0x20 build/obj/chqueues.o
                0x0000000008001d10                chOQInit
 .text.chOQResetI
                0x0000000008001d30       0x30 build/obj/chqueues.o
                0x0000000008001d30                chOQResetI
 .text.chOQPutTimeout
                0x0000000008001d60       0x50 build/obj/chqueues.o
                0x0000000008001d60                chOQPutTimeout
 .text.chOQGetI
                0x0000000008001db0       0x50 build/obj/chqueues.o
                0x0000000008001db0                chOQGetI
 .text.chOQWriteTimeout
                0x0000000008001e00       0x80 build/obj/chqueues.o
                0x0000000008001e00                chOQWriteTimeout
 .text._core_init
                0x0000000008001e80       0x30 build/obj/chmemcore.o
                0x0000000008001e80                _core_init
 .text.chCoreAlloc
                0x0000000008001eb0       0x40 build/obj/chmemcore.o
                0x0000000008001eb0                chCoreAlloc
 .text.chCoreStatus
                0x0000000008001ef0       0x20 build/obj/chmemcore.o
                0x0000000008001ef0                chCoreStatus
 .text._heap_init
                0x0000000008001f10       0x20 build/obj/chheap.o
                0x0000000008001f10                _heap_init
 .text.chHeapInit
                0x0000000008001f30       0x20 build/obj/chheap.o
                0x0000000008001f30                chHeapInit
 .text.chHeapAlloc
                0x0000000008001f50       0x90 build/obj/chheap.o
                0x0000000008001f50                chHeapAlloc
 .text.chHeapFree
                0x0000000008001fe0       0x90 build/obj/chheap.o
                0x0000000008001fe0                chHeapFree
 .text.chHeapStatus
                0x0000000008002070       0x40 build/obj/chheap.o
                0x0000000008002070                chHeapStatus
 .text.chPoolInit
                0x00000000080020b0       0x10 build/obj/chmempools.o
                0x00000000080020b0                chPoolInit
 .text.chPoolAlloc
                0x00000000080020c0       0x30 build/obj/chmempools.o
                0x00000000080020c0                chPoolAlloc
 .text.chPoolFree
                0x00000000080020f0       0x20 build/obj/chmempools.o
                0x00000000080020f0                chPoolFree
 .text.tmr      0x0000000008002110       0x10 build/obj/test.o
 .text.print_line
                0x0000000008002120       0x40 build/obj/test.o
 .text.test_printn
                0x0000000008002160       0x70 build/obj/test.o
                0x0000000008002160                test_printn
 .text.test_print
                0x00000000080021d0       0x30 build/obj/test.o
                0x00000000080021d0                test_print
 .text.test_println
                0x0000000008002200       0x40 build/obj/test.o
                0x0000000008002200                test_println
 .text.test_emit_token
                0x0000000008002240       0x20 build/obj/test.o
                0x0000000008002240                test_emit_token
 .text._test_assert
                0x0000000008002260       0x30 build/obj/test.o
                0x0000000008002260                _test_assert
 .text._test_assert_sequence
                0x0000000008002290       0x60 build/obj/test.o
                0x0000000008002290                _test_assert_sequence
 .text._test_assert_time_window
                0x00000000080022f0       0x30 build/obj/test.o
                0x00000000080022f0                _test_assert_time_window
 .text.test_terminate_threads
                0x0000000008002320       0x20 build/obj/test.o
                0x0000000008002320                test_terminate_threads
 .text.test_wait_threads
                0x0000000008002340       0x30 build/obj/test.o
                0x0000000008002340                test_wait_threads
 .text.test_cpu_pulse
                0x0000000008002370       0x60 build/obj/test.o
                0x0000000008002370                test_cpu_pulse
 .text.test_wait_tick
                0x00000000080023d0       0x20 build/obj/test.o
                0x00000000080023d0                test_wait_tick
 .text.test_start_timer
                0x00000000080023f0       0x50 build/obj/test.o
                0x00000000080023f0                test_start_timer
 .text.TestThread
                0x0000000008002440      0x370 build/obj/test.o
                0x0000000008002440                TestThread
 .text.thd3_execute
                0x00000000080027b0      0x140 build/obj/testthd.o
 .text.thd2_execute
                0x00000000080028f0       0xf0 build/obj/testthd.o
 .text.thd1_execute
                0x00000000080029e0       0xf0 build/obj/testthd.o
 .text.thread   0x0000000008002ad0       0x10 build/obj/testthd.o
 .text.thd4_execute
                0x0000000008002ae0       0x80 build/obj/testthd.o
 .text.sem3_setup
                0x0000000008002b60       0x10 build/obj/testsem.o
 .text.sem2_setup
                0x0000000008002b70       0x10 build/obj/testsem.o
 .text.sem1_setup
                0x0000000008002b80       0x10 build/obj/testsem.o
 .text.sem4_execute
                0x0000000008002b90      0x100 build/obj/testsem.o
 .text.thread4  0x0000000008002c90       0x30 build/obj/testsem.o
 .text.thread3  0x0000000008002cc0       0x20 build/obj/testsem.o
 .text.thread1  0x0000000008002ce0       0x20 build/obj/testsem.o
 .text.thread2  0x0000000008002d00       0x30 build/obj/testsem.o
 .text.sem1_execute
                0x0000000008002d30      0x150 build/obj/testsem.o
 .text.sem3_execute
                0x0000000008002e80       0xa0 build/obj/testsem.o
 .text.sem2_execute
                0x0000000008002f20      0x150 build/obj/testsem.o
 .text.mtx8_execute
                0x0000000008003070       0xb0 build/obj/testmtx.o
 .text.thread12
                0x0000000008003120       0x20 build/obj/testmtx.o
 .text.thread1  0x0000000008003140       0x20 build/obj/testmtx.o
 .text.thread10
                0x0000000008003160       0x30 build/obj/testmtx.o
 .text.thread11
                0x0000000008003190       0x40 build/obj/testmtx.o
 .text.mtx8_setup
                0x00000000080031d0       0x30 build/obj/testmtx.o
 .text.mtx7_setup
                0x0000000008003200       0x20 build/obj/testmtx.o
 .text.mtx6_setup
                0x0000000008003220       0x20 build/obj/testmtx.o
 .text.mtx5_setup
                0x0000000008003240       0x10 build/obj/testmtx.o
 .text.mtx4_setup
                0x0000000008003250       0x20 build/obj/testmtx.o
 .text.mtx3_setup
                0x0000000008003270       0x20 build/obj/testmtx.o
 .text.mtx2_setup
                0x0000000008003290       0x10 build/obj/testmtx.o
 .text.mtx1_setup
                0x00000000080032a0       0x10 build/obj/testmtx.o
 .text.mtx7_execute
                0x00000000080032b0       0xd0 build/obj/testmtx.o
 .text.mtx6_execute
                0x0000000008003380      0x100 build/obj/testmtx.o
 .text.mtx1_execute
                0x0000000008003480       0xe0 build/obj/testmtx.o
 .text.mtx5_execute
                0x0000000008003560       0xd0 build/obj/testmtx.o
 .text.mtx4_execute
                0x0000000008003630      0x260 build/obj/testmtx.o
 .text.thread4b
                0x0000000008003890       0x20 build/obj/testmtx.o
 .text.thread4a
                0x00000000080038b0       0x20 build/obj/testmtx.o
 .text.mtx3_execute
                0x00000000080038d0       0xf0 build/obj/testmtx.o
 .text.mtx2_execute
                0x00000000080039c0       0xb0 build/obj/testmtx.o
 .text.thread3HH
                0x0000000008003a70       0x30 build/obj/testmtx.o
 .text.thread3H
                0x0000000008003aa0       0x20 build/obj/testmtx.o
 .text.thread3M
                0x0000000008003ac0       0x30 build/obj/testmtx.o
 .text.thread3L
                0x0000000008003af0       0x50 build/obj/testmtx.o
 .text.thread3LL
                0x0000000008003b40       0x30 build/obj/testmtx.o
 .text.thread2L
                0x0000000008003b70       0x30 build/obj/testmtx.o
 .text.thread2M
                0x0000000008003ba0       0x20 build/obj/testmtx.o
 .text.thread2H
                0x0000000008003bc0       0x30 build/obj/testmtx.o
 .text.msg1_execute
                0x0000000008003bf0       0x90 build/obj/testmsg.o
 .text.thread   0x0000000008003c80       0x20 build/obj/testmsg.o
 .text.mbox1_execute
                0x0000000008003ca0      0x630 build/obj/testmbox.o
 .text.mbox1_setup
                0x00000000080042d0       0x20 build/obj/testmbox.o
 .text.evt3_setup
                0x00000000080042f0       0x10 build/obj/testevt.o
 .text.evt2_setup
                0x0000000008004300       0x10 build/obj/testevt.o
 .text.evt1_setup
                0x0000000008004310       0x10 build/obj/testevt.o
 .text.evt2_execute
                0x0000000008004320      0x260 build/obj/testevt.o
 .text.thread2  0x0000000008004580       0x30 build/obj/testevt.o
 .text.thread1  0x00000000080045b0       0x20 build/obj/testevt.o
 .text.evt1_execute
                0x00000000080045d0       0x90 build/obj/testevt.o
 .text.h3       0x0000000008004660       0x10 build/obj/testevt.o
 .text.h2       0x0000000008004670       0x10 build/obj/testevt.o
 .text.h1       0x0000000008004680       0x10 build/obj/testevt.o
 .text.evt3_execute
                0x0000000008004690       0xb0 build/obj/testevt.o
 .text.heap1_execute
                0x0000000008004740      0x250 build/obj/testheap.o
 .text.heap1_setup
                0x0000000008004990       0x20 build/obj/testheap.o
 .text.null_provider
                0x00000000080049b0       0x10 build/obj/testpools.o
 .text.pools1_setup
                0x00000000080049c0       0x20 build/obj/testpools.o
 .text.pools1_execute
                0x00000000080049e0       0x80 build/obj/testpools.o
 .text.regfind  0x0000000008004a60       0x30 build/obj/testdyn.o
 .text.dyn3_execute
                0x0000000008004a90      0x140 build/obj/testdyn.o
 .text.thread   0x0000000008004bd0       0x10 build/obj/testdyn.o
 .text.dyn3_setup
                0x0000000008004be0       0x20 build/obj/testdyn.o
 .text.dyn1_setup
                0x0000000008004c00       0x20 build/obj/testdyn.o
 .text.dyn2_execute
                0x0000000008004c20      0x100 build/obj/testdyn.o
 .text.dyn2_setup
                0x0000000008004d20       0x20 build/obj/testdyn.o
 .text.dyn1_execute
                0x0000000008004d40       0xf0 build/obj/testdyn.o
 .text.notify   0x0000000008004e30       0x10 build/obj/testqueues.o
 .text.thread2  0x0000000008004e40       0x20 build/obj/testqueues.o
 .text.queues2_setup
                0x0000000008004e60       0x20 build/obj/testqueues.o
 .text.thread1  0x0000000008004e80       0x20 build/obj/testqueues.o
 .text.queues1_setup
                0x0000000008004ea0       0x20 build/obj/testqueues.o
 .text.queues2_execute
                0x0000000008004ec0      0x270 build/obj/testqueues.o
 .text.queues1_execute
                0x0000000008005130      0x2b0 build/obj/testqueues.o
 .text.thread2  0x00000000080053e0       0x10 build/obj/testbmk.o
 .text.tmo      0x00000000080053f0       0x10 build/obj/testbmk.o
 .text.bmk13_execute
                0x0000000008005400      0x100 build/obj/testbmk.o
 .text.bmk12_execute
                0x0000000008005500       0x70 build/obj/testbmk.o
 .text.bmk12_setup
                0x0000000008005570       0x10 build/obj/testbmk.o
 .text.thread3  0x0000000008005580       0x30 build/obj/testbmk.o
 .text.bmk11_execute
                0x00000000080055b0       0x70 build/obj/testbmk.o
 .text.bmk11_setup
                0x0000000008005620       0x10 build/obj/testbmk.o
 .text.bmk7_setup
                0x0000000008005630       0x10 build/obj/testbmk.o
 .text.bmk10_execute
                0x0000000008005640       0x80 build/obj/testbmk.o
 .text.bmk9_execute
                0x00000000080056c0       0xb0 build/obj/testbmk.o
 .text.bmk6_execute
                0x0000000008005770       0x70 build/obj/testbmk.o
 .text.bmk8_execute
                0x00000000080057e0       0xf0 build/obj/testbmk.o
 .text.thread8  0x00000000080058d0       0x40 build/obj/testbmk.o
 .text.bmk7_execute
                0x0000000008005910      0x110 build/obj/testbmk.o
 .text.bmk5_execute
                0x0000000008005a20       0x80 build/obj/testbmk.o
 .text.bmk4_execute
                0x0000000008005aa0       0xc0 build/obj/testbmk.o
 .text.msg_loop_test
                0x0000000008005b60       0x40 build/obj/testbmk.o
 .text.bmk3_execute
                0x0000000008005ba0       0xe0 build/obj/testbmk.o
 .text.bmk2_execute
                0x0000000008005c80       0x80 build/obj/testbmk.o
 .text.bmk1_execute
                0x0000000008005d00       0x80 build/obj/testbmk.o
 .text.thread1  0x0000000008005d80       0x20 build/obj/testbmk.o
 .text.thread4  0x0000000008005da0       0x30 build/obj/testbmk.o
                0x0000000008005da0                thread4
 .text.halInit  0x0000000008005dd0       0x30 build/obj/hal.o
                0x0000000008005dd0                halInit
 .text._sdc_wait_for_transfer_state
                0x0000000008005e00       0x50 build/obj/sdc.o
                0x0000000008005e00                _sdc_wait_for_transfer_state
 .text.sdcInit  0x0000000008005e50       0x10 build/obj/sdc.o
                0x0000000008005e50                sdcInit
 .text.sdcObjectInit
                0x0000000008005e60       0x10 build/obj/sdc.o
                0x0000000008005e60                sdcObjectInit
 .text.sdcStart
                0x0000000008005e70       0x20 build/obj/sdc.o
                0x0000000008005e70                sdcStart
 .text.sdcConnect
                0x0000000008005e90      0x1c0 build/obj/sdc.o
                0x0000000008005e90                sdcConnect
 .text.sdcDisconnect
                0x0000000008006050       0x40 build/obj/sdc.o
                0x0000000008006050                sdcDisconnect
 .text.sdcRead  0x0000000008006090       0x30 build/obj/sdc.o
                0x0000000008006090                sdcRead
 .text.sdcWrite
                0x00000000080060c0       0x30 build/obj/sdc.o
                0x00000000080060c0                sdcWrite
 .text.putwouldblock
                0x00000000080060f0       0x10 build/obj/serial.o
 .text.getwouldblock
                0x0000000008006100       0x10 build/obj/serial.o
 .text.getflags
                0x0000000008006110       0x20 build/obj/serial.o
 .text.readt    0x0000000008006130       0x10 build/obj/serial.o
 .text.reads    0x0000000008006140       0x10 build/obj/serial.o
 .text.writet   0x0000000008006150       0x10 build/obj/serial.o
 .text.writes   0x0000000008006160       0x10 build/obj/serial.o
 .text.gett     0x0000000008006170       0x10 build/obj/serial.o
 .text.putt     0x0000000008006180       0x10 build/obj/serial.o
 .text.sdInit   0x0000000008006190       0x10 build/obj/serial.o
                0x0000000008006190                sdInit
 .text.sdObjectInit
                0x00000000080061a0       0x50 build/obj/serial.o
                0x00000000080061a0                sdObjectInit
 .text.sdStart  0x00000000080061f0       0x20 build/obj/serial.o
                0x00000000080061f0                sdStart
 .text.sdIncomingDataI
                0x0000000008006210       0x50 build/obj/serial.o
                0x0000000008006210                sdIncomingDataI
 .text.tm_start
                0x0000000008006260       0x10 build/obj/tm.o
 .text.tm_stop  0x0000000008006270       0x30 build/obj/tm.o
 .text.tmInit   0x00000000080062a0       0x50 build/obj/tm.o
                0x00000000080062a0                tmInit
 .text.Vector6C
                0x00000000080062f0       0x30 build/obj/stm32_dma.o
                0x00000000080062f0                Vector6C
 .text.Vector70
                0x0000000008006320       0x30 build/obj/stm32_dma.o
                0x0000000008006320                Vector70
 .text.Vector74
                0x0000000008006350       0x30 build/obj/stm32_dma.o
                0x0000000008006350                Vector74
 .text.Vector78
                0x0000000008006380       0x30 build/obj/stm32_dma.o
                0x0000000008006380                Vector78
 .text.Vector7C
                0x00000000080063b0       0x30 build/obj/stm32_dma.o
                0x00000000080063b0                Vector7C
 .text.Vector80
                0x00000000080063e0       0x30 build/obj/stm32_dma.o
                0x00000000080063e0                Vector80
 .text.Vector84
                0x0000000008006410       0x30 build/obj/stm32_dma.o
                0x0000000008006410                Vector84
 .text.Vector120
                0x0000000008006440       0x30 build/obj/stm32_dma.o
                0x0000000008006440                Vector120
 .text.Vector124
                0x0000000008006470       0x30 build/obj/stm32_dma.o
                0x0000000008006470                Vector124
 .text.Vector128
                0x00000000080064a0       0x30 build/obj/stm32_dma.o
                0x00000000080064a0                Vector128
 .text.Vector12C
                0x00000000080064d0       0x50 build/obj/stm32_dma.o
                0x00000000080064d0                Vector12C
 .text.dmaInit  0x0000000008006520       0x50 build/obj/stm32_dma.o
                0x0000000008006520                dmaInit
 .text.dmaStreamAllocate
                0x0000000008006570       0x90 build/obj/stm32_dma.o
                0x0000000008006570                dmaStreamAllocate
 .text.hal_lld_init
                0x0000000008006600       0x80 build/obj/hal_lld.o
                0x0000000008006600                hal_lld_init
 .text.stm32_clock_init
                0x0000000008006680       0xb0 build/obj/hal_lld.o
                0x0000000008006680                stm32_clock_init
 .text.notify2  0x0000000008006730       0x20 build/obj/serial_lld.o
 .text.VectorD8
                0x0000000008006750      0x160 build/obj/serial_lld.o
                0x0000000008006750                VectorD8
 .text.sd_lld_init
                0x00000000080068b0       0x30 build/obj/serial_lld.o
                0x00000000080068b0                sd_lld_init
 .text.sd_lld_start
                0x00000000080068e0       0x80 build/obj/serial_lld.o
                0x00000000080068e0                sd_lld_start
 .text.sdc_lld_write_single
                0x0000000008006960      0x120 build/obj/sdc_lld.o
 .text.sdc_lld_read_single
                0x0000000008006a80      0x130 build/obj/sdc_lld.o
 .text.Vector104
                0x0000000008006bb0       0x40 build/obj/sdc_lld.o
                0x0000000008006bb0                Vector104
 .text.sdc_lld_init
                0x0000000008006bf0       0x20 build/obj/sdc_lld.o
                0x0000000008006bf0                sdc_lld_init
 .text.sdc_lld_start
                0x0000000008006c10       0x60 build/obj/sdc_lld.o
                0x0000000008006c10                sdc_lld_start
 .text.sdc_lld_start_clk
                0x0000000008006c70       0x20 build/obj/sdc_lld.o
                0x0000000008006c70                sdc_lld_start_clk
 .text.sdc_lld_set_data_clk
                0x0000000008006c90       0x20 build/obj/sdc_lld.o
                0x0000000008006c90                sdc_lld_set_data_clk
 .text.sdc_lld_stop_clk
                0x0000000008006cb0       0x10 build/obj/sdc_lld.o
                0x0000000008006cb0                sdc_lld_stop_clk
 .text.sdc_lld_set_bus_mode
                0x0000000008006cc0       0x30 build/obj/sdc_lld.o
                0x0000000008006cc0                sdc_lld_set_bus_mode
 .text.sdc_lld_send_cmd_none
                0x0000000008006cf0       0x30 build/obj/sdc_lld.o
                0x0000000008006cf0                sdc_lld_send_cmd_none
 .text.sdc_lld_send_cmd_short
                0x0000000008006d20       0x40 build/obj/sdc_lld.o
                0x0000000008006d20                sdc_lld_send_cmd_short
 .text.sdc_lld_send_cmd_short_crc
                0x0000000008006d60       0x40 build/obj/sdc_lld.o
                0x0000000008006d60                sdc_lld_send_cmd_short_crc
 .text.sdc_lld_send_cmd_long_crc
                0x0000000008006da0       0x40 build/obj/sdc_lld.o
                0x0000000008006da0                sdc_lld_send_cmd_long_crc
 .text.sdc_lld_read
                0x0000000008006de0      0x1b0 build/obj/sdc_lld.o
                0x0000000008006de0                sdc_lld_read
 .text.sdc_lld_write
                0x0000000008006f90      0x190 build/obj/sdc_lld.o
                0x0000000008006f90                sdc_lld_write
 .text._pal_lld_init
                0x0000000008007120       0xb0 build/obj/pal_lld.o
                0x0000000008007120                _pal_lld_init
 .text._pal_lld_setgroupmode
                0x00000000080071d0       0x60 build/obj/pal_lld.o
                0x00000000080071d0                _pal_lld_setgroupmode
 .text.__early_init
                0x0000000008007230       0x10 build/obj/board.o
                0x0000000008007230                __early_init
 .text.boardInit
                0x0000000008007240       0x10 build/obj/board.o
                0x0000000008007240                boardInit
 .text.disk_initialize
                0x0000000008007250       0x30 build/obj/diskio.o
                0x0000000008007250                disk_initialize
 .text.disk_status
                0x0000000008007280       0x30 build/obj/diskio.o
                0x0000000008007280                disk_status
 .text.disk_read
                0x00000000080072b0       0x30 build/obj/diskio.o
                0x00000000080072b0                disk_read
 .text.disk_write
                0x00000000080072e0       0x30 build/obj/diskio.o
                0x00000000080072e0                disk_write
 .text.get_fileinfo
                0x0000000008007310       0x90 build/obj/ff.o
 .text.move_window
                0x00000000080073a0       0x80 build/obj/ff.o
 .text.validate
                0x0000000008007420       0x30 build/obj/ff.o
 .text.check_fs
                0x0000000008007450       0x90 build/obj/ff.o
 .text.chk_mounted
                0x00000000080074e0      0x310 build/obj/ff.o
 .text.get_fat  0x00000000080077f0       0xd0 build/obj/ff.o
                0x00000000080077f0                get_fat
 .text.dir_sdi  0x00000000080078c0       0xa0 build/obj/ff.o
 .text.put_fat  0x0000000008007960      0x110 build/obj/ff.o
                0x0000000008007960                put_fat
 .text.create_chain
                0x0000000008007a70       0xb0 build/obj/ff.o
 .text.dir_next
                0x0000000008007b20      0x130 build/obj/ff.o
 .text.follow_path
                0x0000000008007c50      0x250 build/obj/ff.o
 .text.dir_read
                0x0000000008007ea0       0x60 build/obj/ff.o
 .text.f_mount  0x0000000008007f00       0x20 build/obj/ff.o
                0x0000000008007f00                f_mount
 .text.f_opendir
                0x0000000008007f20       0x70 build/obj/ff.o
                0x0000000008007f20                f_opendir
 .text.f_readdir
                0x0000000008007f90       0x60 build/obj/ff.o
                0x0000000008007f90                f_readdir
 .text.f_getfree
                0x0000000008007ff0      0x110 build/obj/ff.o
                0x0000000008007ff0                f_getfree
 .text.cmd_systime
                0x0000000008008100       0x30 build/obj/shell.o
 .text.cmd_info
                0x0000000008008130       0xc0 build/obj/shell.o
 .text._strtok.constprop.2
                0x00000000080081f0       0x40 build/obj/shell.o
 .text.shellInit
                0x0000000008008230       0x10 build/obj/shell.o
                0x0000000008008230                shellInit
 .text.shellCreate
                0x0000000008008240       0x20 build/obj/shell.o
                0x0000000008008240                shellCreate
 .text.shellGetLine
                0x0000000008008260       0xb0 build/obj/shell.o
                0x0000000008008260                shellGetLine
 .text.shell_thread
                0x0000000008008310      0x1c0 build/obj/shell.o
 .text.ltoa     0x00000000080084d0       0x50 build/obj/chprintf.o
 .text.chprintf
                0x0000000008008520      0x2e0 build/obj/chprintf.o
                0x0000000008008520                chprintf
 .text.cmd_card
                0x0000000008008800       0x80 build/obj/main.o
 .text.cmd_count
                0x0000000008008880       0x40 build/obj/main.o
 .text.staticThread
                0x00000000080088c0       0x20 build/obj/main.o
 .text.RemoveHandler
                0x00000000080088e0       0x30 build/obj/main.o
 .text.tmrfunc  0x0000000008008910       0x60 build/obj/main.o
 .text.cmd_test
                0x0000000008008970       0x70 build/obj/main.o
 .text.cmd_threads
                0x00000000080089e0       0x70 build/obj/main.o
 .text.cmd_mem  0x0000000008008a50       0x60 build/obj/main.o
 .text.InsertHandler
                0x0000000008008ab0       0x70 build/obj/main.o
 .text.scan_files.constprop.4
                0x0000000008008b20       0x80 build/obj/main.o
 .text.cmd_tree
                0x0000000008008ba0       0x80 build/obj/main.o
 .text.sdc_lld_is_write_protected
                0x0000000008008c20       0x10 build/obj/main.o
                0x0000000008008c20                sdc_lld_is_write_protected
 *(.rodata)
 .rodata        0x0000000008008c30        0x4 build/obj/shell.o
 *fill*         0x0000000008008c34        0xc 
 .rodata        0x0000000008008c40      0x104 /Users/toxygen/Applications/yagarto-4.7.2/bin/../lib/gcc/arm-none-eabi/4.7.2/../../../../arm-none-eabi/lib/thumb/v7m/libc.a(lib_a-ctype_.o)
                0x0000000008008c40                _ctype_
 *(.rodata.*)
 *fill*         0x0000000008008d44        0xc 
 .rodata.str1.4
                0x0000000008008d50        0x5 build/obj/chsys.o
                                          0x8 (size before relaxing)
 *fill*         0x0000000008008d55        0xb 
 .rodata.ch_debug
                0x0000000008008d60       0x18 build/obj/chregistry.o
                0x0000000008008d60                ch_debug
 *fill*         0x0000000008008d78        0x8 
 .rodata.wa     0x0000000008008d80       0x14 build/obj/test.o
                0x0000000008008d80                wa
 *fill*         0x0000000008008d94        0xc 
 .rodata.str1.4
                0x0000000008008da0      0x1bb build/obj/test.o
                                        0x1c8 (size before relaxing)
 *fill*         0x0000000008008f5b        0x5 
 .rodata.patterns
                0x0000000008008f60       0x30 build/obj/test.o
 .rodata.testthd1
                0x0000000008008f90       0x10 build/obj/testthd.o
                0x0000000008008f90                testthd1
 .rodata.testthd2
                0x0000000008008fa0       0x10 build/obj/testthd.o
                0x0000000008008fa0                testthd2
 .rodata.testthd3
                0x0000000008008fb0       0x10 build/obj/testthd.o
                0x0000000008008fb0                testthd3
 .rodata.testthd4
                0x0000000008008fc0       0x10 build/obj/testthd.o
                0x0000000008008fc0                testthd4
 .rodata.patternthd
                0x0000000008008fd0       0x14 build/obj/testthd.o
                0x0000000008008fd0                patternthd
 *fill*         0x0000000008008fe4        0xc 
 .rodata.str1.4
                0x0000000008008ff0       0x77 build/obj/testthd.o
                                         0x80 (size before relaxing)
 *fill*         0x0000000008009067        0x9 
 .rodata.testsem1
                0x0000000008009070       0x10 build/obj/testsem.o
                0x0000000008009070                testsem1
 .rodata.testsem2
                0x0000000008009080       0x10 build/obj/testsem.o
                0x0000000008009080                testsem2
 .rodata.testsem3
                0x0000000008009090       0x10 build/obj/testsem.o
                0x0000000008009090                testsem3
 .rodata.testsem4
                0x00000000080090a0       0x10 build/obj/testsem.o
                0x00000000080090a0                testsem4
 .rodata.patternsem
                0x00000000080090b0       0x14 build/obj/testsem.o
                0x00000000080090b0                patternsem
 *fill*         0x00000000080090c4        0xc 
 .rodata.str1.4
                0x00000000080090d0       0x6e build/obj/testsem.o
                                         0x8c (size before relaxing)
 *fill*         0x000000000800913e        0x2 
 .rodata.testmtx5
                0x0000000008009140       0x10 build/obj/testmtx.o
                0x0000000008009140                testmtx5
 .rodata.testmtx6
                0x0000000008009150       0x10 build/obj/testmtx.o
                0x0000000008009150                testmtx6
 .rodata.testmtx7
                0x0000000008009160       0x10 build/obj/testmtx.o
                0x0000000008009160                testmtx7
 .rodata.testmtx8
                0x0000000008009170       0x10 build/obj/testmtx.o
                0x0000000008009170                testmtx8
 .rodata.str1.4
                0x0000000008009180       0xed build/obj/testmtx.o
                                        0x10c (size before relaxing)
 *fill*         0x000000000800926d        0x3 
 .rodata.patternmtx
                0x0000000008009270       0x24 build/obj/testmtx.o
                0x0000000008009270                patternmtx
 *fill*         0x0000000008009294        0xc 
 .rodata.testmtx1
                0x00000000080092a0       0x10 build/obj/testmtx.o
                0x00000000080092a0                testmtx1
 .rodata.testmtx2
                0x00000000080092b0       0x10 build/obj/testmtx.o
                0x00000000080092b0                testmtx2
 .rodata.testmtx3
                0x00000000080092c0       0x10 build/obj/testmtx.o
                0x00000000080092c0                testmtx3
 .rodata.testmtx4
                0x00000000080092d0       0x10 build/obj/testmtx.o
                0x00000000080092d0                testmtx4
 .rodata.testmsg1
                0x00000000080092e0       0x10 build/obj/testmsg.o
                0x00000000080092e0                testmsg1
 .rodata.str1.4
                0x00000000080092f0        0xf build/obj/testmsg.o
                                         0x14 (size before relaxing)
 *fill*         0x00000000080092ff        0x1 
 .rodata.patternmsg
                0x0000000008009300        0x8 build/obj/testmsg.o
                0x0000000008009300                patternmsg
 *fill*         0x0000000008009308        0x8 
 .rodata.patternmbox
                0x0000000008009310        0x8 build/obj/testmbox.o
                0x0000000008009310                patternmbox
 *fill*         0x0000000008009318        0x8 
 .rodata.str1.4
                0x0000000008009320       0x20 build/obj/testmbox.o
                                         0x28 (size before relaxing)
 .rodata.testmbox1
                0x0000000008009340       0x10 build/obj/testmbox.o
                0x0000000008009340                testmbox1
 .rodata.patternevt
                0x0000000008009350       0x10 build/obj/testevt.o
                0x0000000008009350                patternevt
 .rodata.testevt2
                0x0000000008009360       0x10 build/obj/testevt.o
                0x0000000008009360                testevt2
 .rodata.str1.4
                0x0000000008009370       0x52 build/obj/testevt.o
                                         0x5c (size before relaxing)
 *fill*         0x00000000080093c2        0xe 
 .rodata.testevt1
                0x00000000080093d0       0x10 build/obj/testevt.o
                0x00000000080093d0                testevt1
 .rodata.evhndl
                0x00000000080093e0        0xc build/obj/testevt.o
 *fill*         0x00000000080093ec        0x4 
 .rodata.testevt3
                0x00000000080093f0       0x10 build/obj/testevt.o
                0x00000000080093f0                testevt3
 .rodata.patternheap
                0x0000000008009400        0x8 build/obj/testheap.o
                0x0000000008009400                patternheap
 *fill*         0x0000000008009408        0x8 
 .rodata.str1.4
                0x0000000008009410       0x28 build/obj/testheap.o
 *fill*         0x0000000008009438        0x8 
 .rodata.testheap1
                0x0000000008009440       0x10 build/obj/testheap.o
                0x0000000008009440                testheap1
 .rodata.str1.4
                0x0000000008009450       0x1c build/obj/testpools.o
 *fill*         0x000000000800946c        0x4 
 .rodata.patternpools
                0x0000000008009470        0x8 build/obj/testpools.o
                0x0000000008009470                patternpools
 *fill*         0x0000000008009478        0x8 
 .rodata.testpools1
                0x0000000008009480       0x10 build/obj/testpools.o
                0x0000000008009480                testpools1
 .rodata.testdyn1
                0x0000000008009490       0x10 build/obj/testdyn.o
                0x0000000008009490                testdyn1
 .rodata.testdyn2
                0x00000000080094a0       0x10 build/obj/testdyn.o
                0x00000000080094a0                testdyn2
 .rodata.testdyn3
                0x00000000080094b0       0x10 build/obj/testdyn.o
                0x00000000080094b0                testdyn3
 .rodata.str1.4
                0x00000000080094c0       0x8d build/obj/testdyn.o
                                         0xa4 (size before relaxing)
 *fill*         0x000000000800954d        0x3 
 .rodata.patterndyn
                0x0000000008009550       0x10 build/obj/testdyn.o
                0x0000000008009550                patterndyn
 .rodata.testqueues1
                0x0000000008009560       0x10 build/obj/testqueues.o
                0x0000000008009560                testqueues1
 .rodata.testqueues2
                0x0000000008009570       0x10 build/obj/testqueues.o
                0x0000000008009570                testqueues2
 .rodata.str1.4
                0x0000000008009580       0x2d build/obj/testqueues.o
                                         0x38 (size before relaxing)
 *fill*         0x00000000080095ad        0x3 
 .rodata.patternqueues
                0x00000000080095b0        0xc build/obj/testqueues.o
                0x00000000080095b0                patternqueues
 *fill*         0x00000000080095bc        0x4 
 .rodata.testbmk8
                0x00000000080095c0       0x10 build/obj/testbmk.o
                0x00000000080095c0                testbmk8
 .rodata.patternbmk
                0x00000000080095d0       0x38 build/obj/testbmk.o
                0x00000000080095d0                patternbmk
 *fill*         0x0000000008009608        0x8 
 .rodata.testbmk3
                0x0000000008009610       0x10 build/obj/testbmk.o
                0x0000000008009610                testbmk3
 .rodata.testbmk9
                0x0000000008009620       0x10 build/obj/testbmk.o
                0x0000000008009620                testbmk9
 .rodata.testbmk10
                0x0000000008009630       0x10 build/obj/testbmk.o
                0x0000000008009630                testbmk10
 .rodata.testbmk4
                0x0000000008009640       0x10 build/obj/testbmk.o
                0x0000000008009640                testbmk4
 .rodata.testbmk13
                0x0000000008009650       0x10 build/obj/testbmk.o
                0x0000000008009650                testbmk13
 .rodata.testbmk2
                0x0000000008009660       0x10 build/obj/testbmk.o
                0x0000000008009660                testbmk2
 .rodata.str1.4
                0x0000000008009670      0x2c7 build/obj/testbmk.o
                                        0x2c8 (size before relaxing)
 *fill*         0x0000000008009937        0x9 
 .rodata.testbmk1
                0x0000000008009940       0x10 build/obj/testbmk.o
                0x0000000008009940                testbmk1
 .rodata.testbmk11
                0x0000000008009950       0x10 build/obj/testbmk.o
                0x0000000008009950                testbmk11
 .rodata.testbmk12
                0x0000000008009960       0x10 build/obj/testbmk.o
                0x0000000008009960                testbmk12
 .rodata.testbmk5
                0x0000000008009970       0x10 build/obj/testbmk.o
                0x0000000008009970                testbmk5
 .rodata.testbmk6
                0x0000000008009980       0x10 build/obj/testbmk.o
                0x0000000008009980                testbmk6
 .rodata.testbmk7
                0x0000000008009990       0x10 build/obj/testbmk.o
                0x0000000008009990                testbmk7
 .rodata.vmt    0x00000000080099a0       0x24 build/obj/serial.o
 *fill*         0x00000000080099c4        0xc 
 .rodata._stm32_dma_streams
                0x00000000080099d0       0x90 build/obj/stm32_dma.o
                0x00000000080099d0                _stm32_dma_streams
 .rodata.default_config
                0x0000000008009a60        0xc build/obj/serial_lld.o
 *fill*         0x0000000008009a6c        0x4 
 .rodata.cfgtab.6051
                0x0000000008009a70       0x14 build/obj/pal_lld.o
 *fill*         0x0000000008009a84        0xc 
 .rodata.pal_default_config
                0x0000000008009a90       0x54 build/obj/board.o
                0x0000000008009a90                pal_default_config
 *fill*         0x0000000008009ae4        0xc 
 .rodata.str1.4
                0x0000000008009af0        0xf build/obj/ff.o
                                         0x10 (size before relaxing)
 *fill*         0x0000000008009aff        0x1 
 .rodata.str1.4
                0x0000000008009b00      0x169 build/obj/shell.o
                                        0x1f0 (size before relaxing)
 *fill*         0x0000000008009c69        0x7 
 .rodata.str1.4
                0x0000000008009c70        0x7 build/obj/chprintf.o
                                          0x8 (size before relaxing)
 *fill*         0x0000000008009c77        0x9 
 .rodata.commands
                0x0000000008009c80       0x38 build/obj/main.o
 *fill*         0x0000000008009cb8        0x8 
 .rodata.str1.4
                0x0000000008009cc0      0x2b8 build/obj/main.o
                                        0x2c0 (size before relaxing)
 *fill*         0x0000000008009f78        0x8 
 .rodata.shell_cfg1
                0x0000000008009f80        0x8 build/obj/main.o
 *fill*         0x0000000008009f88        0x8 
 .rodata.evhndl.7464
                0x0000000008009f90        0x8 build/obj/main.o
 *fill*         0x0000000008009f98        0x8 
 .rodata.states.7418
                0x0000000008009fa0       0x3c build/obj/main.o
 *(.glue_7t)
 .glue_7t       0x0000000000000000        0x0 linker stubs
 *(.glue_7)
 .glue_7        0x0000000000000000        0x0 linker stubs
 *(.gcc*)

.vfp11_veneer   0x0000000008009fdc        0x0
 .vfp11_veneer  0x0000000000000000        0x0 linker stubs

.v4_bx          0x0000000008009fdc        0x0
 .v4_bx         0x0000000000000000        0x0 linker stubs

.iplt           0x0000000008009fdc        0x0
 .iplt          0x0000000000000000        0x0 build/obj/crt0.o

.rel.dyn        0x0000000008009fdc        0x0
 .rel.iplt      0x0000000000000000        0x0 build/obj/crt0.o

.ARM.extab
 *(.ARM.extab* .gnu.linkonce.armextab.*)

.ARM.exidx      0x0000000008009fdc        0x0
                0x0000000008009fdc                PROVIDE (__exidx_start, .)
 *(.ARM.exidx* .gnu.linkonce.armexidx.*)
                0x0000000008009fdc                PROVIDE (__exidx_end, .)

.eh_frame_hdr
 *(.eh_frame_hdr)

.eh_frame
 *(.eh_frame)

.textalign      0x0000000008009fdc        0x4
                0x0000000008009fe0                . = ALIGN (0x8)
 *fill*         0x0000000008009fdc        0x4 
                0x0000000008009fe0                _etext = .
                0x0000000008009fe0                _textdata = _etext

.stacks         0x0000000020000000      0x800
                0x0000000020000000                . = ALIGN (0x8)
                0x0000000020000000                __main_stack_base__ = .
                0x0000000020000400                . = (. + __main_stack_size__)
 *fill*         0x0000000020000000      0x400 
                0x0000000020000400                . = ALIGN (0x8)
                0x0000000020000400                __main_stack_end__ = .
                0x0000000020000400                __process_stack_base__ = .
                0x0000000020000400                __main_thread_stack_base__ = .
                0x0000000020000800                . = (. + __process_stack_size__)
 *fill*         0x0000000020000400      0x400 
                0x0000000020000800                . = ALIGN (0x8)
                0x0000000020000800                __process_stack_end__ = .
                0x0000000020000800                __main_thread_stack_end__ = .

.data           0x0000000020000800       0xcc load address 0x0000000008009fe0
                0x0000000020000800                . = ALIGN (0x4)
                0x0000000020000800                PROVIDE (_data, .)
 *(.data)
 .data          0x0000000020000800        0x4 /Users/toxygen/Applications/yagarto-4.7.2/bin/../lib/gcc/arm-none-eabi/4.7.2/../../../../arm-none-eabi/lib/thumb/v7m/libc.a(lib_a-ctype_.o)
                0x0000000020000800                __ctype_ptr__
                0x0000000020000804                . = ALIGN (0x4)
 *(.data.*)
 .data.sem1     0x0000000020000804        0xc build/obj/testsem.o
 .data.m1       0x0000000020000810       0x10 build/obj/testmtx.o
 .data.m2       0x0000000020000820       0x10 build/obj/testmtx.o
 .data.c1       0x0000000020000830        0x8 build/obj/testmtx.o
 .data.mb1      0x0000000020000838       0x28 build/obj/testmbox.o
 .data.es1      0x0000000020000860        0x4 build/obj/testevt.o
 .data.es2      0x0000000020000864        0x4 build/obj/testevt.o
 .data.mp1      0x0000000020000868        0xc build/obj/testpools.o
 .data.oq       0x0000000020000874       0x20 build/obj/testqueues.o
 .data.iq       0x0000000020000894       0x20 build/obj/testqueues.o
 .data.local_commands
                0x00000000200008b4       0x18 build/obj/shell.o
                0x00000000200008cc                . = ALIGN (0x4)
 *(.ramtext)
                0x00000000200008cc                . = ALIGN (0x4)
                0x00000000200008cc                PROVIDE (_edata, .)

.igot.plt       0x00000000200008cc        0x0 load address 0x000000000800a0ac
 .igot.plt      0x0000000000000000        0x0 build/obj/crt0.o

.bss            0x00000000200008d0     0x1790 load address 0x000000000800a0b0
                0x00000000200008d0                . = ALIGN (0x4)
                0x00000000200008d0                PROVIDE (_bss_start, .)
 *(.bss)
                0x00000000200008d0                . = ALIGN (0x4)
 *(.bss.*)
 .bss.mainthread.4815
                0x00000000200008d0       0x48 build/obj/chsys.o
 .bss._idle_thread_wa
                0x0000000020000918       0xc0 build/obj/chsys.o
                0x0000000020000918                _idle_thread_wa
 .bss.vtlist    0x00000000200009d8       0x10 build/obj/chvt.o
                0x00000000200009d8                vtlist
 .bss.rlist     0x00000000200009e8       0x20 build/obj/chschd.o
                0x00000000200009e8                rlist
 .bss.endmem    0x0000000020000a08        0x4 build/obj/chmemcore.o
 .bss.nextmem   0x0000000020000a0c        0x4 build/obj/chmemcore.o
 .bss.default_heap
                0x0000000020000a10       0x20 build/obj/chheap.o
 .bss.test      0x0000000020000a30      0x5f0 build/obj/test.o
                0x0000000020000a30                test
 .bss.failpoint
                0x0000000020001020        0x4 build/obj/test.o
 .bss.local_fail
                0x0000000020001024        0x4 build/obj/test.o
 .bss.test_timer_done
                0x0000000020001028        0x4 build/obj/test.o
                0x0000000020001028                test_timer_done
 .bss.tokp      0x000000002000102c        0x4 build/obj/test.o
 .bss.global_fail
                0x0000000020001030        0x4 build/obj/test.o
 .bss.vt        0x0000000020001034       0x14 build/obj/test.o
 .bss.threads   0x0000000020001048       0x14 build/obj/test.o
                0x0000000020001048                threads
 .bss.chp       0x000000002000105c        0x4 build/obj/test.o
 .bss.tokens_buffer
                0x0000000020001060       0x10 build/obj/test.o
 .bss.test_heap
                0x0000000020001070       0x20 build/obj/testheap.o
 .bss.mp1       0x0000000020001090        0xc build/obj/testdyn.o
 *fill*         0x000000002000109c        0x4 
 .bss.heap1     0x00000000200010a0       0x20 build/obj/testdyn.o
 .bss.mtx1      0x00000000200010c0       0x10 build/obj/testbmk.o
 .bss.ib.4962   0x00000000200010d0       0x10 build/obj/testbmk.o
 .bss.vt2.4976  0x00000000200010e0       0x14 build/obj/testbmk.o
 .bss.vt1.4975  0x00000000200010f4       0x14 build/obj/testbmk.o
 .bss.sem1      0x0000000020001108        0xc build/obj/testbmk.o
 .bss.iq.4963   0x0000000020001114       0x20 build/obj/testbmk.o
 .bss.measurement_offset
                0x0000000020001134        0x4 build/obj/tm.o
 .bss.dma_isr_redir
                0x0000000020001138       0x60 build/obj/stm32_dma.o
 .bss.dma_streams_mask
                0x0000000020001198        0x4 build/obj/stm32_dma.o
 .bss.SD2       0x000000002000119c       0x74 build/obj/serial_lld.o
                0x000000002000119c                SD2
 .bss.SDCD1     0x0000000020001210       0x34 build/obj/sdc_lld.o
                0x0000000020001210                SDCD1
 .bss.u         0x0000000020001244      0x200 build/obj/sdc_lld.o
 .bss.Fsid      0x0000000020001444        0x2 build/obj/ff.o
 *fill*         0x0000000020001446        0x2 
 .bss.FatFs     0x0000000020001448        0x4 build/obj/ff.o
 .bss.shell_terminated
                0x000000002000144c        0x4 build/obj/shell.o
                0x000000002000144c                shell_terminated
 .bss.inserted_event
                0x0000000020001450        0x4 build/obj/main.o
 .bss.err       0x0000000020001454        0x1 build/obj/main.o
                0x0000000020001454                err
 *fill*         0x0000000020001455        0x3 
 .bss.SDC_FS    0x0000000020001458      0x230 build/obj/main.o
                0x0000000020001458                SDC_FS
 .bss.tried     0x0000000020001688        0x4 build/obj/main.o
                0x0000000020001688                tried
 .bss.tmr       0x000000002000168c       0x14 build/obj/main.o
 .bss.staticWA  0x00000000200016a0      0x5b0 build/obj/main.o
 .bss.fs_ready  0x0000000020001c50        0x4 build/obj/main.o
 .bss.fbuff     0x0000000020001c54      0x400 build/obj/main.o
                0x0000000020001c54                fbuff
 .bss.cnt       0x0000000020002054        0x4 build/obj/main.o
 .bss.connected
                0x0000000020002058        0x4 build/obj/main.o
                0x0000000020002058                connected
 .bss.removed_event
                0x000000002000205c        0x4 build/obj/main.o
                0x0000000020002060                . = ALIGN (0x4)
 *(COMMON)
                0x0000000020002060                . = ALIGN (0x4)
                0x0000000020002060                PROVIDE (_bss_end, .)
                0x0000000020002060                PROVIDE (end, .)
                0x0000000020002060                _end = .
                0x0000000020002060                __heap_base__ = _end
                0x0000000020010000                __heap_end__ = __ram_end__
OUTPUT(build/ch.elf elf32-littlearm)

.debug_info     0x0000000000000000    0x23ddc
 .debug_info    0x0000000000000000      0x2b3 build/obj/crt0.o
 .debug_info    0x00000000000002b3      0x1e9 build/obj/vectors.o
 .debug_info    0x000000000000049c      0x896 build/obj/chcore_v7m.o
 .debug_info    0x0000000000000d32      0x44e build/obj/nvic.o
 .debug_info    0x0000000000001180      0x86a build/obj/chsys.o
 .debug_info    0x00000000000019ea      0x273 build/obj/chvt.o
 .debug_info    0x0000000000001c5d      0x8fa build/obj/chschd.o
 .debug_info    0x0000000000002557      0xc3a build/obj/chthreads.o
 .debug_info    0x0000000000003191      0x8da build/obj/chdynamic.o
 .debug_info    0x0000000000003a6b      0x67c build/obj/chregistry.o
 .debug_info    0x00000000000040e7      0xb3f build/obj/chsem.o
 .debug_info    0x0000000000004c26      0xa44 build/obj/chmtx.o
 .debug_info    0x000000000000566a      0x9f9 build/obj/chcond.o
 .debug_info    0x0000000000006063      0xd63 build/obj/chevents.o
 .debug_info    0x0000000000006dc6      0x6c2 build/obj/chmsg.o
 .debug_info    0x0000000000007488      0xab6 build/obj/chmboxes.o
 .debug_info    0x0000000000007f3e      0xc46 build/obj/chqueues.o
 .debug_info    0x0000000000008b84      0x228 build/obj/chmemcore.o
 .debug_info    0x0000000000008dac      0x718 build/obj/chheap.o
 .debug_info    0x00000000000094c4      0x335 build/obj/chmempools.o
 .debug_info    0x00000000000097f9     0x1546 build/obj/test.o
 .debug_info    0x000000000000ad3f      0xd30 build/obj/testthd.o
 .debug_info    0x000000000000ba6f     0x115c build/obj/testsem.o
 .debug_info    0x000000000000cbcb     0x1e04 build/obj/testmtx.o
 .debug_info    0x000000000000e9cf      0x764 build/obj/testmsg.o
 .debug_info    0x000000000000f133     0x12ec build/obj/testmbox.o
 .debug_info    0x000000000001041f     0x115f build/obj/testevt.o
 .debug_info    0x000000000001157e      0xc2d build/obj/testheap.o
 .debug_info    0x00000000000121ab      0x3c6 build/obj/testpools.o
 .debug_info    0x0000000000012571     0x101b build/obj/testdyn.o
 .debug_info    0x000000000001358c     0x18bf build/obj/testqueues.o
 .debug_info    0x0000000000014e4b     0x1ef8 build/obj/testbmk.o
 .debug_info    0x0000000000016d43      0x393 build/obj/hal.o
 .debug_info    0x00000000000170d6      0xd1c build/obj/sdc.o
 .debug_info    0x0000000000017df2     0x1192 build/obj/serial.o
 .debug_info    0x0000000000018f84      0x2eb build/obj/tm.o
 .debug_info    0x000000000001926f      0x80d build/obj/stm32_dma.o
 .debug_info    0x0000000000019a7c      0x3c8 build/obj/hal_lld.o
 .debug_info    0x0000000000019e44     0x10ce build/obj/serial_lld.o
 .debug_info    0x000000000001af12     0x16a7 build/obj/sdc_lld.o
 .debug_info    0x000000000001c5b9      0x3af build/obj/pal_lld.o
 .debug_info    0x000000000001c968      0x1b6 build/obj/board.o
 .debug_info    0x000000000001cb1e      0x79f build/obj/diskio.o
 .debug_info    0x000000000001d2bd     0x297b build/obj/ff.o
 .debug_info    0x000000000001fc38     0x14f0 build/obj/shell.o
 .debug_info    0x0000000000021128      0x4a2 build/obj/chprintf.o
 .debug_info    0x00000000000215ca     0x219e build/obj/main.o
 .debug_info    0x0000000000023768      0x136 /Users/toxygen/Applications/yagarto-4.7.2/bin/../lib/gcc/arm-none-eabi/4.7.2/../../../../arm-none-eabi/lib/thumb/v7m/libc.a(lib_a-memcpy-stub.o)
 .debug_info    0x000000000002389e      0x159 /Users/toxygen/Applications/yagarto-4.7.2/bin/../lib/gcc/arm-none-eabi/4.7.2/../../../../arm-none-eabi/lib/thumb/v7m/libc.a(lib_a-strcasecmp.o)
 .debug_info    0x00000000000239f7      0x11b /Users/toxygen/Applications/yagarto-4.7.2/bin/../lib/gcc/arm-none-eabi/4.7.2/../../../../arm-none-eabi/lib/thumb/v7m/libc.a(lib_a-strchr.o)
 .debug_info    0x0000000000023b12       0xc1 /Users/toxygen/Applications/yagarto-4.7.2/bin/../lib/gcc/arm-none-eabi/4.7.2/../../../../arm-none-eabi/lib/thumb/v7m/libc.a(lib_a-strcpy.o)
 .debug_info    0x0000000000023bd3       0xb9 /Users/toxygen/Applications/yagarto-4.7.2/bin/../lib/gcc/arm-none-eabi/4.7.2/../../../../arm-none-eabi/lib/thumb/v7m/libc.a(lib_a-strlen.o)
 .debug_info    0x0000000000023c8c       0xdf /Users/toxygen/Applications/yagarto-4.7.2/bin/../lib/gcc/arm-none-eabi/4.7.2/../../../../arm-none-eabi/lib/thumb/v7m/libc.a(lib_a-strspn.o)
 .debug_info    0x0000000000023d6b       0x71 /Users/toxygen/Applications/yagarto-4.7.2/bin/../lib/gcc/arm-none-eabi/4.7.2/../../../../arm-none-eabi/lib/thumb/v7m/libc.a(lib_a-ctype_.o)

.debug_abbrev   0x0000000000000000     0x788d
 .debug_abbrev  0x0000000000000000       0xdc build/obj/crt0.o
 .debug_abbrev  0x00000000000000dc       0xb1 build/obj/vectors.o
 .debug_abbrev  0x000000000000018d      0x1fe build/obj/chcore_v7m.o
 .debug_abbrev  0x000000000000038b       0xf2 build/obj/nvic.o
 .debug_abbrev  0x000000000000047d      0x220 build/obj/chsys.o
 .debug_abbrev  0x000000000000069d      0x15e build/obj/chvt.o
 .debug_abbrev  0x00000000000007fb      0x346 build/obj/chschd.o
 .debug_abbrev  0x0000000000000b41      0x355 build/obj/chthreads.o
 .debug_abbrev  0x0000000000000e96      0x241 build/obj/chdynamic.o
 .debug_abbrev  0x00000000000010d7      0x197 build/obj/chregistry.o
 .debug_abbrev  0x000000000000126e      0x33d build/obj/chsem.o
 .debug_abbrev  0x00000000000015ab      0x316 build/obj/chmtx.o
 .debug_abbrev  0x00000000000018c1      0x2fa build/obj/chcond.o
 .debug_abbrev  0x0000000000001bbb      0x310 build/obj/chevents.o
 .debug_abbrev  0x0000000000001ecb      0x23b build/obj/chmsg.o
 .debug_abbrev  0x0000000000002106      0x253 build/obj/chmboxes.o
 .debug_abbrev  0x0000000000002359      0x33b build/obj/chqueues.o
 .debug_abbrev  0x0000000000002694      0x16c build/obj/chmemcore.o
 .debug_abbrev  0x0000000000002800      0x210 build/obj/chheap.o
 .debug_abbrev  0x0000000000002a10      0x1fe build/obj/chmempools.o
 .debug_abbrev  0x0000000000002c0e      0x504 build/obj/test.o
 .debug_abbrev  0x0000000000003112      0x2aa build/obj/testthd.o
 .debug_abbrev  0x00000000000033bc      0x371 build/obj/testsem.o
 .debug_abbrev  0x000000000000372d      0x327 build/obj/testmtx.o
 .debug_abbrev  0x0000000000003a54      0x22b build/obj/testmsg.o
 .debug_abbrev  0x0000000000003c7f      0x231 build/obj/testmbox.o
 .debug_abbrev  0x0000000000003eb0      0x320 build/obj/testevt.o
 .debug_abbrev  0x00000000000041d0      0x22e build/obj/testheap.o
 .debug_abbrev  0x00000000000043fe      0x1e0 build/obj/testpools.o
 .debug_abbrev  0x00000000000045de      0x2cd build/obj/testdyn.o
 .debug_abbrev  0x00000000000048ab      0x2ed build/obj/testqueues.o
 .debug_abbrev  0x0000000000004b98      0x38d build/obj/testbmk.o
 .debug_abbrev  0x0000000000004f25      0x1c1 build/obj/hal.o
 .debug_abbrev  0x00000000000050e6      0x29f build/obj/sdc.o
 .debug_abbrev  0x0000000000005385      0x2d1 build/obj/serial.o
 .debug_abbrev  0x0000000000005656      0x19c build/obj/tm.o
 .debug_abbrev  0x00000000000057f2      0x221 build/obj/stm32_dma.o
 .debug_abbrev  0x0000000000005a13      0x11b build/obj/hal_lld.o
 .debug_abbrev  0x0000000000005b2e      0x341 build/obj/serial_lld.o
 .debug_abbrev  0x0000000000005e6f      0x4d5 build/obj/sdc_lld.o
 .debug_abbrev  0x0000000000006344      0x13b build/obj/pal_lld.o
 .debug_abbrev  0x000000000000647f       0xe5 build/obj/board.o
 .debug_abbrev  0x0000000000006564      0x1f2 build/obj/diskio.o
 .debug_abbrev  0x0000000000006756      0x32d build/obj/ff.o
 .debug_abbrev  0x0000000000006a83      0x3ca build/obj/shell.o
 .debug_abbrev  0x0000000000006e4d      0x186 build/obj/chprintf.o
 .debug_abbrev  0x0000000000006fd3      0x512 build/obj/main.o
 .debug_abbrev  0x00000000000074e5       0xab /Users/toxygen/Applications/yagarto-4.7.2/bin/../lib/gcc/arm-none-eabi/4.7.2/../../../../arm-none-eabi/lib/thumb/v7m/libc.a(lib_a-memcpy-stub.o)
 .debug_abbrev  0x0000000000007590       0xbc /Users/toxygen/Applications/yagarto-4.7.2/bin/../lib/gcc/arm-none-eabi/4.7.2/../../../../arm-none-eabi/lib/thumb/v7m/libc.a(lib_a-strcasecmp.o)
 .debug_abbrev  0x000000000000764c       0x83 /Users/toxygen/Applications/yagarto-4.7.2/bin/../lib/gcc/arm-none-eabi/4.7.2/../../../../arm-none-eabi/lib/thumb/v7m/libc.a(lib_a-strchr.o)
 .debug_abbrev  0x00000000000076cf       0x72 /Users/toxygen/Applications/yagarto-4.7.2/bin/../lib/gcc/arm-none-eabi/4.7.2/../../../../arm-none-eabi/lib/thumb/v7m/libc.a(lib_a-strcpy.o)
 .debug_abbrev  0x0000000000007741       0x70 /Users/toxygen/Applications/yagarto-4.7.2/bin/../lib/gcc/arm-none-eabi/4.7.2/../../../../arm-none-eabi/lib/thumb/v7m/libc.a(lib_a-strlen.o)
 .debug_abbrev  0x00000000000077b1       0x8e /Users/toxygen/Applications/yagarto-4.7.2/bin/../lib/gcc/arm-none-eabi/4.7.2/../../../../arm-none-eabi/lib/thumb/v7m/libc.a(lib_a-strspn.o)
 .debug_abbrev  0x000000000000783f       0x4e /Users/toxygen/Applications/yagarto-4.7.2/bin/../lib/gcc/arm-none-eabi/4.7.2/../../../../arm-none-eabi/lib/thumb/v7m/libc.a(lib_a-ctype_.o)

.debug_aranges  0x0000000000000000     0x1150
 .debug_aranges
                0x0000000000000000       0x38 build/obj/crt0.o
 .debug_aranges
                0x0000000000000038       0x20 build/obj/vectors.o
 .debug_aranges
                0x0000000000000058       0x50 build/obj/chcore_v7m.o
 .debug_aranges
                0x00000000000000a8       0x30 build/obj/nvic.o
 .debug_aranges
                0x00000000000000d8       0x30 build/obj/chsys.o
 .debug_aranges
                0x0000000000000108       0x38 build/obj/chvt.o
 .debug_aranges
                0x0000000000000140       0x58 build/obj/chschd.o
 .debug_aranges
                0x0000000000000198       0x78 build/obj/chthreads.o
 .debug_aranges
                0x0000000000000210       0x38 build/obj/chdynamic.o
 .debug_aranges
                0x0000000000000248       0x28 build/obj/chregistry.o
 .debug_aranges
                0x0000000000000270       0x70 build/obj/chsem.o
 .debug_aranges
                0x00000000000002e0       0x58 build/obj/chmtx.o
 .debug_aranges
                0x0000000000000338       0x60 build/obj/chcond.o
 .debug_aranges
                0x0000000000000398       0x90 build/obj/chevents.o
 .debug_aranges
                0x0000000000000428       0x30 build/obj/chmsg.o
 .debug_aranges
                0x0000000000000458       0x70 build/obj/chmboxes.o
 .debug_aranges
                0x00000000000004c8       0x70 build/obj/chqueues.o
 .debug_aranges
                0x0000000000000538       0x38 build/obj/chmemcore.o
 .debug_aranges
                0x0000000000000570       0x40 build/obj/chheap.o
 .debug_aranges
                0x00000000000005b0       0x40 build/obj/chmempools.o
 .debug_aranges
                0x00000000000005f0       0x98 build/obj/test.o
 .debug_aranges
                0x0000000000000688       0x40 build/obj/testthd.o
 .debug_aranges
                0x00000000000006c8       0x70 build/obj/testsem.o
 .debug_aranges
                0x0000000000000738      0x108 build/obj/testmtx.o
 .debug_aranges
                0x0000000000000840       0x28 build/obj/testmsg.o
 .debug_aranges
                0x0000000000000868       0x28 build/obj/testmbox.o
 .debug_aranges
                0x0000000000000890       0x70 build/obj/testevt.o
 .debug_aranges
                0x0000000000000900       0x28 build/obj/testheap.o
 .debug_aranges
                0x0000000000000928       0x30 build/obj/testpools.o
 .debug_aranges
                0x0000000000000958       0x58 build/obj/testdyn.o
 .debug_aranges
                0x00000000000009b0       0x50 build/obj/testqueues.o
 .debug_aranges
                0x0000000000000a00       0xd0 build/obj/testbmk.o
 .debug_aranges
                0x0000000000000ad0       0x30 build/obj/hal.o
 .debug_aranges
                0x0000000000000b00       0x60 build/obj/sdc.o
 .debug_aranges
                0x0000000000000b60       0x90 build/obj/serial.o
 .debug_aranges
                0x0000000000000bf0       0x38 build/obj/tm.o
 .debug_aranges
                0x0000000000000c28       0x88 build/obj/stm32_dma.o
 .debug_aranges
                0x0000000000000cb0       0x28 build/obj/hal_lld.o
 .debug_aranges
                0x0000000000000cd8       0x40 build/obj/serial_lld.o
 .debug_aranges
                0x0000000000000d18       0x98 build/obj/sdc_lld.o
 .debug_aranges
                0x0000000000000db0       0x28 build/obj/pal_lld.o
 .debug_aranges
                0x0000000000000dd8       0x28 build/obj/board.o
 .debug_aranges
                0x0000000000000e00       0x48 build/obj/diskio.o
 .debug_aranges
                0x0000000000000e48      0x128 build/obj/ff.o
 .debug_aranges
                0x0000000000000f70       0x58 build/obj/shell.o
 .debug_aranges
                0x0000000000000fc8       0x28 build/obj/chprintf.o
 .debug_aranges
                0x0000000000000ff0       0x88 build/obj/main.o
 .debug_aranges
                0x0000000000001078       0x20 /Users/toxygen/Applications/yagarto-4.7.2/bin/../lib/gcc/arm-none-eabi/4.7.2/../../../../arm-none-eabi/lib/thumb/v7m/libc.a(lib_a-memcpy-stub.o)
 .debug_aranges
                0x0000000000001098       0x20 /Users/toxygen/Applications/yagarto-4.7.2/bin/../lib/gcc/arm-none-eabi/4.7.2/../../../../arm-none-eabi/lib/thumb/v7m/libc.a(lib_a-strcasecmp.o)
 .debug_aranges
                0x00000000000010b8       0x20 /Users/toxygen/Applications/yagarto-4.7.2/bin/../lib/gcc/arm-none-eabi/4.7.2/../../../../arm-none-eabi/lib/thumb/v7m/libc.a(lib_a-strchr.o)
 .debug_aranges
                0x00000000000010d8       0x20 /Users/toxygen/Applications/yagarto-4.7.2/bin/../lib/gcc/arm-none-eabi/4.7.2/../../../../arm-none-eabi/lib/thumb/v7m/libc.a(lib_a-strcpy.o)
 .debug_aranges
                0x00000000000010f8       0x20 /Users/toxygen/Applications/yagarto-4.7.2/bin/../lib/gcc/arm-none-eabi/4.7.2/../../../../arm-none-eabi/lib/thumb/v7m/libc.a(lib_a-strlen.o)
 .debug_aranges
                0x0000000000001118       0x20 /Users/toxygen/Applications/yagarto-4.7.2/bin/../lib/gcc/arm-none-eabi/4.7.2/../../../../arm-none-eabi/lib/thumb/v7m/libc.a(lib_a-strspn.o)
 .debug_aranges
                0x0000000000001138       0x18 /Users/toxygen/Applications/yagarto-4.7.2/bin/../lib/gcc/arm-none-eabi/4.7.2/../../../../arm-none-eabi/lib/thumb/v7m/libc.a(lib_a-ctype_.o)

.debug_ranges   0x0000000000000000     0x2138
 .debug_ranges  0x0000000000000000       0xe0 build/obj/crt0.o
 .debug_ranges  0x00000000000000e0       0x10 build/obj/vectors.o
 .debug_ranges  0x00000000000000f0       0x58 build/obj/chcore_v7m.o
 .debug_ranges  0x0000000000000148       0x20 build/obj/nvic.o
 .debug_ranges  0x0000000000000168       0x20 build/obj/chsys.o
 .debug_ranges  0x0000000000000188       0x28 build/obj/chvt.o
 .debug_ranges  0x00000000000001b0      0x150 build/obj/chschd.o
 .debug_ranges  0x0000000000000300      0x118 build/obj/chthreads.o
 .debug_ranges  0x0000000000000418       0x58 build/obj/chdynamic.o
 .debug_ranges  0x0000000000000470       0x30 build/obj/chregistry.o
 .debug_ranges  0x00000000000004a0      0x120 build/obj/chsem.o
 .debug_ranges  0x00000000000005c0      0x218 build/obj/chmtx.o
 .debug_ranges  0x00000000000007d8       0xf0 build/obj/chcond.o
 .debug_ranges  0x00000000000008c8       0xc8 build/obj/chevents.o
 .debug_ranges  0x0000000000000990       0x40 build/obj/chmsg.o
 .debug_ranges  0x00000000000009d0       0x78 build/obj/chmboxes.o
 .debug_ranges  0x0000000000000a48       0xc0 build/obj/chqueues.o
 .debug_ranges  0x0000000000000b08       0x28 build/obj/chmemcore.o
 .debug_ranges  0x0000000000000b30       0x30 build/obj/chheap.o
 .debug_ranges  0x0000000000000b60       0xa8 build/obj/chmempools.o
 .debug_ranges  0x0000000000000c08      0x180 build/obj/test.o
 .debug_ranges  0x0000000000000d88       0xa8 build/obj/testthd.o
 .debug_ranges  0x0000000000000e30       0xc0 build/obj/testsem.o
 .debug_ranges  0x0000000000000ef0      0x110 build/obj/testmtx.o
 .debug_ranges  0x0000000000001000       0x18 build/obj/testmsg.o
 .debug_ranges  0x0000000000001018       0xc0 build/obj/testmbox.o
 .debug_ranges  0x00000000000010d8       0x90 build/obj/testevt.o
 .debug_ranges  0x0000000000001168       0x18 build/obj/testheap.o
 .debug_ranges  0x0000000000001180       0x50 build/obj/testpools.o
 .debug_ranges  0x00000000000011d0       0x48 build/obj/testdyn.o
 .debug_ranges  0x0000000000001218      0x130 build/obj/testqueues.o
 .debug_ranges  0x0000000000001348       0xd8 build/obj/testbmk.o
 .debug_ranges  0x0000000000001420       0x50 build/obj/hal.o
 .debug_ranges  0x0000000000001470       0xb0 build/obj/sdc.o
 .debug_ranges  0x0000000000001520       0xc8 build/obj/serial.o
 .debug_ranges  0x00000000000015e8       0x70 build/obj/tm.o
 .debug_ranges  0x0000000000001658       0x78 build/obj/stm32_dma.o
 .debug_ranges  0x00000000000016d0       0x38 build/obj/hal_lld.o
 .debug_ranges  0x0000000000001708       0x60 build/obj/serial_lld.o
 .debug_ranges  0x0000000000001768      0x2a8 build/obj/sdc_lld.o
 .debug_ranges  0x0000000000001a10       0x18 build/obj/pal_lld.o
 .debug_ranges  0x0000000000001a28       0x18 build/obj/board.o
 .debug_ranges  0x0000000000001a40       0x38 build/obj/diskio.o
 .debug_ranges  0x0000000000001a78      0x438 build/obj/ff.o
 .debug_ranges  0x0000000000001eb0      0x110 build/obj/shell.o
 .debug_ranges  0x0000000000001fc0       0x18 build/obj/chprintf.o
 .debug_ranges  0x0000000000001fd8      0x130 build/obj/main.o
 .debug_ranges  0x0000000000002108       0x30 /Users/toxygen/Applications/yagarto-4.7.2/bin/../lib/gcc/arm-none-eabi/4.7.2/../../../../arm-none-eabi/lib/thumb/v7m/libc.a(lib_a-strcasecmp.o)

.debug_line     0x0000000000000000     0x911e
 .debug_line    0x0000000000000000      0x153 build/obj/crt0.o
 .debug_line    0x0000000000000153       0xdd build/obj/vectors.o
 .debug_line    0x0000000000000230      0x20f build/obj/chcore_v7m.o
 .debug_line    0x000000000000043f      0x11a build/obj/nvic.o
 .debug_line    0x0000000000000559      0x223 build/obj/chsys.o
 .debug_line    0x000000000000077c      0x17b build/obj/chvt.o
 .debug_line    0x00000000000008f7      0x2cc build/obj/chschd.o
 .debug_line    0x0000000000000bc3      0x377 build/obj/chthreads.o
 .debug_line    0x0000000000000f3a      0x24c build/obj/chdynamic.o
 .debug_line    0x0000000000001186      0x1f3 build/obj/chregistry.o
 .debug_line    0x0000000000001379      0x313 build/obj/chsem.o
 .debug_line    0x000000000000168c      0x352 build/obj/chmtx.o
 .debug_line    0x00000000000019de      0x28b build/obj/chcond.o
 .debug_line    0x0000000000001c69      0x2fc build/obj/chevents.o
 .debug_line    0x0000000000001f65      0x1b5 build/obj/chmsg.o
 .debug_line    0x000000000000211a      0x283 build/obj/chmboxes.o
 .debug_line    0x000000000000239d      0x3a9 build/obj/chqueues.o
 .debug_line    0x0000000000002746      0x17b build/obj/chmemcore.o
 .debug_line    0x00000000000028c1      0x28d build/obj/chheap.o
 .debug_line    0x0000000000002b4e      0x1cf build/obj/chmempools.o
 .debug_line    0x0000000000002d1d      0x543 build/obj/test.o
 .debug_line    0x0000000000003260      0x257 build/obj/testthd.o
 .debug_line    0x00000000000034b7      0x328 build/obj/testsem.o
 .debug_line    0x00000000000037df      0x4f2 build/obj/testmtx.o
 .debug_line    0x0000000000003cd1      0x1e6 build/obj/testmsg.o
 .debug_line    0x0000000000003eb7      0x258 build/obj/testmbox.o
 .debug_line    0x000000000000410f      0x2e7 build/obj/testevt.o
 .debug_line    0x00000000000043f6      0x222 build/obj/testheap.o
 .debug_line    0x0000000000004618      0x1c8 build/obj/testpools.o
 .debug_line    0x00000000000047e0      0x325 build/obj/testdyn.o
 .debug_line    0x0000000000004b05      0x2a6 build/obj/testqueues.o
 .debug_line    0x0000000000004dab      0x5e5 build/obj/testbmk.o
 .debug_line    0x0000000000005390      0x270 build/obj/hal.o
 .debug_line    0x0000000000005600      0x2f7 build/obj/sdc.o
 .debug_line    0x00000000000058f7      0x3b2 build/obj/serial.o
 .debug_line    0x0000000000005ca9      0x1da build/obj/tm.o
 .debug_line    0x0000000000005e83      0x345 build/obj/stm32_dma.o
 .debug_line    0x00000000000061c8      0x1d1 build/obj/hal_lld.o
 .debug_line    0x0000000000006399      0x359 build/obj/serial_lld.o
 .debug_line    0x00000000000066f2      0x546 build/obj/sdc_lld.o
 .debug_line    0x0000000000006c38      0x1c3 build/obj/pal_lld.o
 .debug_line    0x0000000000006dfb      0x181 build/obj/board.o
 .debug_line    0x0000000000006f7c      0x266 build/obj/diskio.o
 .debug_line    0x00000000000071e2      0xbe2 build/obj/ff.o
 .debug_line    0x0000000000007dc4      0x3b9 build/obj/shell.o
 .debug_line    0x000000000000817d      0x2de build/obj/chprintf.o
 .debug_line    0x000000000000845b      0x577 build/obj/main.o
 .debug_line    0x00000000000089d2      0x1ab /Users/toxygen/Applications/yagarto-4.7.2/bin/../lib/gcc/arm-none-eabi/4.7.2/../../../../arm-none-eabi/lib/thumb/v7m/libc.a(lib_a-memcpy-stub.o)
 .debug_line    0x0000000000008b7d       0xda /Users/toxygen/Applications/yagarto-4.7.2/bin/../lib/gcc/arm-none-eabi/4.7.2/../../../../arm-none-eabi/lib/thumb/v7m/libc.a(lib_a-strcasecmp.o)
 .debug_line    0x0000000000008c57      0x150 /Users/toxygen/Applications/yagarto-4.7.2/bin/../lib/gcc/arm-none-eabi/4.7.2/../../../../arm-none-eabi/lib/thumb/v7m/libc.a(lib_a-strchr.o)
 .debug_line    0x0000000000008da7       0xc6 /Users/toxygen/Applications/yagarto-4.7.2/bin/../lib/gcc/arm-none-eabi/4.7.2/../../../../arm-none-eabi/lib/thumb/v7m/libc.a(lib_a-strcpy.o)
 .debug_line    0x0000000000008e6d      0x120 /Users/toxygen/Applications/yagarto-4.7.2/bin/../lib/gcc/arm-none-eabi/4.7.2/../../../../arm-none-eabi/lib/thumb/v7m/libc.a(lib_a-strlen.o)
 .debug_line    0x0000000000008f8d      0x126 /Users/toxygen/Applications/yagarto-4.7.2/bin/../lib/gcc/arm-none-eabi/4.7.2/../../../../arm-none-eabi/lib/thumb/v7m/libc.a(lib_a-strspn.o)
 .debug_line    0x00000000000090b3       0x6b /Users/toxygen/Applications/yagarto-4.7.2/bin/../lib/gcc/arm-none-eabi/4.7.2/../../../../arm-none-eabi/lib/thumb/v7m/libc.a(lib_a-ctype_.o)

.debug_str      0x0000000000000000     0x34a3
 .debug_str     0x0000000000000000      0x1fb build/obj/crt0.o