Archive member included because of file (symbol)

/Users/toxygen/Applications/yagarto-4.7.2/bin/../lib/gcc/arm-none-eabi/4.7.2/../../../../arm-none-eabi/lib/thumb/v7m/libc.a(lib_a-memset.o)
                              build/obj/syscalls.o (memset)

Discarded input sections

 .text          0x0000000000000000        0x0 build/obj/crt0.o
 .data          0x0000000000000000        0x0 build/obj/crt0.o
 .bss           0x0000000000000000        0x0 build/obj/crt0.o
 .text.__early_init
                0x0000000000000000       0x10 build/obj/crt0.o
 .text          0x0000000000000000        0x0 build/obj/vectors.o
 .data          0x0000000000000000        0x0 build/obj/vectors.o
 .bss           0x0000000000000000        0x0 build/obj/vectors.o
 .text          0x0000000000000000        0x0 build/obj/chcore.o
 .data          0x0000000000000000        0x0 build/obj/chcore.o
 .bss           0x0000000000000000        0x0 build/obj/chcore.o
 .text.port_halt
                0x0000000000000000       0x10 build/obj/chcore.o
 .debug_info    0x0000000000000000       0x93 build/obj/chcore.o
 .debug_abbrev  0x0000000000000000       0x44 build/obj/chcore.o
 .debug_aranges
                0x0000000000000000       0x20 build/obj/chcore.o
 .debug_ranges  0x0000000000000000       0x10 build/obj/chcore.o
 .debug_line    0x0000000000000000       0x53 build/obj/chcore.o
 .debug_str     0x0000000000000000      0x125 build/obj/chcore.o
 .comment       0x0000000000000000       0x12 build/obj/chcore.o
 .ARM.attributes
                0x0000000000000000       0x33 build/obj/chcore.o
 .debug_frame   0x0000000000000000       0x20 build/obj/chcore.o
 .text          0x0000000000000000        0x0 build/obj/chcore_v7m.o
 .data          0x0000000000000000        0x0 build/obj/chcore_v7m.o
 .bss           0x0000000000000000        0x0 build/obj/chcore_v7m.o
 .text          0x0000000000000000        0x0 build/obj/nvic.o
 .data          0x0000000000000000        0x0 build/obj/nvic.o
 .bss           0x0000000000000000        0x0 build/obj/nvic.o
 .text.nvicEnableVector
                0x0000000000000000       0x50 build/obj/nvic.o
 .text.nvicDisableVector
                0x0000000000000000       0x40 build/obj/nvic.o
 .text          0x0000000000000000        0x0 build/obj/chsys.o
 .data          0x0000000000000000        0x0 build/obj/chsys.o
 .bss           0x0000000000000000        0x0 build/obj/chsys.o
 .text          0x0000000000000000        0x0 build/obj/chdebug.o
 .data          0x0000000000000000        0x0 build/obj/chdebug.o
 .bss           0x0000000000000000        0x0 build/obj/chdebug.o
 .debug_info    0x0000000000000000       0x72 build/obj/chdebug.o
 .debug_abbrev  0x0000000000000000       0x26 build/obj/chdebug.o
 .debug_aranges
                0x0000000000000000       0x18 build/obj/chdebug.o
 .debug_line    0x0000000000000000       0x1d build/obj/chdebug.o
 .debug_str     0x0000000000000000      0x116 build/obj/chdebug.o
 .comment       0x0000000000000000       0x12 build/obj/chdebug.o
 .ARM.attributes
                0x0000000000000000       0x33 build/obj/chdebug.o
 .text          0x0000000000000000        0x0 build/obj/chlists.o
 .data          0x0000000000000000        0x0 build/obj/chlists.o
 .bss           0x0000000000000000        0x0 build/obj/chlists.o
 .debug_info    0x0000000000000000       0x72 build/obj/chlists.o
 .debug_abbrev  0x0000000000000000       0x26 build/obj/chlists.o
 .debug_aranges
                0x0000000000000000       0x18 build/obj/chlists.o
 .debug_line    0x0000000000000000       0x1d build/obj/chlists.o
 .debug_str     0x0000000000000000      0x116 build/obj/chlists.o
 .comment       0x0000000000000000       0x12 build/obj/chlists.o
 .ARM.attributes
                0x0000000000000000       0x33 build/obj/chlists.o
 .text          0x0000000000000000        0x0 build/obj/chvt.o
 .data          0x0000000000000000        0x0 build/obj/chvt.o
 .bss           0x0000000000000000        0x0 build/obj/chvt.o
 .text.chTimeIsWithin
                0x0000000000000000       0x40 build/obj/chvt.o
 .text          0x0000000000000000        0x0 build/obj/chschd.o
 .data          0x0000000000000000        0x0 build/obj/chschd.o
 .bss           0x0000000000000000        0x0 build/obj/chschd.o
 .text.chSchRescheduleS
                0x0000000000000000       0x20 build/obj/chschd.o
 .text          0x0000000000000000        0x0 build/obj/chthreads.o
 .data          0x0000000000000000        0x0 build/obj/chthreads.o
 .bss           0x0000000000000000        0x0 build/obj/chthreads.o
 .text.chThdSetPriority
                0x0000000000000000       0x30 build/obj/chthreads.o
 .text.chThdResume
                0x0000000000000000       0x20 build/obj/chthreads.o
 .text.chThdTerminate
                0x0000000000000000       0x20 build/obj/chthreads.o
 .text.chThdSleepUntil
                0x0000000000000000       0x30 build/obj/chthreads.o
 .text.chThdYield
                0x0000000000000000       0x30 build/obj/chthreads.o
[...]
Memory Configuration

Name             Origin             Length             Attributes
flash            0x0000000008000000 0x0000000000020000
ram              0x0000000020000000 0x0000000000005000
*default*        0x0000000000000000 0xffffffffffffffff

Linker script and memory map

LOAD build/obj/crt0.o
LOAD build/obj/vectors.o
LOAD build/obj/chcore.o
LOAD build/obj/chcore_v7m.o
LOAD build/obj/nvic.o
LOAD build/obj/chsys.o
LOAD build/obj/chdebug.o
LOAD build/obj/chlists.o
LOAD build/obj/chvt.o
LOAD build/obj/chschd.o
LOAD build/obj/chthreads.o
LOAD build/obj/chdynamic.o
LOAD build/obj/chregistry.o
LOAD build/obj/chsem.o
LOAD build/obj/chmtx.o
LOAD build/obj/chcond.o
LOAD build/obj/chevents.o
LOAD build/obj/chmsg.o
LOAD build/obj/chmboxes.o
LOAD build/obj/chqueues.o
LOAD build/obj/chmemcore.o
LOAD build/obj/chheap.o
LOAD build/obj/chmempools.o
LOAD build/obj/test.o
LOAD build/obj/testthd.o
LOAD build/obj/testsem.o
LOAD build/obj/testmtx.o
LOAD build/obj/testmsg.o
LOAD build/obj/testmbox.o
LOAD build/obj/testevt.o
LOAD build/obj/testheap.o
LOAD build/obj/testpools.o
LOAD build/obj/testdyn.o
LOAD build/obj/testqueues.o
LOAD build/obj/testbmk.o
LOAD build/obj/hal.o
LOAD build/obj/adc.o
LOAD build/obj/can.o
LOAD build/obj/ext.o
LOAD build/obj/gpt.o
LOAD build/obj/i2c.o
LOAD build/obj/icu.o
LOAD build/obj/mac.o
LOAD build/obj/pal.o
LOAD build/obj/pwm.o
LOAD build/obj/sdc.o
LOAD build/obj/serial.o
LOAD build/obj/spi.o
LOAD build/obj/uart.o
LOAD build/obj/usb.o
LOAD build/obj/tm.o
LOAD build/obj/mmc_spi.o
LOAD build/obj/serial_usb.o
LOAD build/obj/rtc.o
LOAD build/obj/stm32_dma.o
LOAD build/obj/hal_lld.o
LOAD build/obj/adc_lld.o
LOAD build/obj/can_lld.o
LOAD build/obj/ext_lld.o
LOAD build/obj/gpt_lld.o
LOAD build/obj/i2c_lld.o
LOAD build/obj/icu_lld.o
LOAD build/obj/mac_lld.o
LOAD build/obj/pwm_lld.o
LOAD build/obj/serial_lld.o
LOAD build/obj/sdc_lld.o
LOAD build/obj/spi_lld.o
LOAD build/obj/uart_lld.o
LOAD build/obj/pal_lld.o
LOAD build/obj/usb_lld.o
LOAD build/obj/rtc_lld.o
LOAD build/obj/board.o
LOAD build/obj/evtimer.o
LOAD build/obj/syscalls.o
LOAD build/obj/main.o
START GROUP
LOAD /Users/toxygen/Applications/yagarto-4.7.2/bin/../lib/gcc/arm-none-eabi/4.7.2/thumb/v7m/libgcc.a
LOAD /Users/toxygen/Applications/yagarto-4.7.2/bin/../lib/gcc/arm-none-eabi/4.7.2/../../../../arm-none-eabi/lib/thumb/v7m/libc.a
END GROUP
                0x0000000000000400                __main_stack_size__ = 0x400
                0x0000000000000400                __process_stack_size__ = 0x400
                0x0000000020000000                __ram_start__ = ORIGIN (ram)
                0x0000000000005000                __ram_size__ = 0x5000
                0x0000000020005000                __ram_end__ = (__ram_start__ + __ram_size__)
                0x0000000000000000                . = 0x0
                0x0000000000000000                _text = .

startup         0x0000000008000000      0x130
 *(vectors)
 vectors        0x0000000008000000      0x130 build/obj/vectors.o
                0x0000000008000000                _vectors

constructors    0x0000000008000130        0x0
                0x0000000008000130                PROVIDE (__init_array_start, .)
 *(SORT(.init_array.*))
 *(.init_array)
                0x0000000008000130                PROVIDE (__init_array_end, .)

destructors     0x0000000008000130        0x0
                0x0000000008000130                PROVIDE (__fini_array_start, .)
 *(.fini_array)
 *(SORT(.fini_array.*))
                0x0000000008000130                PROVIDE (__fini_array_end, .)

.text           0x0000000008000130     0x11b8
 *(.text.startup.*)
 .text.startup.main
                0x0000000008000130       0x30 build/obj/main.o
                0x0000000008000130                main
 *(.text)
 *(.text.*)
 .text.__late_init
                0x0000000008000160       0x10 build/obj/crt0.o
                0x0000000008000160                __late_init
 .text._default_exit
                0x0000000008000170       0x10 build/obj/crt0.o
                0x0000000008000170                _default_exit
 .text.ResetHandler
                0x0000000008000180      0x120 build/obj/crt0.o
                0x0000000008000180                ResetHandler
 .text._unhandled_exception
                0x00000000080002a0       0x10 build/obj/vectors.o
                0x00000000080002a0                Vector20
                0x00000000080002a0                VectorE8
                0x00000000080002a0                Vector9C
                0x00000000080002a0                VectorAC
                0x00000000080002a0                Vector5C
                0x00000000080002a0                NMIVector
                0x00000000080002a0                Vector11C
                0x00000000080002a0                Vector8C
                0x00000000080002a0                VectorDC
                0x00000000080002a0                Vector110
                0x00000000080002a0                Vector120
                0x00000000080002a0                VectorC8
                0x00000000080002a0                Vector94
                0x00000000080002a0                VectorA8
                0x00000000080002a0                VectorB4
                0x00000000080002a0                Vector74
                0x00000000080002a0                VectorEC
                0x00000000080002a0                UsageFaultVector
                0x00000000080002a0                DebugMonitorVector
                0x00000000080002a0                Vector40
                0x00000000080002a0                VectorF8
                0x00000000080002a0                Vector108
                0x00000000080002a0                VectorBC
                0x00000000080002a0                Vector124
                0x00000000080002a0                PendSVVector
                0x00000000080002a0                Vector118
                0x00000000080002a0                Vector64
                0x00000000080002a0                VectorCC
                0x00000000080002a0                Vector54
                0x00000000080002a0                Vector98
                0x00000000080002a0                Vector24
                0x00000000080002a0                Vector84
                0x00000000080002a0                BusFaultVector
                0x00000000080002a0                VectorD0
                0x00000000080002a0                VectorE4
                0x00000000080002a0                VectorC0
                0x00000000080002a0                HardFaultVector
                0x00000000080002a0                VectorF0
                0x00000000080002a0                Vector12C
                0x00000000080002a0                Vector100
                0x00000000080002a0                VectorE0
                0x00000000080002a0                VectorF4
                0x00000000080002a0                MemManageVector
                0x00000000080002a0                Vector6C
                0x00000000080002a0                VectorA0
                0x00000000080002a0                VectorC4
                0x00000000080002a0                Vector7C
                0x00000000080002a0                VectorB0
                0x00000000080002a0                Vector90
                0x00000000080002a0                Vector114
                0x00000000080002a0                Vector60
                0x00000000080002a0                Vector1C
                0x00000000080002a0                Vector48
                0x00000000080002a0                Vector70
                0x00000000080002a0                VectorD4
                0x00000000080002a0                Vector4C
                0x00000000080002a0                Vector80
                0x00000000080002a0                Vector68
                0x00000000080002a0                Vector78
                0x00000000080002a0                _unhandled_exception
                0x00000000080002a0                Vector88
                0x00000000080002a0                Vector104
                0x00000000080002a0                Vector10C
                0x00000000080002a0                Vector50
                0x00000000080002a0                Vector44
                0x00000000080002a0                Vector28
                0x00000000080002a0                VectorB8
                0x00000000080002a0                VectorFC
                0x00000000080002a0                Vector34
                0x00000000080002a0                Vector128
                0x00000000080002a0                VectorA4
                0x00000000080002a0                Vector58
 .text._port_switch_from_isr
                0x00000000080002b0       0x10 build/obj/chcore_v7m.o
                0x00000000080002b0                _port_switch_from_isr
 .text.SVCallVector
                0x00000000080002c0       0x20 build/obj/chcore_v7m.o
                0x00000000080002c0                SVCallVector
 .text._port_init
                0x00000000080002e0       0x40 build/obj/chcore_v7m.o
                0x00000000080002e0                _port_init
 .text._port_irq_epilogue
                0x0000000008000320       0x80 build/obj/chcore_v7m.o
                0x0000000008000320                _port_irq_epilogue
 .text.SysTickVector
                0x00000000080003a0       0x20 build/obj/chcore_v7m.o
                0x00000000080003a0                SysTickVector
 .text._port_switch
                0x00000000080003c0       0x10 build/obj/chcore_v7m.o
                0x00000000080003c0                _port_switch
 .text._port_thread_start
                0x00000000080003d0       0x10 build/obj/chcore_v7m.o
                0x00000000080003d0                _port_thread_start
 .text.nvicSetSystemHandlerPriority
                0x00000000080003e0       0x30 build/obj/nvic.o
                0x00000000080003e0                nvicSetSystemHandlerPriority
 .text._idle_thread
                0x0000000008000410       0x20 build/obj/chsys.o
                0x0000000008000410                _idle_thread
 .text.chSysInit
                0x0000000008000430       0x70 build/obj/chsys.o
                0x0000000008000430                chSysInit
 .text.chSysTimerHandlerI
                0x00000000080004a0       0x50 build/obj/chsys.o
                0x00000000080004a0                chSysTimerHandlerI
 .text._vt_init
                0x00000000080004f0       0x20 build/obj/chvt.o
                0x00000000080004f0                _vt_init
 .text.chVTSetI
                0x0000000008000510       0x40 build/obj/chvt.o
                0x0000000008000510                chVTSetI
 .text.chVTResetI
                0x0000000008000550       0x30 build/obj/chvt.o
                0x0000000008000550                chVTResetI
 .text.wakeup   0x0000000008000580       0x50 build/obj/chschd.o
 .text._scheduler_init
                0x00000000080005d0       0x20 build/obj/chschd.o
                0x00000000080005d0                _scheduler_init
 .text.chSchReadyI
                0x00000000080005f0       0x20 build/obj/chschd.o
                0x00000000080005f0                chSchReadyI
 .text.chSchGoSleepS
                0x0000000008000610       0x30 build/obj/chschd.o
                0x0000000008000610                chSchGoSleepS
 .text.chSchGoSleepTimeoutS
                0x0000000008000640       0x40 build/obj/chschd.o
                0x0000000008000640                chSchGoSleepTimeoutS
 .text.chSchWakeupS
                0x0000000008000680       0x60 build/obj/chschd.o
                0x0000000008000680                chSchWakeupS
 .text.chSchDoReschedule
                0x00000000080006e0       0x40 build/obj/chschd.o
                0x00000000080006e0                chSchDoReschedule
 .text._thread_init
                0x0000000008000720       0x50 build/obj/chthreads.o
                0x0000000008000720                _thread_init
 .text.chThdCreateI
                0x0000000008000770       0x70 build/obj/chthreads.o
                0x0000000008000770                chThdCreateI
 .text.chThdCreateStatic
                0x00000000080007e0       0x30 build/obj/chthreads.o
                0x00000000080007e0                chThdCreateStatic
 .text.chThdSleep
                0x0000000008000810       0x20 build/obj/chthreads.o
                0x0000000008000810                chThdSleep
 .text.chThdExitS
                0x0000000008000830       0x40 build/obj/chthreads.o
                0x0000000008000830                chThdExitS
 .text.chThdExit
                0x0000000008000870       0x10 build/obj/chthreads.o
                0x0000000008000870                chThdExit
 .text.chMtxInit
                0x0000000008000880       0x10 build/obj/chmtx.o
                0x0000000008000880                chMtxInit
 .text.chEvtSignalFlagsI
                0x0000000008000890       0x30 build/obj/chevents.o
                0x0000000008000890                chEvtSignalFlagsI
 .text.chEvtBroadcastFlagsI
                0x00000000080008c0       0x20 build/obj/chevents.o
                0x00000000080008c0                chEvtBroadcastFlagsI
 .text.qwait    0x00000000080008e0       0x30 build/obj/chqueues.o
 .text.chIQInit
                0x0000000008000910       0x20 build/obj/chqueues.o
                0x0000000008000910                chIQInit
 .text.chIQPutI
                0x0000000008000930       0x50 build/obj/chqueues.o
                0x0000000008000930                chIQPutI
 .text.chIQGetTimeout
                0x0000000008000980       0x50 build/obj/chqueues.o
                0x0000000008000980                chIQGetTimeout
 .text.chIQReadTimeout
                0x00000000080009d0       0x80 build/obj/chqueues.o
                0x00000000080009d0                chIQReadTimeout
 .text.chOQInit
                0x0000000008000a50       0x20 build/obj/chqueues.o
                0x0000000008000a50                chOQInit
 .text.chOQPutTimeout
                0x0000000008000a70       0x50 build/obj/chqueues.o
                0x0000000008000a70                chOQPutTimeout
 .text.chOQGetI
                0x0000000008000ac0       0x50 build/obj/chqueues.o
                0x0000000008000ac0                chOQGetI
 .text.chOQWriteTimeout
                0x0000000008000b10       0x80 build/obj/chqueues.o
                0x0000000008000b10                chOQWriteTimeout
 .text._core_init
                0x0000000008000b90       0x30 build/obj/chmemcore.o
                0x0000000008000b90                _core_init
 .text.chCoreAlloc
                0x0000000008000bc0       0x40 build/obj/chmemcore.o
                0x0000000008000bc0                chCoreAlloc
 .text._heap_init
                0x0000000008000c00       0x20 build/obj/chheap.o
                0x0000000008000c00                _heap_init
 .text.halInit  0x0000000008000c20       0x30 build/obj/hal.o
                0x0000000008000c20                halInit
 .text.putwouldblock
                0x0000000008000c50       0x10 build/obj/serial.o
 .text.getwouldblock
                0x0000000008000c60       0x10 build/obj/serial.o
 .text.getflags
                0x0000000008000c70       0x20 build/obj/serial.o
 .text.readt    0x0000000008000c90       0x10 build/obj/serial.o
 .text.reads    0x0000000008000ca0       0x10 build/obj/serial.o
 .text.writet   0x0000000008000cb0       0x10 build/obj/serial.o
 .text.writes   0x0000000008000cc0       0x10 build/obj/serial.o
 .text.gett     0x0000000008000cd0       0x10 build/obj/serial.o
 .text.putt     0x0000000008000ce0       0x10 build/obj/serial.o
 .text.sdInit   0x0000000008000cf0       0x10 build/obj/serial.o
                0x0000000008000cf0                sdInit
 .text.sdObjectInit
                0x0000000008000d00       0x50 build/obj/serial.o
                0x0000000008000d00                sdObjectInit
 .text.sdIncomingDataI
                0x0000000008000d50       0x50 build/obj/serial.o
                0x0000000008000d50                sdIncomingDataI
 .text.tm_start
                0x0000000008000da0       0x10 build/obj/tm.o
 .text.tm_stop  0x0000000008000db0       0x30 build/obj/tm.o
 .text.tmInit   0x0000000008000de0       0x50 build/obj/tm.o
                0x0000000008000de0                tmInit
 .text.hal_lld_init
                0x0000000008000e30       0x80 build/obj/hal_lld.o
                0x0000000008000e30                hal_lld_init
 .text.stm32_clock_init
                0x0000000008000eb0       0xb0 build/obj/hal_lld.o
                0x0000000008000eb0                stm32_clock_init
 .text.notify2  0x0000000008000f60       0x20 build/obj/serial_lld.o
 .text.VectorD8
                0x0000000008000f80      0x160 build/obj/serial_lld.o
                0x0000000008000f80                VectorD8
 .text.sd_lld_init
                0x00000000080010e0       0x30 build/obj/serial_lld.o
                0x00000000080010e0                sd_lld_init
 .text._pal_lld_init
                0x0000000008001110       0xb0 build/obj/pal_lld.o
                0x0000000008001110                _pal_lld_init
 .text.__early_init
                0x00000000080011c0       0x10 build/obj/board.o
                0x00000000080011c0                __early_init
 .text.boardInit
                0x00000000080011d0       0x10 build/obj/board.o
                0x00000000080011d0                boardInit
 .text.Thread1  0x00000000080011e0       0x40 build/obj/main.o
 *(.rodata)
 *(.rodata.*)
 .rodata.str1.4
                0x0000000008001220        0x5 build/obj/chsys.o
                                          0x8 (size before relaxing)
 *fill*         0x0000000008001225        0xb 
 .rodata.ch_debug
                0x0000000008001230       0x18 build/obj/chregistry.o
                0x0000000008001230                ch_debug
 *fill*         0x0000000008001248        0x8 
 .rodata.vmt    0x0000000008001250       0x24 build/obj/serial.o
 *fill*         0x0000000008001274        0xc 
 .rodata.pal_default_config
                0x0000000008001280       0x54 build/obj/board.o
                0x0000000008001280                pal_default_config
 *fill*         0x00000000080012d4        0xc 
 .rodata.str1.4
                0x00000000080012e0        0x8 build/obj/main.o
 *(.glue_7t)
 .glue_7t       0x0000000000000000        0x0 linker stubs
 *(.glue_7)
 .glue_7        0x0000000000000000        0x0 linker stubs
 *(.gcc*)

.vfp11_veneer   0x00000000080012e8        0x0
 .vfp11_veneer  0x0000000000000000        0x0 linker stubs

.v4_bx          0x00000000080012e8        0x0
 .v4_bx         0x0000000000000000        0x0 linker stubs

.iplt           0x00000000080012e8        0x0
 .iplt          0x0000000000000000        0x0 build/obj/crt0.o

.rel.dyn        0x00000000080012e8        0x0
 .rel.iplt      0x0000000000000000        0x0 build/obj/crt0.o

.ARM.extab
 *(.ARM.extab* .gnu.linkonce.armextab.*)

.ARM.exidx      0x00000000080012e8        0x0
                0x00000000080012e8                PROVIDE (__exidx_start, .)
 *(.ARM.exidx* .gnu.linkonce.armexidx.*)
                0x00000000080012e8                PROVIDE (__exidx_end, .)

.eh_frame_hdr
 *(.eh_frame_hdr)

.eh_frame
 *(.eh_frame)

.textalign      0x00000000080012e8        0x0
                0x00000000080012e8                . = ALIGN (0x8)
                0x00000000080012e8                _etext = .
                0x00000000080012e8                _textdata = _etext

.stacks         0x0000000020000000      0x800
                0x0000000020000000                . = ALIGN (0x8)
                0x0000000020000000                __main_stack_base__ = .
                0x0000000020000400                . = (. + __main_stack_size__)
 *fill*         0x0000000020000000      0x400 
                0x0000000020000400                . = ALIGN (0x8)
                0x0000000020000400                __main_stack_end__ = .
                0x0000000020000400                __process_stack_base__ = .
                0x0000000020000400                __main_thread_stack_base__ = .
                0x0000000020000800                . = (. + __process_stack_size__)
 *fill*         0x0000000020000400      0x400 
                0x0000000020000800                . = ALIGN (0x8)
                0x0000000020000800                __process_stack_end__ = .
                0x0000000020000800                __main_thread_stack_end__ = .

.data           0x0000000020000800        0x0 load address 0x00000000080012e8
                0x0000000020000800                . = ALIGN (0x4)
                0x0000000020000800                PROVIDE (_data, .)
 *(.data)
                0x0000000020000800                . = ALIGN (0x4)
 *(.data.*)
                0x0000000020000800                . = ALIGN (0x4)
 *(.ramtext)
                0x0000000020000800                . = ALIGN (0x4)
                0x0000000020000800                PROVIDE (_edata, .)

.igot.plt       0x0000000020000800        0x0 load address 0x00000000080012e8
 .igot.plt      0x0000000000000000        0x0 build/obj/crt0.o

.bss            0x0000000020000800      0x308 load address 0x00000000080012e8
                0x0000000020000800                . = ALIGN (0x4)
                0x0000000020000800                PROVIDE (_bss_start, .)
 *(.bss)
                0x0000000020000800                . = ALIGN (0x4)
 *(.bss.*)
 .bss.mainthread.4815
                0x0000000020000800       0x48 build/obj/chsys.o
 .bss._idle_thread_wa
                0x0000000020000848       0xc0 build/obj/chsys.o
                0x0000000020000848                _idle_thread_wa
 .bss.vtlist    0x0000000020000908       0x10 build/obj/chvt.o
                0x0000000020000908                vtlist
 .bss.rlist     0x0000000020000918       0x20 build/obj/chschd.o
                0x0000000020000918                rlist
 .bss.endmem    0x0000000020000938        0x4 build/obj/chmemcore.o
 .bss.nextmem   0x000000002000093c        0x4 build/obj/chmemcore.o
 .bss.default_heap
                0x0000000020000940       0x20 build/obj/chheap.o
 .bss.measurement_offset
                0x0000000020000960        0x4 build/obj/tm.o
 .bss.SD2       0x0000000020000964       0x74 build/obj/serial_lld.o
                0x0000000020000964                SD2
 .bss.waThread1
                0x00000000200009d8      0x130 build/obj/main.o
                0x0000000020000b08                . = ALIGN (0x4)
 *(COMMON)
                0x0000000020000b08                . = ALIGN (0x4)
                0x0000000020000b08                PROVIDE (_bss_end, .)
                0x0000000020000b08                PROVIDE (end, .)
                0x0000000020000b08                _end = .
                0x0000000020000b08                __heap_base__ = _end
                0x0000000020005000                __heap_end__ = __ram_end__
OUTPUT(build/ch.elf elf32-littlearm)

.debug_info     0x0000000000000000     0x9d80
 .debug_info    0x0000000000000000      0x2b3 build/obj/crt0.o
 .debug_info    0x00000000000002b3      0x1e9 build/obj/vectors.o
 .debug_info    0x000000000000049c      0x896 build/obj/chcore_v7m.o
 .debug_info    0x0000000000000d32      0x44e build/obj/nvic.o
 .debug_info    0x0000000000001180      0x86a build/obj/chsys.o
 .debug_info    0x00000000000019ea      0x273 build/obj/chvt.o
 .debug_info    0x0000000000001c5d      0x8fa build/obj/chschd.o
 .debug_info    0x0000000000002557      0xc3a build/obj/chthreads.o
 .debug_info    0x0000000000003191      0x67c build/obj/chregistry.o
 .debug_info    0x000000000000380d      0xa44 build/obj/chmtx.o
 .debug_info    0x0000000000004251      0xd63 build/obj/chevents.o
 .debug_info    0x0000000000004fb4      0xc46 build/obj/chqueues.o
 .debug_info    0x0000000000005bfa      0x228 build/obj/chmemcore.o
 .debug_info    0x0000000000005e22      0x718 build/obj/chheap.o
 .debug_info    0x000000000000653a      0x380 build/obj/hal.o
 .debug_info    0x00000000000068ba     0x1192 build/obj/serial.o
 .debug_info    0x0000000000007a4c      0x2eb build/obj/tm.o
 .debug_info    0x0000000000007d37      0x3b3 build/obj/hal_lld.o
 .debug_info    0x00000000000080ea     0x10ce build/obj/serial_lld.o
 .debug_info    0x00000000000091b8      0x3af build/obj/pal_lld.o
 .debug_info    0x0000000000009567      0x1b6 build/obj/board.o
 .debug_info    0x000000000000971d      0x663 build/obj/main.o

.debug_abbrev   0x0000000000000000     0x2b87
 .debug_abbrev  0x0000000000000000       0xdc build/obj/crt0.o
 .debug_abbrev  0x00000000000000dc       0xb1 build/obj/vectors.o
 .debug_abbrev  0x000000000000018d      0x1fe build/obj/chcore_v7m.o
 .debug_abbrev  0x000000000000038b       0xf2 build/obj/nvic.o
 .debug_abbrev  0x000000000000047d      0x220 build/obj/chsys.o
 .debug_abbrev  0x000000000000069d      0x15e build/obj/chvt.o
 .debug_abbrev  0x00000000000007fb      0x346 build/obj/chschd.o
 .debug_abbrev  0x0000000000000b41      0x355 build/obj/chthreads.o
 .debug_abbrev  0x0000000000000e96      0x197 build/obj/chregistry.o
 .debug_abbrev  0x000000000000102d      0x316 build/obj/chmtx.o
 .debug_abbrev  0x0000000000001343      0x310 build/obj/chevents.o
 .debug_abbrev  0x0000000000001653      0x33b build/obj/chqueues.o
 .debug_abbrev  0x000000000000198e      0x16c build/obj/chmemcore.o
 .debug_abbrev  0x0000000000001afa      0x210 build/obj/chheap.o
 .debug_abbrev  0x0000000000001d0a      0x1c1 build/obj/hal.o
 .debug_abbrev  0x0000000000001ecb      0x2d1 build/obj/serial.o
 .debug_abbrev  0x000000000000219c      0x19c build/obj/tm.o
 .debug_abbrev  0x0000000000002338       0xfc build/obj/hal_lld.o
 .debug_abbrev  0x0000000000002434      0x341 build/obj/serial_lld.o
 .debug_abbrev  0x0000000000002775      0x13b build/obj/pal_lld.o
 .debug_abbrev  0x00000000000028b0       0xe5 build/obj/board.o
 .debug_abbrev  0x0000000000002995      0x1f2 build/obj/main.o

.debug_aranges  0x0000000000000000      0x5e0
 .debug_aranges
                0x0000000000000000       0x38 build/obj/crt0.o
 .debug_aranges
                0x0000000000000038       0x20 build/obj/vectors.o
 .debug_aranges
                0x0000000000000058       0x50 build/obj/chcore_v7m.o
 .debug_aranges
                0x00000000000000a8       0x30 build/obj/nvic.o
 .debug_aranges
                0x00000000000000d8       0x30 build/obj/chsys.o
 .debug_aranges
                0x0000000000000108       0x38 build/obj/chvt.o
 .debug_aranges
                0x0000000000000140       0x58 build/obj/chschd.o
 .debug_aranges
                0x0000000000000198       0x78 build/obj/chthreads.o
 .debug_aranges
                0x0000000000000210       0x28 build/obj/chregistry.o
 .debug_aranges
                0x0000000000000238       0x58 build/obj/chmtx.o
 .debug_aranges
                0x0000000000000290       0x90 build/obj/chevents.o
 .debug_aranges
                0x0000000000000320       0x70 build/obj/chqueues.o
 .debug_aranges
                0x0000000000000390       0x38 build/obj/chmemcore.o
 .debug_aranges
                0x00000000000003c8       0x40 build/obj/chheap.o
 .debug_aranges
                0x0000000000000408       0x30 build/obj/hal.o
 .debug_aranges
                0x0000000000000438       0x90 build/obj/serial.o
 .debug_aranges
                0x00000000000004c8       0x38 build/obj/tm.o
 .debug_aranges
                0x0000000000000500       0x28 build/obj/hal_lld.o
 .debug_aranges
                0x0000000000000528       0x40 build/obj/serial_lld.o
 .debug_aranges
                0x0000000000000568       0x28 build/obj/pal_lld.o
 .debug_aranges
                0x0000000000000590       0x28 build/obj/board.o
 .debug_aranges
                0x00000000000005b8       0x28 build/obj/main.o

.debug_ranges   0x0000000000000000      0xaa8
 .debug_ranges  0x0000000000000000       0xe0 build/obj/crt0.o
 .debug_ranges  0x00000000000000e0       0x10 build/obj/vectors.o
 .debug_ranges  0x00000000000000f0       0x58 build/obj/chcore_v7m.o
 .debug_ranges  0x0000000000000148       0x20 build/obj/nvic.o
 .debug_ranges  0x0000000000000168       0x20 build/obj/chsys.o
 .debug_ranges  0x0000000000000188       0x28 build/obj/chvt.o
 .debug_ranges  0x00000000000001b0      0x150 build/obj/chschd.o
 .debug_ranges  0x0000000000000300      0x118 build/obj/chthreads.o
 .debug_ranges  0x0000000000000418       0x30 build/obj/chregistry.o
 .debug_ranges  0x0000000000000448      0x218 build/obj/chmtx.o
 .debug_ranges  0x0000000000000660       0xc8 build/obj/chevents.o
 .debug_ranges  0x0000000000000728       0xc0 build/obj/chqueues.o
 .debug_ranges  0x00000000000007e8       0x28 build/obj/chmemcore.o
 .debug_ranges  0x0000000000000810       0x30 build/obj/chheap.o
 .debug_ranges  0x0000000000000840       0x50 build/obj/hal.o
 .debug_ranges  0x0000000000000890       0xc8 build/obj/serial.o
 .debug_ranges  0x0000000000000958       0x70 build/obj/tm.o
 .debug_ranges  0x00000000000009c8       0x38 build/obj/hal_lld.o
 .debug_ranges  0x0000000000000a00       0x60 build/obj/serial_lld.o
 .debug_ranges  0x0000000000000a60       0x18 build/obj/pal_lld.o
 .debug_ranges  0x0000000000000a78       0x18 build/obj/board.o
 .debug_ranges  0x0000000000000a90       0x18 build/obj/main.o

.debug_line     0x0000000000000000     0x3205
 .debug_line    0x0000000000000000      0x153 build/obj/crt0.o
 .debug_line    0x0000000000000153       0xdd build/obj/vectors.o
 .debug_line    0x0000000000000230      0x20f build/obj/chcore_v7m.o
 .debug_line    0x000000000000043f      0x11a build/obj/nvic.o
 .debug_line    0x0000000000000559      0x223 build/obj/chsys.o
 .debug_line    0x000000000000077c      0x17b build/obj/chvt.o
 .debug_line    0x00000000000008f7      0x2cc build/obj/chschd.o
 .debug_line    0x0000000000000bc3      0x377 build/obj/chthreads.o
 .debug_line    0x0000000000000f3a      0x1f3 build/obj/chregistry.o
 .debug_line    0x000000000000112d      0x352 build/obj/chmtx.o
 .debug_line    0x000000000000147f      0x2fc build/obj/chevents.o
 .debug_line    0x000000000000177b      0x3a9 build/obj/chqueues.o
 .debug_line    0x0000000000001b24      0x17b build/obj/chmemcore.o
 .debug_line    0x0000000000001c9f      0x28d build/obj/chheap.o
 .debug_line    0x0000000000001f2c      0x266 build/obj/hal.o
 .debug_line    0x0000000000002192      0x3b2 build/obj/serial.o
 .debug_line    0x0000000000002544      0x1da build/obj/tm.o
 .debug_line    0x000000000000271e      0x1bf build/obj/hal_lld.o
 .debug_line    0x00000000000028dd      0x359 build/obj/serial_lld.o
 .debug_line    0x0000000000002c36      0x1c3 build/obj/pal_lld.o
 .debug_line    0x0000000000002df9      0x181 build/obj/board.o
 .debug_line    0x0000000000002f7a      0x28b build/obj/main.o

.debug_str      0x0000000000000000     0x187e
 .debug_str     0x0000000000000000      0x202 build/obj/crt0.o
                                        0x23b (size before relaxing)
 .debug_str     0x0000000000000202      0x136 build/obj/vectors.o
                                        0x252 (size before relaxing)
 .debug_str     0x0000000000000338      0x2d8 build/obj/chcore_v7m.o
                                        0x3f6 (size before relaxing)
 .debug_str     0x0000000000000610       0x9e build/obj/nvic.o
                                        0x224 (size before relaxing)
 .debug_str     0x00000000000006ae      0x205 build/obj/chsys.o
                                        0x4ce (size before relaxing)
 .debug_str     0x00000000000008b3       0x4c build/obj/chvt.o
                                        0x1c9 (size before relaxing)
 .debug_str     0x00000000000008ff       0xa6 build/obj/chschd.o
                                        0x3ce (size before relaxing)
 .debug_str     0x00000000000009a5       0xd3 build/obj/chthreads.o
                                        0x468 (size before relaxing)
 .debug_str     0x0000000000000a78       0x42 build/obj/chregistry.o
                                        0x3f1 (size before relaxing)
 .debug_str     0x0000000000000aba       0x8a build/obj/chmtx.o
                                        0x388 (size before relaxing)
 .debug_str     0x0000000000000b44      0x179 build/obj/chevents.o
                                        0x466 (size before relaxing)
 .debug_str     0x0000000000000cbd      0x11f build/obj/chqueues.o
                                        0x407 (size before relaxing)
 .debug_str     0x0000000000000ddc       0x70 build/obj/chmemcore.o
                                        0x190 (size before relaxing)
 .debug_str     0x0000000000000e4c       0xb3 build/obj/chheap.o
                                        0x35c (size before relaxing)
 .debug_str     0x0000000000000eff      0x13a build/obj/hal.o
                                        0x258 (size before relaxing)
 .debug_str     0x0000000000001039      0x204 build/obj/serial.o
                                        0x5f4 (size before relaxing)
 .debug_str     0x000000000000123d       0x67 build/obj/tm.o
                                        0x1e1 (size before relaxing)
 .debug_str     0x00000000000012a4       0xfe build/obj/hal_lld.o
                                        0x276 (size before relaxing)
 .debug_str     0x00000000000013a2      0x419 build/obj/serial_lld.o
                                        0x96a (size before relaxing)
 .debug_str     0x00000000000017bb       0x88 build/obj/pal_lld.o
                                        0x252 (size before relaxing)
 .debug_str     0x0000000000001843       0x2a build/obj/board.o
                                        0x1c9 (size before relaxing)
 .debug_str     0x000000000000186d       0x11 build/obj/main.o
                                        0x344 (size before relaxing)

.comment        0x0000000000000000       0x11
 .comment       0x0000000000000000       0x11 build/obj/crt0.o
                                         0x12 (size before relaxing)
 .comment       0x0000000000000000       0x12 build/obj/vectors.o
 .comment       0x0000000000000000       0x12 build/obj/chcore_v7m.o
 .comment       0x0000000000000000       0x12 build/obj/nvic.o
 .comment       0x0000000000000000       0x12 build/obj/chsys.o
 .comment       0x0000000000000000       0x12 build/obj/chvt.o
 .comment       0x0000000000000000       0x12 build/obj/chschd.o
 .comment       0x0000000000000000       0x12 build/obj/chthreads.o
 .comment       0x0000000000000000       0x12 build/obj/chregistry.o
 .comment       0x0000000000000000       0x12 build/obj/chmtx.o
 .comment       0x0000000000000000       0x12 build/obj/chevents.o
 .comment       0x0000000000000000       0x12 build/obj/chqueues.o
 .comment       0x0000000000000000       0x12 build/obj/chmemcore.o
 .comment       0x0000000000000000       0x12 build/obj/chheap.o
 .comment       0x0000000000000000       0x12 build/obj/hal.o
 .comment       0x0000000000000000       0x12 build/obj/serial.o
 .comment       0x0000000000000000       0x12 build/obj/tm.o
 .comment       0x0000000000000000       0x12 build/obj/hal_lld.o
 .comment       0x0000000000000000       0x12 build/obj/serial_lld.o
 .comment       0x0000000000000000       0x12 build/obj/pal_lld.o
 .comment       0x0000000000000000       0x12 build/obj/board.o
 .comment       0x0000000000000000       0x12 build/obj/main.o

.ARM.attributes
                0x0000000000000000       0x33
 .ARM.attributes
                0x0000000000000000       0x33 build/obj/crt0.o
 .ARM.attributes
                0x0000000000000033       0x33 build/obj/vectors.o
 .ARM.attributes
                0x0000000000000066       0x33 build/obj/chcore_v7m.o
 .ARM.attributes
                0x0000000000000099       0x33 build/obj/nvic.o
 .ARM.attributes
                0x00000000000000cc       0x33 build/obj/chsys.o
 .ARM.attributes
                0x00000000000000ff       0x33 build/obj/chvt.o
 .ARM.attributes
                0x0000000000000132       0x33 build/obj/chschd.o
 .ARM.attributes
                0x0000000000000165       0x33 build/obj/chthreads.o
 .ARM.attributes
                0x0000000000000198       0x33 build/obj/chregistry.o
 .ARM.attributes
                0x00000000000001cb       0x33 build/obj/chmtx.o
 .ARM.attributes
                0x00000000000001fe       0x33 build/obj/chevents.o
 .ARM.attributes
                0x0000000000000231       0x33 build/obj/chqueues.o
 .ARM.attributes
                0x0000000000000264       0x33 build/obj/chmemcore.o
 .ARM.attributes
                0x0000000000000297       0x33 build/obj/chheap.o
 .ARM.attributes
                0x00000000000002ca       0x33 build/obj/hal.o
 .ARM.attributes
                0x00000000000002fd       0x33 build/obj/serial.o
 .ARM.attributes
                0x0000000000000330       0x33 build/obj/tm.o
 .ARM.attributes
                0x0000000000000363       0x33 build/obj/hal_lld.o
 .ARM.attributes
                0x0000000000000396       0x33 build/obj/serial_lld.o
 .ARM.attributes
                0x00000000000003c9       0x33 build/obj/pal_lld.o
 .ARM.attributes
                0x00000000000003fc       0x33 build/obj/board.o
 .ARM.attributes
                0x000000000000042f       0x33 build/obj/main.o

.debug_frame    0x0000000000000000      0xd0c
 .debug_frame   0x0000000000000000       0x50 build/obj/crt0.o
 .debug_frame   0x0000000000000050       0x20 build/obj/vectors.o
 .debug_frame   0x0000000000000070       0x98 build/obj/chcore_v7m.o
 .debug_frame   0x0000000000000108       0x5c build/obj/nvic.o
 .debug_frame   0x0000000000000164       0x5c build/obj/chsys.o
 .debug_frame   0x00000000000001c0       0x5c build/obj/chvt.o
 .debug_frame   0x000000000000021c       0xc8 build/obj/chschd.o
 .debug_frame   0x00000000000002e4      0x160 build/obj/chthreads.o
 .debug_frame   0x0000000000000444       0x3c build/obj/chregistry.o
 .debug_frame   0x0000000000000480       0xe4 build/obj/chmtx.o
 .debug_frame   0x0000000000000564      0x1c0 build/obj/chevents.o
 .debug_frame   0x0000000000000724      0x170 build/obj/chqueues.o
 .debug_frame   0x0000000000000894       0x50 build/obj/chmemcore.o
 .debug_frame   0x00000000000008e4       0x98 build/obj/chheap.o
 .debug_frame   0x000000000000097c       0x54 build/obj/hal.o
 .debug_frame   0x00000000000009d0      0x148 build/obj/serial.o
 .debug_frame   0x0000000000000b18       0x5c build/obj/tm.o
 .debug_frame   0x0000000000000b74       0x3c build/obj/hal_lld.o
 .debug_frame   0x0000000000000bb0       0x94 build/obj/serial_lld.o
 .debug_frame   0x0000000000000c44       0x4c build/obj/pal_lld.o
 .debug_frame   0x0000000000000c90       0x30 build/obj/board.o
 .debug_frame   0x0000000000000cc0       0x4c build/obj/main.o

.debug_loc      0x0000000000000000     0x31c8
 .debug_loc     0x0000000000000000      0x10c build/obj/chcore_v7m.o
 .debug_loc     0x000000000000010c      0x1c9 build/obj/nvic.o
 .debug_loc     0x00000000000002d5       0x90 build/obj/chsys.o
 .debug_loc     0x0000000000000365       0xc1 build/obj/chvt.o
 .debug_loc     0x0000000000000426      0x298 build/obj/chschd.o
 .debug_loc     0x00000000000006be      0x519 build/obj/chthreads.o
 .debug_loc     0x0000000000000bd7       0xb7 build/obj/chregistry.o
 .debug_loc     0x0000000000000c8e      0x48a build/obj/chmtx.o
 .debug_loc     0x0000000000001118      0x874 build/obj/chevents.o
 .debug_loc     0x000000000000198c      0x87b build/obj/chqueues.o
 .debug_loc     0x0000000000002207      0x114 build/obj/chmemcore.o
 .debug_loc     0x000000000000231b      0x370 build/obj/chheap.o
 .debug_loc     0x000000000000268b       0x98 build/obj/hal.o
 .debug_loc     0x0000000000002723      0x584 build/obj/serial.o
 .debug_loc     0x0000000000002ca7       0x99 build/obj/tm.o
 .debug_loc     0x0000000000002d40       0x20 build/obj/hal_lld.o
 .debug_loc     0x0000000000002d60      0x2ec build/obj/serial_lld.o
 .debug_loc     0x000000000000304c      0x10f build/obj/pal_lld.o
 .debug_loc     0x000000000000315b       0x6d build/obj/main.o

Cross Reference Table

Symbol                                            File
BusFaultVector                                    build/obj/vectors.o
DebugMonitorVector                                build/obj/vectors.o
HardFaultVector                                   build/obj/vectors.o
MemManageVector                                   build/obj/vectors.o
NMIVector                                         build/obj/vectors.o
PendSVVector                                      build/obj/vectors.o
ResetHandler                                      build/obj/crt0.o
                                                  build/obj/vectors.o
SD2                                               build/obj/serial_lld.o
SVCallVector                                      build/obj/chcore_v7m.o
                                                  build/obj/vectors.o
SysTickVector                                     build/obj/chcore_v7m.o
                                                  build/obj/vectors.o
TestThread                                        build/obj/test.o
UsageFaultVector                                  build/obj/vectors.o
Vector100                                         build/obj/vectors.o
Vector104                                         build/obj/vectors.o
Vector108                                         build/obj/vectors.o
Vector10C                                         build/obj/vectors.o
Vector110                                         build/obj/vectors.o
Vector114                                         build/obj/vectors.o
Vector118                                         build/obj/vectors.o
Vector11C                                         build/obj/vectors.o
Vector120                                         build/obj/vectors.o
Vector124                                         build/obj/vectors.o
Vector128                                         build/obj/vectors.o
Vector12C                                         build/obj/vectors.o
Vector1C                                          build/obj/vectors.o
Vector20                                          build/obj/vectors.o
Vector24                                          build/obj/vectors.o
Vector28                                          build/obj/vectors.o
Vector34                                          build/obj/vectors.o
Vector40                                          build/obj/vectors.o
Vector44                                          build/obj/vectors.o
Vector48                                          build/obj/vectors.o
Vector4C                                          build/obj/vectors.o
Vector50                                          build/obj/vectors.o
Vector54                                          build/obj/vectors.o
Vector58                                          build/obj/vectors.o
Vector5C                                          build/obj/vectors.o
Vector60                                          build/obj/vectors.o
Vector64                                          build/obj/vectors.o
Vector68                                          build/obj/vectors.o
Vector6C                                          build/obj/vectors.o
Vector70                                          build/obj/vectors.o
Vector74                                          build/obj/vectors.o
Vector78                                          build/obj/vectors.o
Vector7C                                          build/obj/vectors.o
Vector80                                          build/obj/vectors.o
Vector84                                          build/obj/vectors.o
Vector88                                          build/obj/vectors.o
Vector8C                                          build/obj/vectors.o
Vector90                                          build/obj/vectors.o
Vector94                                          build/obj/vectors.o
Vector98                                          build/obj/vectors.o
Vector9C                                          build/obj/vectors.o
VectorA0                                          build/obj/vectors.o
VectorA4                                          build/obj/vectors.o
VectorA8                                          build/obj/vectors.o
VectorAC                                          build/obj/vectors.o
VectorB0                                          build/obj/vectors.o
VectorB4                                          build/obj/vectors.o
VectorB8                                          build/obj/vectors.o
VectorBC                                          build/obj/vectors.o
VectorC0                                          build/obj/vectors.o
VectorC4                                          build/obj/vectors.o
VectorC8                                          build/obj/vectors.o
VectorCC                                          build/obj/vectors.o
VectorD0                                          build/obj/vectors.o
VectorD4                                          build/obj/vectors.o
VectorD8                                          build/obj/serial_lld.o
                                                  build/obj/vectors.o
VectorDC                                          build/obj/vectors.o
VectorE0                                          build/obj/vectors.o
VectorE4                                          build/obj/vectors.o
VectorE8                                          build/obj/vectors.o
VectorEC                                          build/obj/vectors.o
VectorF0                                          build/obj/vectors.o
VectorF4                                          build/obj/vectors.o
VectorF8                                          build/obj/vectors.o
VectorFC                                          build/obj/vectors.o
__early_init                                      build/obj/board.o
                                                  build/obj/crt0.o
__fini_array_end                                  build/obj/crt0.o
__fini_array_start                                build/obj/crt0.o
__heap_base__                                     build/obj/chmemcore.o
__heap_end__                                      build/obj/chmemcore.o
__init_array_end                                  build/obj/crt0.o
__init_array_start                                build/obj/crt0.o
__late_init                                       build/obj/crt0.o
__main_stack_base__                               build/obj/crt0.o
__main_stack_end__                                build/obj/vectors.o
                                                  build/obj/crt0.o
__process_stack_base__                            build/obj/crt0.o
__process_stack_end__                             build/obj/crt0.o
_bss_end                                          build/obj/crt0.o
_bss_start                                        build/obj/crt0.o
_close_r                                          build/obj/syscalls.o
_core_init                                        build/obj/chmemcore.o
                                                  build/obj/chsys.o
_data                                             build/obj/crt0.o
_default_exit                                     build/obj/crt0.o
_edata                                            build/obj/crt0.o
_fstat_r                                          build/obj/syscalls.o
_heap_init                                        build/obj/chheap.o
                                                  build/obj/chsys.o
_idle_thread                                      build/obj/chsys.o
_idle_thread_wa                                   build/obj/chsys.o
_isatty_r                                         build/obj/syscalls.o
_lseek_r                                          build/obj/syscalls.o
_pal_lld_init                                     build/obj/pal_lld.o
                                                  build/obj/hal.o
_pal_lld_setgroupmode                             build/obj/pal_lld.o
                                                  build/obj/pal.o
_port_init                                        build/obj/chcore_v7m.o
                                                  build/obj/chsys.o
_port_irq_epilogue                                build/obj/chcore_v7m.o
                                                  build/obj/serial_lld.o
_port_switch                                      build/obj/chcore_v7m.o
                                                  build/obj/chschd.o
_port_switch_from_isr                             build/obj/chcore_v7m.o
_port_thread_start                                build/obj/chcore_v7m.o
                                                  build/obj/chthreads.o
_read_r                                           build/obj/syscalls.o
_sbrk_r                                           build/obj/syscalls.o
_scheduler_init                                   build/obj/chschd.o
                                                  build/obj/chsys.o
_test_assert                                      build/obj/test.o
                                                  build/obj/testqueues.o
                                                  build/obj/testdyn.o
                                                  build/obj/testpools.o
                                                  build/obj/testheap.o
                                                  build/obj/testevt.o
                                                  build/obj/testmbox.o
                                                  build/obj/testmtx.o
                                                  build/obj/testsem.o
                                                  build/obj/testthd.o
_test_assert_sequence                             build/obj/test.o
                                                  build/obj/testqueues.o
                                                  build/obj/testdyn.o
                                                  build/obj/testevt.o
                                                  build/obj/testmbox.o
                                                  build/obj/testmsg.o
                                                  build/obj/testmtx.o
                                                  build/obj/testsem.o
                                                  build/obj/testthd.o
_test_assert_time_window                          build/obj/test.o
                                                  build/obj/testevt.o
                                                  build/obj/testmtx.o
                                                  build/obj/testsem.o
                                                  build/obj/testthd.o
_test_fail                                        build/obj/test.o
_textdata                                         build/obj/crt0.o
_thread_init                                      build/obj/chthreads.o
                                                  build/obj/chsys.o
_unhandled_exception                              build/obj/vectors.o
_vectors                                          build/obj/vectors.o
_vt_init                                          build/obj/chvt.o
                                                  build/obj/chsys.o
_write_r                                          build/obj/syscalls.o
boardInit                                         build/obj/board.o
                                                  build/obj/hal.o
chCondBroadcast                                   build/obj/chcond.o
                                                  build/obj/testmtx.o
chCondBroadcastI                                  build/obj/chcond.o
chCondInit                                        build/obj/chcond.o
                                                  build/obj/testmtx.o
chCondSignal                                      build/obj/chcond.o
                                                  build/obj/testmtx.o
chCondSignalI                                     build/obj/chcond.o
                                                  build/obj/testmtx.o
chCondWait                                        build/obj/chcond.o
                                                  build/obj/testmtx.o
chCondWaitS                                       build/obj/chcond.o
chCondWaitTimeout                                 build/obj/chcond.o
                                                  build/obj/testmtx.o
chCondWaitTimeoutS                                build/obj/chcond.o
chCoreAlloc                                       build/obj/chmemcore.o
                                                  build/obj/syscalls.o
                                                  build/obj/chheap.o
chCoreAllocI                                      build/obj/chmemcore.o
chCoreStatus                                      build/obj/chmemcore.o
                                                  build/obj/testheap.o
chEvtAddFlags                                     build/obj/chevents.o
                                                  build/obj/testevt.o
chEvtBroadcastFlags                               build/obj/chevents.o
                                                  build/obj/testevt.o
chEvtBroadcastFlagsI                              build/obj/chevents.o
                                                  build/obj/evtimer.o
                                                  build/obj/serial_lld.o
                                                  build/obj/serial.o
chEvtClearFlags                                   build/obj/chevents.o
                                                  build/obj/testevt.o
chEvtDispatch                                     build/obj/chevents.o
                                                  build/obj/testevt.o
chEvtRegisterMask                                 build/obj/chevents.o
                                                  build/obj/testevt.o
chEvtSignalFlags                                  build/obj/chevents.o
                                                  build/obj/testevt.o
chEvtSignalFlagsI                                 build/obj/chevents.o
chEvtUnregister                                   build/obj/chevents.o
                                                  build/obj/testevt.o
chEvtWaitAll                                      build/obj/chevents.o
                                                  build/obj/testevt.o
chEvtWaitAllTimeout                               build/obj/chevents.o
                                                  build/obj/testevt.o
chEvtWaitAny                                      build/obj/chevents.o
                                                  build/obj/testevt.o
chEvtWaitAnyTimeout                               build/obj/chevents.o
                                                  build/obj/testevt.o
chEvtWaitOne                                      build/obj/chevents.o
                                                  build/obj/testevt.o
chEvtWaitOneTimeout                               build/obj/chevents.o
                                                  build/obj/testevt.o
chHeapAlloc                                       build/obj/chheap.o
                                                  build/obj/testdyn.o
                                                  build/obj/testheap.o
                                                  build/obj/chdynamic.o
chHeapFree                                        build/obj/chheap.o
                                                  build/obj/testdyn.o
                                                  build/obj/testheap.o
                                                  build/obj/chdynamic.o
chHeapInit                                        build/obj/chheap.o
                                                  build/obj/testdyn.o
                                                  build/obj/testheap.o
chHeapStatus                                      build/obj/chheap.o
                                                  build/obj/testdyn.o
                                                  build/obj/testheap.o
chIQGetTimeout                                    build/obj/chqueues.o
                                                  build/obj/serial.o
                                                  build/obj/testbmk.o
                                                  build/obj/testqueues.o
chIQInit                                          build/obj/chqueues.o
                                                  build/obj/serial.o
                                                  build/obj/testbmk.o
                                                  build/obj/testqueues.o
chIQPutI                                          build/obj/chqueues.o
                                                  build/obj/serial.o
                                                  build/obj/testbmk.o
                                                  build/obj/testqueues.o
chIQReadTimeout                                   build/obj/chqueues.o
                                                  build/obj/serial.o
                                                  build/obj/testqueues.o
chIQResetI                                        build/obj/chqueues.o
                                                  build/obj/serial.o
                                                  build/obj/testqueues.o
chMBFetch                                         build/obj/chmboxes.o
                                                  build/obj/testmbox.o
chMBFetchI                                        build/obj/chmboxes.o
                                                  build/obj/testmbox.o
chMBFetchS                                        build/obj/chmboxes.o
chMBInit                                          build/obj/chmboxes.o
                                                  build/obj/testmbox.o
chMBPost                                          build/obj/chmboxes.o
                                                  build/obj/testmbox.o
chMBPostAhead                                     build/obj/chmboxes.o
                                                  build/obj/testmbox.o
chMBPostAheadI                                    build/obj/chmboxes.o
                                                  build/obj/testmbox.o
chMBPostAheadS                                    build/obj/chmboxes.o
chMBPostI                                         build/obj/chmboxes.o
                                                  build/obj/testmbox.o
chMBPostS                                         build/obj/chmboxes.o
chMBReset                                         build/obj/chmboxes.o
                                                  build/obj/testmbox.o
chMsgRelease                                      build/obj/chmsg.o
                                                  build/obj/testbmk.o
                                                  build/obj/testmsg.o
chMsgSend                                         build/obj/chmsg.o
                                                  build/obj/testbmk.o
                                                  build/obj/testmsg.o
chMsgWait                                         build/obj/chmsg.o
                                                  build/obj/testbmk.o
                                                  build/obj/testmsg.o
chMtxInit                                         build/obj/chmtx.o
                                                  build/obj/testbmk.o
                                                  build/obj/testmtx.o
                                                  build/obj/chheap.o
chMtxLock                                         build/obj/chmtx.o
                                                  build/obj/testbmk.o
                                                  build/obj/testmtx.o
                                                  build/obj/chheap.o
chMtxLockS                                        build/obj/chmtx.o
                                                  build/obj/chcond.o
chMtxTryLock                                      build/obj/chmtx.o
                                                  build/obj/testmtx.o
chMtxTryLockS                                     build/obj/chmtx.o
chMtxUnlock                                       build/obj/chmtx.o
                                                  build/obj/testbmk.o
                                                  build/obj/testmtx.o
                                                  build/obj/chheap.o
chMtxUnlockAll                                    build/obj/chmtx.o
                                                  build/obj/testmtx.o
chMtxUnlockS                                      build/obj/chmtx.o
                                                  build/obj/testmtx.o
                                                  build/obj/chcond.o
chOQGetI                                          build/obj/chqueues.o
                                                  build/obj/serial_lld.o
                                                  build/obj/serial.o
                                                  build/obj/testqueues.o
chOQInit                                          build/obj/chqueues.o
                                                  build/obj/serial.o
                                                  build/obj/testqueues.o
chOQPutTimeout                                    build/obj/chqueues.o
                                                  build/obj/serial.o
                                                  build/obj/testqueues.o
chOQResetI                                        build/obj/chqueues.o
                                                  build/obj/serial.o
                                                  build/obj/testqueues.o
chOQWriteTimeout                                  build/obj/chqueues.o
                                                  build/obj/serial.o
                                                  build/obj/testqueues.o
chPoolAlloc                                       build/obj/chmempools.o
                                                  build/obj/testdyn.o
                                                  build/obj/testpools.o
                                                  build/obj/chdynamic.o
chPoolAllocI                                      build/obj/chmempools.o
chPoolFree                                        build/obj/chmempools.o
                                                  build/obj/testdyn.o
                                                  build/obj/testpools.o
                                                  build/obj/chdynamic.o
chPoolFreeI                                       build/obj/chmempools.o
chPoolInit                                        build/obj/chmempools.o
                                                  build/obj/testdyn.o
                                                  build/obj/testpools.o
chRegFirstThread                                  build/obj/chregistry.o
                                                  build/obj/testdyn.o
chRegNextThread                                   build/obj/chregistry.o
                                                  build/obj/testdyn.o
chSchDoReschedule                                 build/obj/chschd.o
                                                  build/obj/chthreads.o
                                                  build/obj/chcore_v7m.o
chSchGoSleepS                                     build/obj/chschd.o
                                                  build/obj/testbmk.o
                                                  build/obj/chmsg.o
                                                  build/obj/chevents.o
                                                  build/obj/chcond.o
                                                  build/obj/chmtx.o
                                                  build/obj/chsem.o
                                                  build/obj/chthreads.o
chSchGoSleepTimeoutS                              build/obj/chschd.o
                                                  build/obj/chqueues.o
                                                  build/obj/chevents.o
                                                  build/obj/chcond.o
                                                  build/obj/chsem.o
                                                  build/obj/chthreads.o
chSchReadyI                                       build/obj/chschd.o
                                                  build/obj/chqueues.o
                                                  build/obj/chmsg.o
                                                  build/obj/chevents.o
                                                  build/obj/chcond.o
                                                  build/obj/chmtx.o
                                                  build/obj/chsem.o
                                                  build/obj/chthreads.o
chSchRescheduleS                                  build/obj/chschd.o
                                                  build/obj/serial.o
                                                  build/obj/testmtx.o
                                                  build/obj/testsem.o
                                                  build/obj/chmboxes.o
                                                  build/obj/chevents.o
                                                  build/obj/chcond.o
                                                  build/obj/chmtx.o
                                                  build/obj/chsem.o
                                                  build/obj/chthreads.o
chSchWakeupS                                      build/obj/chschd.o
                                                  build/obj/testbmk.o
                                                  build/obj/chmsg.o
                                                  build/obj/chcond.o
                                                  build/obj/chmtx.o
                                                  build/obj/chsem.o
                                                  build/obj/chdynamic.o
                                                  build/obj/chthreads.o
chSemAddCounterI                                  build/obj/chsem.o
                                                  build/obj/testsem.o
chSemInit                                         build/obj/chsem.o
                                                  build/obj/testbmk.o
                                                  build/obj/testsem.o
                                                  build/obj/chmboxes.o
chSemReset                                        build/obj/chsem.o
                                                  build/obj/testbmk.o
                                                  build/obj/testsem.o
chSemResetI                                       build/obj/chsem.o
                                                  build/obj/chmboxes.o
chSemSignal                                       build/obj/chsem.o
                                                  build/obj/testbmk.o
                                                  build/obj/testsem.o
chSemSignalI                                      build/obj/chsem.o
                                                  build/obj/testsem.o
                                                  build/obj/chmboxes.o
chSemSignalWait                                   build/obj/chsem.o
                                                  build/obj/testsem.o
chSemWait                                         build/obj/chsem.o
                                                  build/obj/testbmk.o
                                                  build/obj/testsem.o
chSemWaitS                                        build/obj/chsem.o
chSemWaitTimeout                                  build/obj/chsem.o
                                                  build/obj/testsem.o
chSemWaitTimeoutS                                 build/obj/chsem.o
                                                  build/obj/chmboxes.o
chSysInit                                         build/obj/chsys.o
                                                  build/obj/main.o
chSysTimerHandlerI                                build/obj/chsys.o
                                                  build/obj/chcore_v7m.o
chThdAddRef                                       build/obj/chdynamic.o
                                                  build/obj/testdyn.o
chThdCreateFromHeap                               build/obj/chdynamic.o
                                                  build/obj/testdyn.o
chThdCreateFromMemoryPool                         build/obj/chdynamic.o
                                                  build/obj/testdyn.o
chThdCreateI                                      build/obj/chthreads.o
                                                  build/obj/testthd.o
                                                  build/obj/chdynamic.o
chThdCreateStatic                                 build/obj/chthreads.o
                                                  build/obj/main.o
                                                  build/obj/testbmk.o
                                                  build/obj/testqueues.o
                                                  build/obj/testevt.o
                                                  build/obj/testmsg.o
                                                  build/obj/testmtx.o
                                                  build/obj/testsem.o
                                                  build/obj/testthd.o
                                                  build/obj/chsys.o
chThdExit                                         build/obj/chthreads.o
                                                  build/obj/chcore_v7m.o
chThdExitS                                        build/obj/chthreads.o
chThdRelease                                      build/obj/chdynamic.o
                                                  build/obj/testdyn.o
                                                  build/obj/chregistry.o
                                                  build/obj/chthreads.o
chThdResume                                       build/obj/chthreads.o
                                                  build/obj/testthd.o
chThdSetPriority                                  build/obj/chthreads.o
                                                  build/obj/testthd.o
chThdSleep                                        build/obj/chthreads.o
                                                  build/obj/main.o
                                                  build/obj/testbmk.o
                                                  build/obj/testdyn.o
                                                  build/obj/testevt.o
                                                  build/obj/testmtx.o
                                                  build/obj/testsem.o
                                                  build/obj/testthd.o
                                                  build/obj/test.o
chThdSleepUntil                                   build/obj/chthreads.o
                                                  build/obj/testthd.o
chThdTerminate                                    build/obj/chthreads.o
                                                  build/obj/test.o
chThdWait                                         build/obj/chthreads.o
                                                  build/obj/testbmk.o
                                                  build/obj/test.o
chThdYield                                        build/obj/chthreads.o
                                                  build/obj/testbmk.o
chTimeIsWithin                                    build/obj/chvt.o
                                                  build/obj/test.o
chVTResetI                                        build/obj/chvt.o
                                                  build/obj/evtimer.o
                                                  build/obj/testbmk.o
                                                  build/obj/chschd.o
chVTSetI                                          build/obj/chvt.o
                                                  build/obj/evtimer.o
                                                  build/obj/testbmk.o
                                                  build/obj/test.o
                                                  build/obj/chschd.o
ch_debug                                          build/obj/chregistry.o
                                                  build/obj/chsys.o
evtStart                                          build/obj/evtimer.o
evtStop                                           build/obj/evtimer.o
halInit                                           build/obj/hal.o
                                                  build/obj/main.o
halIsCounterWithin                                build/obj/hal.o
halPolledDelay                                    build/obj/hal.o
hal_lld_init                                      build/obj/hal_lld.o
                                                  build/obj/hal.o
main                                              build/obj/main.o
                                                  build/obj/crt0.o
memset                                            /Users/toxygen/Applications/yagarto-4.7.2/bin/../lib/gcc/arm-none-eabi/4.7.2/../../../../arm-none-eabi/lib/thumb/v7m/libc.a(lib_a-memset.o)
                                                  build/obj/syscalls.o
nvicDisableVector                                 build/obj/nvic.o
                                                  build/obj/serial_lld.o
nvicEnableVector                                  build/obj/nvic.o
                                                  build/obj/serial_lld.o
nvicSetSystemHandlerPriority                      build/obj/nvic.o
                                                  build/obj/chcore_v7m.o
palReadBus                                        build/obj/pal.o
palSetBusMode                                     build/obj/pal.o
palWriteBus                                       build/obj/pal.o
pal_default_config                                build/obj/board.o
                                                  build/obj/hal.o
patternbmk                                        build/obj/testbmk.o
                                                  build/obj/test.o
patterndyn                                        build/obj/testdyn.o
                                                  build/obj/test.o
patternevt                                        build/obj/testevt.o
                                                  build/obj/test.o
patternheap                                       build/obj/testheap.o
                                                  build/obj/test.o
patternmbox                                       build/obj/testmbox.o
                                                  build/obj/test.o
patternmsg                                        build/obj/testmsg.o
                                                  build/obj/test.o
patternmtx                                        build/obj/testmtx.o
                                                  build/obj/test.o
patternpools                                      build/obj/testpools.o
                                                  build/obj/test.o
patternqueues                                     build/obj/testqueues.o
                                                  build/obj/test.o
patternsem                                        build/obj/testsem.o
                                                  build/obj/test.o
patternthd                                        build/obj/testthd.o
                                                  build/obj/test.o
port_halt                                         build/obj/chcore.o
rlist                                             build/obj/chschd.o
                                                  build/obj/main.o
                                                  build/obj/testbmk.o
                                                  build/obj/testqueues.o
                                                  build/obj/testdyn.o
                                                  build/obj/testevt.o
                                                  build/obj/testmsg.o
                                                  build/obj/testmtx.o
                                                  build/obj/testsem.o
                                                  build/obj/testthd.o
                                                  build/obj/test.o
                                                  build/obj/chqueues.o
                                                  build/obj/chmsg.o
                                                  build/obj/chevents.o
                                                  build/obj/chcond.o
                                                  build/obj/chmtx.o
                                                  build/obj/chsem.o
                                                  build/obj/chregistry.o
                                                  build/obj/chthreads.o
                                                  build/obj/chsys.o
                                                  build/obj/chcore_v7m.o
sdIncomingDataI                                   build/obj/serial.o
                                                  build/obj/serial_lld.o
sdInit                                            build/obj/serial.o
                                                  build/obj/hal.o
sdObjectInit                                      build/obj/serial.o
                                                  build/obj/serial_lld.o
sdRequestDataI                                    build/obj/serial.o
sdStart                                           build/obj/serial.o
sdStop                                            build/obj/serial.o
sd_lld_init                                       build/obj/serial_lld.o
                                                  build/obj/serial.o
sd_lld_start                                      build/obj/serial_lld.o
                                                  build/obj/serial.o
sd_lld_stop                                       build/obj/serial_lld.o
                                                  build/obj/serial.o
stm32_clock_init                                  build/obj/hal_lld.o
                                                  build/obj/board.o
test                                              build/obj/test.o
                                                  build/obj/testqueues.o
                                                  build/obj/testdyn.o
                                                  build/obj/testheap.o
                                                  build/obj/testmbox.o
test_cpu_pulse                                    build/obj/test.o
                                                  build/obj/testmtx.o
test_emit_token                                   build/obj/test.o
                                                  build/obj/testqueues.o
                                                  build/obj/testdyn.o
                                                  build/obj/testevt.o
                                                  build/obj/testmbox.o
                                                  build/obj/testmsg.o
                                                  build/obj/testmtx.o
                                                  build/obj/testsem.o
                                                  build/obj/testthd.o
test_print                                        build/obj/test.o
                                                  build/obj/testbmk.o
test_println                                      build/obj/test.o
                                                  build/obj/testbmk.o
test_printn                                       build/obj/test.o
                                                  build/obj/testbmk.o
test_start_timer                                  build/obj/test.o
                                                  build/obj/testbmk.o
test_terminate_threads                            build/obj/test.o
                                                  build/obj/testbmk.o
test_timer_done                                   build/obj/test.o
                                                  build/obj/testbmk.o
test_wait_threads                                 build/obj/test.o
                                                  build/obj/testbmk.o
                                                  build/obj/testqueues.o
                                                  build/obj/testdyn.o
                                                  build/obj/testevt.o
                                                  build/obj/testmtx.o
                                                  build/obj/testsem.o
                                                  build/obj/testthd.o
test_wait_tick                                    build/obj/test.o
                                                  build/obj/testbmk.o
                                                  build/obj/testevt.o
                                                  build/obj/testmtx.o
                                                  build/obj/testsem.o
                                                  build/obj/testthd.o
testbmk1                                          build/obj/testbmk.o
testbmk10                                         build/obj/testbmk.o
testbmk11                                         build/obj/testbmk.o
testbmk12                                         build/obj/testbmk.o
testbmk13                                         build/obj/testbmk.o
testbmk2                                          build/obj/testbmk.o
testbmk3                                          build/obj/testbmk.o
testbmk4                                          build/obj/testbmk.o
testbmk5                                          build/obj/testbmk.o
testbmk6                                          build/obj/testbmk.o
testbmk7                                          build/obj/testbmk.o
testbmk8                                          build/obj/testbmk.o
testbmk9                                          build/obj/testbmk.o
testdyn1                                          build/obj/testdyn.o
testdyn2                                          build/obj/testdyn.o
testdyn3                                          build/obj/testdyn.o
testevt1                                          build/obj/testevt.o
testevt2                                          build/obj/testevt.o
testevt3                                          build/obj/testevt.o
testheap1                                         build/obj/testheap.o
testmbox1                                         build/obj/testmbox.o
testmsg1                                          build/obj/testmsg.o
testmtx1                                          build/obj/testmtx.o
testmtx2                                          build/obj/testmtx.o
testmtx3                                          build/obj/testmtx.o
testmtx4                                          build/obj/testmtx.o
testmtx5                                          build/obj/testmtx.o
testmtx6                                          build/obj/testmtx.o
testmtx7                                          build/obj/testmtx.o
testmtx8                                          build/obj/testmtx.o
testpools1                                        build/obj/testpools.o
testqueues1                                       build/obj/testqueues.o
testqueues2                                       build/obj/testqueues.o
testsem1                                          build/obj/testsem.o
testsem2                                          build/obj/testsem.o
testsem3                                          build/obj/testsem.o
testsem4                                          build/obj/testsem.o
testthd1                                          build/obj/testthd.o
testthd2                                          build/obj/testthd.o
testthd3                                          build/obj/testthd.o
testthd4                                          build/obj/testthd.o
thread4                                           build/obj/testbmk.o
threads                                           build/obj/test.o
                                                  build/obj/testbmk.o
                                                  build/obj/testqueues.o
                                                  build/obj/testdyn.o
                                                  build/obj/testevt.o
                                                  build/obj/testmsg.o
                                                  build/obj/testmtx.o
                                                  build/obj/testsem.o
                                                  build/obj/testthd.o
tmInit                                            build/obj/tm.o
                                                  build/obj/hal.o
tmObjectInit                                      build/obj/tm.o
vtlist                                            build/obj/chvt.o
                                                  build/obj/testevt.o
                                                  build/obj/testmtx.o
                                                  build/obj/testsem.o
                                                  build/obj/testthd.o
                                                  build/obj/test.o
                                                  build/obj/chthreads.o
                                                  build/obj/chsys.o
wa                                                build/obj/test.o
                                                  build/obj/testbmk.o
                                                  build/obj/testqueues.o
                                                  build/obj/testdyn.o
                                                  build/obj/testpools.o
                                                  build/obj/testevt.o
                                                  build/obj/testmsg.o
                                                  build/obj/testmtx.o
                                                  build/obj/testsem.o
                                                  build/obj/testthd.o
